<html>
<body>
<pre>
<h1>�Vision Build Log</h1>
<h2>Tool Versions:</h2>
IDE-Version: ��Vision V5.28.0.0
Copyright (C) 2019 ARM Ltd and ARM Germany GmbH. All rights reserved.
License Information: 1 1581908489@qq.com, 1, LIC=Q7GU5-G88G5-D3JM3-AJUPF-HFE8C-DXIJ8
 
Tool Versions:
Toolchain:       MDK-ARM Professional  Version: 5.28.0.0
Toolchain Path:  D:\Keil_ARM\ARM\ARMCC\Bin
C Compiler:      Armcc.exe V5.06 update 6 (build 750)
Assembler:       Armasm.exe V5.06 update 6 (build 750)
Linker/Locator:  ArmLink.exe V5.06 update 6 (build 750)
Library Manager: ArmAr.exe V5.06 update 6 (build 750)
Hex Converter:   FromElf.exe V5.06 update 6 (build 750)
CPU DLL:         SARMCM3.DLL V5.28.0.0
Dialog DLL:      DCM.DLL V1.17.3.0
Target DLL:      STLink\ST-LINKIII-KEIL_SWO.dll V3.0.6.0
Dialog DLL:      TCM.DLL V1.36.2.0
 
<h2>Project:</h2>
D:\All_Project\Graduation_project\STM32Smart_home_health\Smart_home_health_Keil\Project\Smart_home.uvprojx
Project File Date:  03/06/2025

<h2>Output:</h2>
*** Using Compiler 'V5.06 update 6 (build 750)', folder: 'D:\Keil_ARM\ARM\ARMCC\Bin'
Build target 'Target 1'
compiling app_wifi_task.c...
..\Task\app_wifi_task.c(83): warning:  #870-D: invalid multibyte character sequence
              DEBUG_LOG("Wifi连接/订阅成功,释放信号�? \n");
..\Task\app_wifi_task.c(167): warning:  #870-D: invalid multibyte character sequence
              DEBUG_LOG("wifi_task 温度�?%.2fC 湿度�?%.2f%%\n",
..\Task\app_wifi_task.c(167): warning:  #870-D: invalid multibyte character sequence
              DEBUG_LOG("wifi_task 温度�?%.2fC 湿度�?%.2f%%\n",
..\Task\app_wifi_task.c(183): warning:  #870-D: invalid multibyte character sequence
              DEBUG_LOG("wifi_task 分贝�?:%.2f\n", receiveData_db.db_value);
..\Task\app_wifi_task.c(247): warning:  #870-D: invalid multibyte character sequence
                      DEBUG_LOG("重连失败�?1秒后重试...\n");
..\Task\app_wifi_task.c(265): warning:  #111-D: statement is unreachable
  	DEBUG_LOG("wifi_connect_task 意外退出\n");
..\Task\app_wifi_task.c: 6 warnings, 0 errors
linking...
Program Size: Code=37564 RO-data=3996 RW-data=224 ZI-data=80512  
FromELF: creating hex file...
".\Objects\F205RET6.axf" - 0 Error(s), 6 Warning(s).

<h2>Software Packages used:</h2>

Package Vendor: Keil
                http://www.keil.com/pack/Keil.STM32F2xx_DFP.2.10.0.pack
                Keil.STM32F2xx_DFP.2.10.0
                STMicroelectronics STM32F2 Series Device Support, Drivers and Examples

<h2>Collection of Component include folders:</h2>
  .\RTE\_Target_1
  D:\Keil_ARM\Keil\STM32F2xx_DFP\2.10.0\Drivers\CMSIS\Device\ST\STM32F2xx\Include

<h2>Collection of Component Files used:</h2>
Build Time Elapsed:  00:00:03
</pre>
</body>
</html>
