Component: ARM Compiler 5.06 update 6 (build 750) Tool: armlink [4d35ed]

==============================================================================

Section Cross References

    main.o(i.main) refers to stm32f2xx_hal.o(i.HAL_Init) for HAL_Init
    main.o(i.main) refers to sys.o(i.sys_clock_init) for sys_clock_init
    main.o(i.main) refers to freertos_demo.o(i.freeRTOS_start) for freeRTOS_start
    stm32f2xx_it.o(i.DMA1_Stream5_IRQHandler) refers to stm32f2xx_hal_dma.o(i.HAL_DMA_IRQHandler) for HAL_DMA_IRQHandler
    stm32f2xx_it.o(i.DMA1_Stream5_IRQHandler) refers to bsp_usart_driver.o(.bss) for hdma_usart2_rx
    stm32f2xx_it.o(i.DMA1_Stream6_IRQHandler) refers to stm32f2xx_hal_dma.o(i.HAL_DMA_IRQHandler) for HAL_DMA_IRQHandler
    stm32f2xx_it.o(i.DMA1_Stream6_IRQHandler) refers to bsp_usart_driver.o(.bss) for hdma_usart2_tx
    stm32f2xx_it.o(i.DMA2_Stream5_IRQHandler) refers to stm32f2xx_hal_dma.o(i.HAL_DMA_IRQHandler) for HAL_DMA_IRQHandler
    stm32f2xx_it.o(i.DMA2_Stream5_IRQHandler) refers to bsp_usart_driver.o(.bss) for hdma_usart1_rx
    stm32f2xx_it.o(i.DMA2_Stream7_IRQHandler) refers to stm32f2xx_hal_dma.o(i.HAL_DMA_IRQHandler) for HAL_DMA_IRQHandler
    stm32f2xx_it.o(i.DMA2_Stream7_IRQHandler) refers to bsp_usart_driver.o(.bss) for hdma_usart1_tx
    stm32f2xx_it.o(i.SysTick_Handler) refers to port.o(i.xPortSysTickHandler) for xPortSysTickHandler
    stm32f2xx_it.o(i.TIM4_IRQHandler) refers to stm32f2xx_hal_tim.o(i.HAL_TIM_IRQHandler) for HAL_TIM_IRQHandler
    stm32f2xx_it.o(i.TIM4_IRQHandler) refers to stm32f2xx_hal_timebase_tim.o(.bss) for htim4
    stm32f2xx_it.o(i.USART1_IRQHandler) refers to stm32f2xx_hal_uart.o(i.HAL_UART_IRQHandler) for HAL_UART_IRQHandler
    stm32f2xx_it.o(i.USART1_IRQHandler) refers to bsp_usart_driver.o(.bss) for huart1
    stm32f2xx_it.o(i.USART2_IRQHandler) refers to stm32f2xx_hal_uart.o(i.HAL_UART_IRQHandler) for HAL_UART_IRQHandler
    stm32f2xx_it.o(i.USART2_IRQHandler) refers to bsp_usart_driver.o(.bss) for huart2
    freertos_demo.o(i.freeRTOS_start) refers to tasks.o(i.xTaskCreate) for xTaskCreate
    freertos_demo.o(i.freeRTOS_start) refers to tasks.o(i.vTaskStartScheduler) for vTaskStartScheduler
    freertos_demo.o(i.freeRTOS_start) refers to freertos_demo.o(.data) for start_task_handle
    freertos_demo.o(i.freeRTOS_start) refers to freertos_demo.o(i.start_task) for start_task
    freertos_demo.o(i.start_task) refers to bsp_usart_driver.o(i.debug_usart1_Init) for debug_usart1_Init
    freertos_demo.o(i.start_task) refers to port.o(i.vPortEnterCritical) for vPortEnterCritical
    freertos_demo.o(i.start_task) refers to tasks.o(i.xTaskCreate) for xTaskCreate
    freertos_demo.o(i.start_task) refers to tasks.o(i.vTaskDelay) for vTaskDelay
    freertos_demo.o(i.start_task) refers to tasks.o(i.vTaskDelete) for vTaskDelete
    freertos_demo.o(i.start_task) refers to port.o(i.vPortExitCritical) for vPortExitCritical
    freertos_demo.o(i.start_task) refers to freertos_demo.o(.data) for wifi_task_handle
    freertos_demo.o(i.start_task) refers to app_wifi_task.o(i.wifi_connect_task) for wifi_connect_task
    freertos_demo.o(i.start_task) refers to app_aht20_task.o(i.aht20_task) for aht20_task
    app_wifi_task.o(i.wifi_connect_task) refers to bsp_usart_driver.o(i.wifi_usart2_Init) for wifi_usart2_Init
    app_wifi_task.o(i.wifi_connect_task) refers to bsp_esp8266_driver.o(i.ESP8266_Connect) for ESP8266_Connect
    app_wifi_task.o(i.wifi_connect_task) refers to printfa.o(i.__0printf) for __2printf
    app_wifi_task.o(i.wifi_connect_task) refers to cloud.o(i.Cloud_DevLink) for Cloud_DevLink
    app_wifi_task.o(i.wifi_connect_task) refers to cloud.o(i.Cloud_Subscribe) for Cloud_Subscribe
    app_wifi_task.o(i.wifi_connect_task) refers to bsp_esp8266_driver.o(i.ESP8266_GetIPD) for ESP8266_GetIPD
    app_wifi_task.o(i.wifi_connect_task) refers to cloud.o(i.Cloud_RevPro) for Cloud_RevPro
    app_wifi_task.o(i.wifi_connect_task) refers to tasks.o(i.vTaskDelay) for vTaskDelay
    app_wifi_task.o(i.wifi_connect_task) refers to app_wifi_task.o(.constdata) for .constdata
    app_wifi_task.o(.constdata) refers to app_wifi_task.o(.conststring) for .conststring
    app_aht20_task.o(i.aht20_task) refers to bsp_aht20_driver.o(i.aht20_init) for aht20_init
    app_aht20_task.o(i.aht20_task) refers to bsp_aht20_driver.o(i.aht20_read) for aht20_read
    app_aht20_task.o(i.aht20_task) refers to tasks.o(i.vTaskDelay) for vTaskDelay
    bsp_led_driver.o(i.led_init) refers to memseta.o(.text) for __aeabi_memclr4
    bsp_led_driver.o(i.led_init) refers to stm32f2xx_hal_gpio.o(i.HAL_GPIO_Init) for HAL_GPIO_Init
    bsp_led_driver.o(i.led_toggle) refers to stm32f2xx_hal_gpio.o(i.HAL_GPIO_TogglePin) for HAL_GPIO_TogglePin
    sys.o(i.HAL_TIM_PeriodElapsedCallback) refers to stm32f2xx_hal.o(i.HAL_IncTick) for HAL_IncTick
    sys.o(i.sys_clock_init) refers to stm32f2xx_hal_rcc.o(i.HAL_RCC_OscConfig) for HAL_RCC_OscConfig
[...]
    i.aht20_task                             0x080057ac   Section        0  app_aht20_task.o(i.aht20_task)
    i.cJSON_Delete                           0x080057c8   Section        0  cjson.o(i.cJSON_Delete)
    i.cJSON_GetErrorPtr                      0x08005820   Section        0  cjson.o(i.cJSON_GetErrorPtr)
    i.cJSON_New_Item                         0x0800582c   Section        0  cjson.o(i.cJSON_New_Item)
    cJSON_New_Item                           0x0800582d   Thumb Code    26  cjson.o(i.cJSON_New_Item)
    i.cJSON_Parse                            0x0800584c   Section        0  cjson.o(i.cJSON_Parse)
    i.cJSON_ParseWithOpts                    0x0800585c   Section        0  cjson.o(i.cJSON_ParseWithOpts)
    i.debug_usart1_Init                      0x080058c0   Section        0  bsp_usart_driver.o(i.debug_usart1_Init)
    i.fputc                                  0x08005a4c   Section        0  bsp_usart_driver.o(i.fputc)
    i.free                                   0x08005a68   Section        0  malloc.o(i.free)
    i.freeRTOS_start                         0x08005ab8   Section        0  freertos_demo.o(i.freeRTOS_start)
    i.main                                   0x08005ae8   Section        0  main.o(i.main)
    i.malloc                                 0x08005af8   Section        0  malloc.o(i.malloc)
    i.parse_array                            0x08005b64   Section        0  cjson.o(i.parse_array)
    parse_array                              0x08005b65   Thumb Code   166  cjson.o(i.parse_array)
    i.parse_hex4                             0x08005c10   Section        0  cjson.o(i.parse_hex4)
    parse_hex4                               0x08005c11   Thumb Code   276  cjson.o(i.parse_hex4)
    i.parse_number                           0x08005d24   Section        0  cjson.o(i.parse_number)
    parse_number                             0x08005d25   Thumb Code   432  cjson.o(i.parse_number)
    i.parse_object                           0x08005ee0   Section        0  cjson.o(i.parse_object)
    parse_object                             0x08005ee1   Thumb Code   270  cjson.o(i.parse_object)
    i.parse_string                           0x08005ff4   Section        0  cjson.o(i.parse_string)
    parse_string                             0x08005ff5   Thumb Code   448  cjson.o(i.parse_string)
    i.parse_value                            0x080061c0   Section        0  cjson.o(i.parse_value)
    parse_value                              0x080061c1   Thumb Code   158  cjson.o(i.parse_value)
    i.pow                                    0x0800627c   Section        0  pow.o(i.pow)
    i.prvAddCurrentTaskToDelayedList         0x08006c54   Section        0  tasks.o(i.prvAddCurrentTaskToDelayedList)
    prvAddCurrentTaskToDelayedList           0x08006c55   Thumb Code   164  tasks.o(i.prvAddCurrentTaskToDelayedList)
    i.prvAddNewTaskToReadyList               0x08006d14   Section        0  tasks.o(i.prvAddNewTaskToReadyList)
    prvAddNewTaskToReadyList                 0x08006d15   Thumb Code   206  tasks.o(i.prvAddNewTaskToReadyList)
    i.prvCheckTasksWaitingTermination        0x08006e00   Section        0  tasks.o(i.prvCheckTasksWaitingTermination)
    prvCheckTasksWaitingTermination          0x08006e01   Thumb Code    60  tasks.o(i.prvCheckTasksWaitingTermination)
    i.prvDeleteTCB                           0x08006e48   Section        0  tasks.o(i.prvDeleteTCB)
    prvDeleteTCB                             0x08006e49   Thumb Code    18  tasks.o(i.prvDeleteTCB)
    i.prvHeapInit                            0x08006e5c   Section        0  heap_4.o(i.prvHeapInit)
    prvHeapInit                              0x08006e5d   Thumb Code    90  heap_4.o(i.prvHeapInit)
    i.prvIdleTask                            0x08006ecc   Section        0  tasks.o(i.prvIdleTask)
    prvIdleTask                              0x08006ecd   Thumb Code    32  tasks.o(i.prvIdleTask)
    i.prvInitialiseNewTask                   0x08006ef4   Section        0  tasks.o(i.prvInitialiseNewTask)
    prvInitialiseNewTask                     0x08006ef5   Thumb Code   136  tasks.o(i.prvInitialiseNewTask)
    i.prvInitialiseTaskLists                 0x08006f7c   Section        0  tasks.o(i.prvInitialiseTaskLists)
    prvInitialiseTaskLists                   0x08006f7d   Thumb Code    70  tasks.o(i.prvInitialiseTaskLists)
    i.prvInsertBlockIntoFreeList             0x08006fe4   Section        0  heap_4.o(i.prvInsertBlockIntoFreeList)
    prvInsertBlockIntoFreeList               0x08006fe5   Thumb Code    96  heap_4.o(i.prvInsertBlockIntoFreeList)
    i.prvResetNextTaskUnblockTime            0x0800704c   Section        0  tasks.o(i.prvResetNextTaskUnblockTime)
    prvResetNextTaskUnblockTime              0x0800704d   Thumb Code    40  tasks.o(i.prvResetNextTaskUnblockTime)
    i.prvTaskExitError                       0x0800707c   Section        0  port.o(i.prvTaskExitError)
    prvTaskExitError                         0x0800707d   Thumb Code    22  port.o(i.prvTaskExitError)
    i.pvPortMalloc                           0x08007094   Section        0  heap_4.o(i.pvPortMalloc)
    i.pxPortInitialiseStack                  0x08007178   Section        0  port.o(i.pxPortInitialiseStack)
    i.skip                                   0x0800719c   Section        0  cjson.o(i.skip)
    skip                                     0x0800719d   Thumb Code    18  cjson.o(i.skip)
    i.sqrt                                   0x080071ae   Section        0  sqrt.o(i.sqrt)
    i.start_task                             0x080071fc   Section        0  freertos_demo.o(i.start_task)
    i.sys_clock_init                         0x08007270   Section        0  sys.o(i.sys_clock_init)
    i.uxListRemove                           0x080072ce   Section        0  list.o(i.uxListRemove)
    i.vListInitialise                        0x080072f6   Section        0  list.o(i.vListInitialise)
    i.vListInitialiseItem                    0x08007310   Section        0  list.o(i.vListInitialiseItem)
    i.vListInsert                            0x08007316   Section        0  list.o(i.vListInsert)
    i.vListInsertEnd                         0x0800734a   Section        0  list.o(i.vListInsertEnd)
    i.vPortEnterCritical                     0x08007364   Section        0  port.o(i.vPortEnterCritical)
    i.vPortExitCritical                      0x08007388   Section        0  port.o(i.vPortExitCritical)
    i.vPortFree                              0x080073a8   Section        0  heap_4.o(i.vPortFree)
    i.vPortSetupTimerInterrupt               0x080073f4   Section        0  port.o(i.vPortSetupTimerInterrupt)
    i.vTaskDelay                             0x0800740c   Section        0  tasks.o(i.vTaskDelay)
    i.vTaskDelete                            0x08007440   Section        0  tasks.o(i.vTaskDelete)
    i.vTaskStartScheduler                    0x08007514   Section        0  tasks.o(i.vTaskStartScheduler)
    i.vTaskSuspendAll                        0x08007580   Section        0  tasks.o(i.vTaskSuspendAll)
    i.vTaskSwitchContext                     0x08007590   Section        0  tasks.o(i.vTaskSwitchContext)
    i.wifi_connect_task                      0x080075f0   Section        0  app_wifi_task.o(i.wifi_connect_task)
    i.wifi_usart2_Init                       0x08007688   Section        0  bsp_usart_driver.o(i.wifi_usart2_Init)
    i.wifi_usart2_Receive                    0x080077f4   Section        0  bsp_usart_driver.o(i.wifi_usart2_Receive)
    i.wifi_usart2_Send                       0x0800780c   Section        0  bsp_usart_driver.o(i.wifi_usart2_Send)
    i.xPortStartScheduler                    0x08007824   Section        0  port.o(i.xPortStartScheduler)
    i.xPortSysTickHandler                    0x08007858   Section        0  port.o(i.xPortSysTickHandler)
    i.xTaskCreate                            0x0800788c   Section        0  tasks.o(i.xTaskCreate)
    i.xTaskGetTickCount                      0x080078f4   Section        0  tasks.o(i.xTaskGetTickCount)
    i.xTaskIncrementTick                     0x08007900   Section        0  tasks.o(i.xTaskIncrementTick)
    i.xTaskResumeAll                         0x08007a90   Section        0  tasks.o(i.xTaskResumeAll)
    .constdata                               0x08007bec   Section        4  app_wifi_task.o(.constdata)
    .constdata                               0x08007bf0   Section        7  cjson.o(.constdata)
    firstByteMark                            0x08007bf0   Data           7  cjson.o(.constdata)
    .constdata                               0x08007bf7   Section       24  system_stm32f2xx.o(.constdata)
    .constdata                               0x08007c0f   Section        8  stm32f2xx_hal_dma.o(.constdata)
    flagBitshiftOffset                       0x08007c0f   Data           8  stm32f2xx_hal_dma.o(.constdata)
    .constdata                               0x08007c18   Section      136  pow.o(.constdata)
    bp                                       0x08007c18   Data          16  pow.o(.constdata)
    dp_h                                     0x08007c28   Data          16  pow.o(.constdata)
    dp_l                                     0x08007c38   Data          16  pow.o(.constdata)
    L                                        0x08007c48   Data          48  pow.o(.constdata)
    P                                        0x08007c78   Data          40  pow.o(.constdata)
    .constdata                               0x08007ca0   Section        8  qnan.o(.constdata)
    .constdata                               0x08007ca8   Section      129  ctype_o.o(.constdata)
    .constdata                               0x08007d2c   Section        4  ctype_o.o(.constdata)
    table                                    0x08007d2c   Data           4  ctype_o.o(.constdata)
    .conststring                             0x08007d30   Section        8  app_wifi_task.o(.conststring)
    .data                                    0x20000000   Section       12  freertos_demo.o(.data)
    .data                                    0x2000000c   Section        8  bsp_esp8266_driver.o(.data)
    lastTick                                 0x20000010   Data           4  bsp_esp8266_driver.o(.data)
    .data                                    0x20000014   Section        2  cloud.o(.data)
    pkt_id                                   0x20000014   Data           2  cloud.o(.data)
    .data                                    0x20000018   Section       12  cjson.o(.data)
    ep                                       0x20000018   Data           4  cjson.o(.data)
    cJSON_malloc                             0x2000001c   Data           4  cjson.o(.data)
    cJSON_free                               0x20000020   Data           4  cjson.o(.data)
    .data                                    0x20000024   Section        4  system_stm32f2xx.o(.data)
    .data                                    0x20000028   Section       28  heap_4.o(.data)
    xStart                                   0x20000028   Data           8  heap_4.o(.data)
    pxEnd                                    0x20000030   Data           4  heap_4.o(.data)
    xFreeBytesRemaining                      0x20000034   Data           4  heap_4.o(.data)
    xMinimumEverFreeBytesRemaining           0x20000038   Data           4  heap_4.o(.data)
    xNumberOfSuccessfulAllocations           0x2000003c   Data           4  heap_4.o(.data)
    xNumberOfSuccessfulFrees                 0x20000040   Data           4  heap_4.o(.data)
    .data                                    0x20000044   Section        4  port.o(.data)
    uxCriticalNesting                        0x20000044   Data           4  port.o(.data)
    .data                                    0x20000048   Section       64  tasks.o(.data)
    pxDelayedTaskList                        0x2000004c   Data           4  tasks.o(.data)
    pxOverflowDelayedTaskList                0x20000050   Data           4  tasks.o(.data)
    uxDeletedTasksWaitingCleanUp             0x20000054   Data           4  tasks.o(.data)
    uxCurrentNumberOfTasks                   0x20000058   Data           4  tasks.o(.data)
    xTickCount                               0x2000005c   Data           4  tasks.o(.data)
    uxTopReadyPriority                       0x20000060   Data           4  tasks.o(.data)
    xSchedulerRunning                        0x20000064   Data           4  tasks.o(.data)
    xPendedTicks                             0x20000068   Data           4  tasks.o(.data)
    xYieldPending                            0x2000006c   Data           4  tasks.o(.data)
    xNumOfOverflows                          0x20000070   Data           4  tasks.o(.data)
    uxTaskNumber                             0x20000074   Data           4  tasks.o(.data)
    xNextTaskUnblockTime                     0x20000078   Data           4  tasks.o(.data)
    xIdleTaskHandle                          0x2000007c   Data           4  tasks.o(.data)
    uxSchedulerSuspended                     0x20000084   Data           4  tasks.o(.data)
    .data                                    0x20000088   Section        9  stm32f2xx_hal.o(.data)
    .data                                    0x20000094   Section        4  stdout.o(.data)
    .data                                    0x20000098   Section        4  mvars.o(.data)
    .data                                    0x2000009c   Section        4  mvars.o(.data)
    .data                                    0x200000a0   Section        4  errno.o(.data)
    _errno                                   0x200000a0   Data           4  errno.o(.data)
    .bss                                     0x200000a4   Section      528  bsp_usart_driver.o(.bss)
    .bss                                     0x200002b4   Section      256  bsp_esp8266_driver.o(.bss)
    .bss                                     0x200003b4   Section       84  bsp_aht20_driver.o(.bss)
    .bss                                     0x20000408   Section    76800  heap_4.o(.bss)
    ucHeap                                   0x20000408   Data       76800  heap_4.o(.bss)
    .bss                                     0x20013008   Section      200  tasks.o(.bss)
    pxReadyTasksLists                        0x20013008   Data         100  tasks.o(.bss)
    xDelayedTaskList1                        0x2001306c   Data          20  tasks.o(.bss)
    xDelayedTaskList2                        0x20013080   Data          20  tasks.o(.bss)
    xPendingReadyList                        0x20013094   Data          20  tasks.o(.bss)
    xTasksWaitingTermination                 0x200130a8   Data          20  tasks.o(.bss)
    xSuspendedTaskList                       0x200130bc   Data          20  tasks.o(.bss)
    .bss                                     0x200130d0   Section       72  stm32f2xx_hal_timebase_tim.o(.bss)
    HEAP                                     0x20013118   Section      512  startup_stm32f205xx.o(HEAP)
    STACK                                    0x20013318   Section     1024  startup_stm32f205xx.o(STACK)

    Global Symbols

    Symbol Name                              Value     Ov Type        Size  Object(Section)

    BuildAttributes$$THM_ISAv4$P$D$K$B$S$PE$A:L22UL41UL21$X:L11$S22US41US21$IEEE1$IW$USESV6$~STKCKD$USESV7$~SHL$OTIME$ROPI$IEEEX$EBA8$MICROLIB$REQ8$PRES8$EABIv2 0x00000000   Number         0  anon$$obj.o ABSOLUTE
    __ARM_use_no_argv                        0x00000000   Number         0  main.o ABSOLUTE
    _printf_a                                0x00000000   Number         0  stubs.o ABSOLUTE
    _printf_c                                0x00000000   Number         0  stubs.o ABSOLUTE
    _printf_charcount                        0x00000000   Number         0  stubs.o ABSOLUTE
    _printf_d                                0x00000000   Number         0  stubs.o ABSOLUTE
    _printf_e                                0x00000000   Number         0  stubs.o ABSOLUTE
    _printf_f                                0x00000000   Number         0  stubs.o ABSOLUTE
    _printf_flags                            0x00000000   Number         0  stubs.o ABSOLUTE
    _printf_fp_dec                           0x00000000   Number         0  stubs.o ABSOLUTE
    _printf_fp_hex                           0x00000000   Number         0  stubs.o ABSOLUTE
    _printf_g                                0x00000000   Number         0  stubs.o ABSOLUTE
    _printf_i                                0x00000000   Number         0  stubs.o ABSOLUTE
    _printf_int_dec                          0x00000000   Number         0  stubs.o ABSOLUTE
    _printf_l                                0x00000000   Number         0  stubs.o ABSOLUTE
    _printf_lc                               0x00000000   Number         0  stubs.o ABSOLUTE
    _printf_ll                               0x00000000   Number         0  stubs.o ABSOLUTE
    _printf_lld                              0x00000000   Number         0  stubs.o ABSOLUTE
    _printf_lli                              0x00000000   Number         0  stubs.o ABSOLUTE
    _printf_llo                              0x00000000   Number         0  stubs.o ABSOLUTE
    _printf_llu                              0x00000000   Number         0  stubs.o ABSOLUTE
    _printf_llx                              0x00000000   Number         0  stubs.o ABSOLUTE
    _printf_longlong_dec                     0x00000000   Number         0  stubs.o ABSOLUTE
    _printf_longlong_hex                     0x00000000   Number         0  stubs.o ABSOLUTE
    _printf_longlong_oct                     0x00000000   Number         0  stubs.o ABSOLUTE
    _printf_ls                               0x00000000   Number         0  stubs.o ABSOLUTE
    _printf_mbtowc                           0x00000000   Number         0  stubs.o ABSOLUTE
    _printf_n                                0x00000000   Number         0  stubs.o ABSOLUTE
    _printf_o                                0x00000000   Number         0  stubs.o ABSOLUTE
    _printf_p                                0x00000000   Number         0  stubs.o ABSOLUTE
    _printf_percent                          0x00000000   Number         0  stubs.o ABSOLUTE
    _printf_pre_padding                      0x00000000   Number         0  stubs.o ABSOLUTE
    _printf_return_value                     0x00000000   Number         0  stubs.o ABSOLUTE
    _printf_s                                0x00000000   Number         0  stubs.o ABSOLUTE
    _printf_sizespec                         0x00000000   Number         0  stubs.o ABSOLUTE
    _printf_str                              0x00000000   Number         0  stubs.o ABSOLUTE
    _printf_truncate_signed                  0x00000000   Number         0  stubs.o ABSOLUTE
    _printf_truncate_unsigned                0x00000000   Number         0  stubs.o ABSOLUTE
    _printf_u                                0x00000000   Number         0  stubs.o ABSOLUTE
    _printf_wc                               0x00000000   Number         0  stubs.o ABSOLUTE
    _printf_wctomb                           0x00000000   Number         0  stubs.o ABSOLUTE
    _printf_widthprec                        0x00000000   Number         0  stubs.o ABSOLUTE
    _printf_x                                0x00000000   Number         0  stubs.o ABSOLUTE
    __cpp_initialize__aeabi_                  - Undefined Weak Reference
    __cxa_finalize                            - Undefined Weak Reference
    __decompress                              - Undefined Weak Reference
    _clock_init                               - Undefined Weak Reference
    _microlib_exit                            - Undefined Weak Reference
    __Vectors_Size                           0x00000184   Number         0  startup_stm32f205xx.o ABSOLUTE
    __Vectors                                0x08000000   Data           4  startup_stm32f205xx.o(RESET)
    __Vectors_End                            0x08000184   Data           0  startup_stm32f205xx.o(RESET)
    __main                                   0x08000185   Thumb Code     0  entry.o(.ARM.Collect$$$$00000000)
    _main_stk                                0x08000185   Thumb Code     0  entry2.o(.ARM.Collect$$$$00000001)
    _main_scatterload                        0x08000189   Thumb Code     0  entry5.o(.ARM.Collect$$$$00000004)
    __main_after_scatterload                 0x0800018d   Thumb Code     0  entry5.o(.ARM.Collect$$$$00000004)
    _main_clock                              0x0800018d   Thumb Code     0  entry7b.o(.ARM.Collect$$$$00000008)
    _main_cpp_init                           0x0800018d   Thumb Code     0  entry8b.o(.ARM.Collect$$$$0000000A)
    _main_init                               0x0800018d   Thumb Code     0  entry9a.o(.ARM.Collect$$$$0000000B)
    __rt_final_cpp                           0x08000195   Thumb Code     0  entry10a.o(.ARM.Collect$$$$0000000D)
    __rt_final_exit                          0x08000195   Thumb Code     0  entry11a.o(.ARM.Collect$$$$0000000F)
    SVC_Handler                              0x08000199   Thumb Code    32  port.o(.emb_text)
    __asm___6_port_c_39a90d8d__prvStartFirstTask 0x080001bd   Thumb Code    28  port.o(.emb_text)
    PendSV_Handler                           0x080001dd   Thumb Code    72  port.o(.emb_text)
    vPortGetIPSR                             0x08000229   Thumb Code     6  port.o(.emb_text)
    Reset_Handler                            0x08000231   Thumb Code     8  startup_stm32f205xx.o(.text)
    ADC_IRQHandler                           0x0800024b   Thumb Code     0  startup_stm32f205xx.o(.text)
    CAN1_RX0_IRQHandler                      0x0800024b   Thumb Code     0  startup_stm32f205xx.o(.text)
    CAN1_RX1_IRQHandler                      0x0800024b   Thumb Code     0  startup_stm32f205xx.o(.text)
    CAN1_SCE_IRQHandler                      0x0800024b   Thumb Code     0  startup_stm32f205xx.o(.text)
    CAN1_TX_IRQHandler                       0x0800024b   Thumb Code     0  startup_stm32f205xx.o(.text)
    CAN2_RX0_IRQHandler                      0x0800024b   Thumb Code     0  startup_stm32f205xx.o(.text)
    CAN2_RX1_IRQHandler                      0x0800024b   Thumb Code     0  startup_stm32f205xx.o(.text)
    CAN2_SCE_IRQHandler                      0x0800024b   Thumb Code     0  startup_stm32f205xx.o(.text)
    CAN2_TX_IRQHandler                       0x0800024b   Thumb Code     0  startup_stm32f205xx.o(.text)
    DMA1_Stream0_IRQHandler                  0x0800024b   Thumb Code     0  startup_stm32f205xx.o(.text)
    DMA1_Stream1_IRQHandler                  0x0800024b   Thumb Code     0  startup_stm32f205xx.o(.text)
    DMA1_Stream2_IRQHandler                  0x0800024b   Thumb Code     0  startup_stm32f205xx.o(.text)
    DMA1_Stream3_IRQHandler                  0x0800024b   Thumb Code     0  startup_stm32f205xx.o(.text)
    DMA1_Stream4_IRQHandler                  0x0800024b   Thumb Code     0  startup_stm32f205xx.o(.text)
    DMA1_Stream7_IRQHandler                  0x0800024b   Thumb Code     0  startup_stm32f205xx.o(.text)
    DMA2_Stream0_IRQHandler                  0x0800024b   Thumb Code     0  startup_stm32f205xx.o(.text)
    DMA2_Stream1_IRQHandler                  0x0800024b   Thumb Code     0  startup_stm32f205xx.o(.text)
    DMA2_Stream2_IRQHandler                  0x0800024b   Thumb Code     0  startup_stm32f205xx.o(.text)
    DMA2_Stream3_IRQHandler                  0x0800024b   Thumb Code     0  startup_stm32f205xx.o(.text)
    DMA2_Stream4_IRQHandler                  0x0800024b   Thumb Code     0  startup_stm32f205xx.o(.text)
    DMA2_Stream6_IRQHandler                  0x0800024b   Thumb Code     0  startup_stm32f205xx.o(.text)
    EXTI0_IRQHandler                         0x0800024b   Thumb Code     0  startup_stm32f205xx.o(.text)
    EXTI15_10_IRQHandler                     0x0800024b   Thumb Code     0  startup_stm32f205xx.o(.text)
    EXTI1_IRQHandler                         0x0800024b   Thumb Code     0  startup_stm32f205xx.o(.text)
    EXTI2_IRQHandler                         0x0800024b   Thumb Code     0  startup_stm32f205xx.o(.text)
    EXTI3_IRQHandler                         0x0800024b   Thumb Code     0  startup_stm32f205xx.o(.text)
    EXTI4_IRQHandler                         0x0800024b   Thumb Code     0  startup_stm32f205xx.o(.text)
    EXTI9_5_IRQHandler                       0x0800024b   Thumb Code     0  startup_stm32f205xx.o(.text)
    FLASH_IRQHandler                         0x0800024b   Thumb Code     0  startup_stm32f205xx.o(.text)
    FSMC_IRQHandler                          0x0800024b   Thumb Code     0  startup_stm32f205xx.o(.text)
    HASH_RNG_IRQHandler                      0x0800024b   Thumb Code     0  startup_stm32f205xx.o(.text)
    I2C1_ER_IRQHandler                       0x0800024b   Thumb Code     0  startup_stm32f205xx.o(.text)
    I2C1_EV_IRQHandler                       0x0800024b   Thumb Code     0  startup_stm32f205xx.o(.text)
    I2C2_ER_IRQHandler                       0x0800024b   Thumb Code     0  startup_stm32f205xx.o(.text)
    I2C2_EV_IRQHandler                       0x0800024b   Thumb Code     0  startup_stm32f205xx.o(.text)
    I2C3_ER_IRQHandler                       0x0800024b   Thumb Code     0  startup_stm32f205xx.o(.text)
    I2C3_EV_IRQHandler                       0x0800024b   Thumb Code     0  startup_stm32f205xx.o(.text)
    OTG_FS_IRQHandler                        0x0800024b   Thumb Code     0  startup_stm32f205xx.o(.text)
    OTG_FS_WKUP_IRQHandler                   0x0800024b   Thumb Code     0  startup_stm32f205xx.o(.text)
    OTG_HS_EP1_IN_IRQHandler                 0x0800024b   Thumb Code     0  startup_stm32f205xx.o(.text)
    OTG_HS_EP1_OUT_IRQHandler                0x0800024b   Thumb Code     0  startup_stm32f205xx.o(.text)
    OTG_HS_IRQHandler                        0x0800024b   Thumb Code     0  startup_stm32f205xx.o(.text)
    OTG_HS_WKUP_IRQHandler                   0x0800024b   Thumb Code     0  startup_stm32f205xx.o(.text)
    PVD_IRQHandler                           0x0800024b   Thumb Code     0  startup_stm32f205xx.o(.text)
    RCC_IRQHandler                           0x0800024b   Thumb Code     0  startup_stm32f205xx.o(.text)
    RTC_Alarm_IRQHandler                     0x0800024b   Thumb Code     0  startup_stm32f205xx.o(.text)
    RTC_WKUP_IRQHandler                      0x0800024b   Thumb Code     0  startup_stm32f205xx.o(.text)
    SDIO_IRQHandler                          0x0800024b   Thumb Code     0  startup_stm32f205xx.o(.text)
    SPI1_IRQHandler                          0x0800024b   Thumb Code     0  startup_stm32f205xx.o(.text)
    SPI2_IRQHandler                          0x0800024b   Thumb Code     0  startup_stm32f205xx.o(.text)
    SPI3_IRQHandler                          0x0800024b   Thumb Code     0  startup_stm32f205xx.o(.text)
    TAMP_STAMP_IRQHandler                    0x0800024b   Thumb Code     0  startup_stm32f205xx.o(.text)
    TIM1_BRK_TIM9_IRQHandler                 0x0800024b   Thumb Code     0  startup_stm32f205xx.o(.text)
    TIM1_CC_IRQHandler                       0x0800024b   Thumb Code     0  startup_stm32f205xx.o(.text)
    TIM1_TRG_COM_TIM11_IRQHandler            0x0800024b   Thumb Code     0  startup_stm32f205xx.o(.text)
    TIM1_UP_TIM10_IRQHandler                 0x0800024b   Thumb Code     0  startup_stm32f205xx.o(.text)
    TIM2_IRQHandler                          0x0800024b   Thumb Code     0  startup_stm32f205xx.o(.text)
    TIM3_IRQHandler                          0x0800024b   Thumb Code     0  startup_stm32f205xx.o(.text)
    TIM5_IRQHandler                          0x0800024b   Thumb Code     0  startup_stm32f205xx.o(.text)
    TIM6_DAC_IRQHandler                      0x0800024b   Thumb Code     0  startup_stm32f205xx.o(.text)
    TIM7_IRQHandler                          0x0800024b   Thumb Code     0  startup_stm32f205xx.o(.text)
    TIM8_BRK_TIM12_IRQHandler                0x0800024b   Thumb Code     0  startup_stm32f205xx.o(.text)
    TIM8_CC_IRQHandler                       0x0800024b   Thumb Code     0  startup_stm32f205xx.o(.text)
    TIM8_TRG_COM_TIM14_IRQHandler            0x0800024b   Thumb Code     0  startup_stm32f205xx.o(.text)
    TIM8_UP_TIM13_IRQHandler                 0x0800024b   Thumb Code     0  startup_stm32f205xx.o(.text)
    UART4_IRQHandler                         0x0800024b   Thumb Code     0  startup_stm32f205xx.o(.text)
    UART5_IRQHandler                         0x0800024b   Thumb Code     0  startup_stm32f205xx.o(.text)
    USART3_IRQHandler                        0x0800024b   Thumb Code     0  startup_stm32f205xx.o(.text)
    USART6_IRQHandler                        0x0800024b   Thumb Code     0  startup_stm32f205xx.o(.text)
    WWDG_IRQHandler                          0x0800024b   Thumb Code     0  startup_stm32f205xx.o(.text)
    __aeabi_uldivmod                         0x08000255   Thumb Code    98  uldiv.o(.text)
    __aeabi_memcpy                           0x080002b7   Thumb Code    36  memcpya.o(.text)
    __aeabi_memcpy4                          0x080002b7   Thumb Code     0  memcpya.o(.text)
    __aeabi_memcpy8                          0x080002b7   Thumb Code     0  memcpya.o(.text)
    __aeabi_memset                           0x080002db   Thumb Code    14  memseta.o(.text)
    __aeabi_memset4                          0x080002db   Thumb Code     0  memseta.o(.text)
    __aeabi_memset8                          0x080002db   Thumb Code     0  memseta.o(.text)
    __aeabi_memclr                           0x080002e9   Thumb Code     4  memseta.o(.text)
    __aeabi_memclr4                          0x080002e9   Thumb Code     0  memseta.o(.text)
    __aeabi_memclr8                          0x080002e9   Thumb Code     0  memseta.o(.text)
    _memset$wrapper                          0x080002ed   Thumb Code    18  memseta.o(.text)
    strstr                                   0x080002ff   Thumb Code    36  strstr.o(.text)
    strchr                                   0x08000323   Thumb Code    20  strchr.o(.text)
    strlen                                   0x08000337   Thumb Code    14  strlen.o(.text)
    strncat                                  0x08000345   Thumb Code    40  strncat.o(.text)
    strncmp                                  0x0800036d   Thumb Code    30  strncmp.o(.text)
    atoi                                     0x0800038b   Thumb Code    26  atoi.o(.text)
    __aeabi_fadd                             0x080003a5   Thumb Code   164  fadd.o(.text)
    __aeabi_fsub                             0x08000449   Thumb Code     6  fadd.o(.text)
    __aeabi_frsub                            0x0800044f   Thumb Code     6  fadd.o(.text)
    __aeabi_fmul                             0x08000455   Thumb Code   100  fmul.o(.text)
    __aeabi_fdiv                             0x080004b9   Thumb Code   124  fdiv.o(.text)
    __aeabi_dadd                             0x08000535   Thumb Code   322  dadd.o(.text)
    __aeabi_dsub                             0x08000677   Thumb Code     6  dadd.o(.text)
    __aeabi_drsub                            0x0800067d   Thumb Code     6  dadd.o(.text)
    __aeabi_dmul                             0x08000683   Thumb Code   228  dmul.o(.text)
    __aeabi_ui2f                             0x08000767   Thumb Code    10  ffltui.o(.text)
    __aeabi_i2d                              0x08000771   Thumb Code    34  dflti.o(.text)
    __aeabi_d2iz                             0x08000793   Thumb Code    62  dfixi.o(.text)
    __aeabi_cdrcmple                         0x080007d1   Thumb Code    48  cdrcmple.o(.text)
    __aeabi_uidiv                            0x08000801   Thumb Code     0  uidiv.o(.text)
    __aeabi_uidivmod                         0x08000801   Thumb Code    44  uidiv.o(.text)
    __aeabi_llsl                             0x0800082d   Thumb Code    30  llshl.o(.text)
    _ll_shift_l                              0x0800082d   Thumb Code     0  llshl.o(.text)
    __aeabi_llsr                             0x0800084b   Thumb Code    32  llushr.o(.text)
    _ll_ushift_r                             0x0800084b   Thumb Code     0  llushr.o(.text)
    __aeabi_lasr                             0x0800086b   Thumb Code    36  llsshr.o(.text)
    _ll_sshift_r                             0x0800086b   Thumb Code     0  llsshr.o(.text)
    strtol                                   0x0800088f   Thumb Code   112  strtol.o(.text)
    __I$use$fp                               0x080008ff   Thumb Code     0  iusefp.o(.text)
    _float_round                             0x080008ff   Thumb Code    18  fepilogue.o(.text)
    _float_epilogue                          0x08000911   Thumb Code    92  fepilogue.o(.text)
    _double_round                            0x0800096d   Thumb Code    30  depilogue.o(.text)
    _double_epilogue                         0x0800098b   Thumb Code   156  depilogue.o(.text)
    __aeabi_ddiv                             0x08000a27   Thumb Code   222  ddiv.o(.text)
    __ARM_scalbn                             0x08000b05   Thumb Code    46  dscalb.o(.text)
    scalbn                                   0x08000b05   Thumb Code     0  dscalb.o(.text)
    __aeabi_d2ulz                            0x08000b33   Thumb Code    48  dfixul.o(.text)
    __scatterload                            0x08000b65   Thumb Code    28  init.o(.text)
    __scatterload_rt2                        0x08000b65   Thumb Code     0  init.o(.text)
    __rt_ctype_table                         0x08000b89   Thumb Code     4  ctype_o.o(.text)
    _strtoul                                 0x08000b91   Thumb Code   158  _strtoul.o(.text)
    _dsqrt                                   0x08000c2f   Thumb Code   162  dsqrt.o(.text)
    _chval                                   0x08000cd1   Thumb Code    28  _chval.o(.text)
    BusFault_Handler                         0x08000ced   Thumb Code     4  stm32f2xx_it.o(i.BusFault_Handler)
    Cloud_DevLink                            0x08000cf1   Thumb Code   192  cloud.o(i.Cloud_DevLink)
    Cloud_RevPro                             0x08000f25   Thumb Code   470  cloud.o(i.Cloud_RevPro)
    Cloud_Subscribe                          0x08001285   Thumb Code    84  cloud.o(i.Cloud_Subscribe)
    DMA1_Stream5_IRQHandler                  0x080012f1   Thumb Code    10  stm32f2xx_it.o(i.DMA1_Stream5_IRQHandler)
    DMA1_Stream6_IRQHandler                  0x08001301   Thumb Code    10  stm32f2xx_it.o(i.DMA1_Stream6_IRQHandler)
    DMA2_Stream5_IRQHandler                  0x08001311   Thumb Code    10  stm32f2xx_it.o(i.DMA2_Stream5_IRQHandler)
    DMA2_Stream7_IRQHandler                  0x08001321   Thumb Code    10  stm32f2xx_it.o(i.DMA2_Stream7_IRQHandler)
    DebugMon_Handler                         0x0800143b   Thumb Code     2  stm32f2xx_it.o(i.DebugMon_Handler)
    ESP8266_Clear                            0x0800143d   Thumb Code    20  bsp_esp8266_driver.o(i.ESP8266_Clear)
    ESP8266_Connect                          0x08001459   Thumb Code   208  bsp_esp8266_driver.o(i.ESP8266_Connect)
    ESP8266_GetIPD                           0x08001639   Thumb Code    74  bsp_esp8266_driver.o(i.ESP8266_GetIPD)
    ESP8266_SendCmd                          0x080016a1   Thumb Code    90  bsp_esp8266_driver.o(i.ESP8266_SendCmd)
    ESP8266_SendData                         0x0800170d   Thumb Code    62  bsp_esp8266_driver.o(i.ESP8266_SendData)
    ESP8266_WaitReceive                      0x08001761   Thumb Code    72  bsp_esp8266_driver.o(i.ESP8266_WaitReceive)
    HAL_DMA_Abort                            0x080017b5   Thumb Code   172  stm32f2xx_hal_dma.o(i.HAL_DMA_Abort)
    HAL_DMA_Abort_IT                         0x08001861   Thumb Code    40  stm32f2xx_hal_dma.o(i.HAL_DMA_Abort_IT)
    HAL_DMA_IRQHandler                       0x08001889   Thumb Code   570  stm32f2xx_hal_dma.o(i.HAL_DMA_IRQHandler)
    HAL_DMA_Init                             0x08001ac9   Thumb Code   232  stm32f2xx_hal_dma.o(i.HAL_DMA_Init)
    HAL_DMA_Start_IT                         0x08001bb5   Thumb Code   146  stm32f2xx_hal_dma.o(i.HAL_DMA_Start_IT)
    HAL_Delay                                0x08001c49   Thumb Code    34  stm32f2xx_hal.o(i.HAL_Delay)
    HAL_GPIO_Init                            0x08001c71   Thumb Code   460  stm32f2xx_hal_gpio.o(i.HAL_GPIO_Init)
    HAL_GetTick                              0x08001e6d   Thumb Code     6  stm32f2xx_hal.o(i.HAL_GetTick)
    HAL_I2C_Init                             0x08001e79   Thumb Code   446  stm32f2xx_hal_i2c.o(i.HAL_I2C_Init)
    HAL_I2C_Master_Receive                   0x08002049   Thumb Code   766  stm32f2xx_hal_i2c.o(i.HAL_I2C_Master_Receive)
    HAL_I2C_Master_Transmit                  0x08002355   Thumb Code   360  stm32f2xx_hal_i2c.o(i.HAL_I2C_Master_Transmit)
    HAL_I2C_MspInit                          0x080024c5   Thumb Code     2  stm32f2xx_hal_i2c.o(i.HAL_I2C_MspInit)
    HAL_IncTick                              0x080024c9   Thumb Code    16  stm32f2xx_hal.o(i.HAL_IncTick)
    HAL_Init                                 0x080024e1   Thumb Code    54  stm32f2xx_hal.o(i.HAL_Init)
    HAL_InitTick                             0x0800251d   Thumb Code   160  stm32f2xx_hal_timebase_tim.o(i.HAL_InitTick)
    HAL_MspInit                              0x080025d1   Thumb Code     2  stm32f2xx_hal.o(i.HAL_MspInit)
    HAL_NVIC_EnableIRQ                       0x080025d3   Thumb Code    32  stm32f2xx_hal_cortex.o(i.HAL_NVIC_EnableIRQ)
    HAL_NVIC_SetPriority                     0x080025f3   Thumb Code   124  stm32f2xx_hal_cortex.o(i.HAL_NVIC_SetPriority)
    HAL_NVIC_SetPriorityGrouping             0x08002671   Thumb Code    32  stm32f2xx_hal_cortex.o(i.HAL_NVIC_SetPriorityGrouping)
    HAL_RCC_ClockConfig                      0x08002699   Thumb Code   374  stm32f2xx_hal_rcc.o(i.HAL_RCC_ClockConfig)
    HAL_RCC_GetClockConfig                   0x08002825   Thumb Code    58  stm32f2xx_hal_rcc.o(i.HAL_RCC_GetClockConfig)
    HAL_RCC_GetHCLKFreq                      0x08002869   Thumb Code     6  stm32f2xx_hal_rcc.o(i.HAL_RCC_GetHCLKFreq)
    HAL_RCC_GetPCLK1Freq                     0x08002875   Thumb Code    36  stm32f2xx_hal_rcc.o(i.HAL_RCC_GetPCLK1Freq)
    HAL_RCC_GetPCLK2Freq                     0x080028a1   Thumb Code    36  stm32f2xx_hal_rcc.o(i.HAL_RCC_GetPCLK2Freq)
    HAL_RCC_GetSysClockFreq                  0x080028cd   Thumb Code   162  stm32f2xx_hal_rcc.o(i.HAL_RCC_GetSysClockFreq)
    HAL_RCC_OscConfig                        0x0800297d   Thumb Code  1046  stm32f2xx_hal_rcc.o(i.HAL_RCC_OscConfig)
    HAL_TIMEx_BreakCallback                  0x08002d93   Thumb Code     2  stm32f2xx_hal_tim_ex.o(i.HAL_TIMEx_BreakCallback)
    HAL_TIMEx_CommutCallback                 0x08002d95   Thumb Code     2  stm32f2xx_hal_tim_ex.o(i.HAL_TIMEx_CommutCallback)
    HAL_TIM_Base_Init                        0x08002d97   Thumb Code   102  stm32f2xx_hal_tim.o(i.HAL_TIM_Base_Init)
    HAL_TIM_Base_MspInit                     0x08002dfd   Thumb Code     2  stm32f2xx_hal_tim.o(i.HAL_TIM_Base_MspInit)
    HAL_TIM_Base_Start_IT                    0x08002e01   Thumb Code   138  stm32f2xx_hal_tim.o(i.HAL_TIM_Base_Start_IT)
    HAL_TIM_IC_CaptureCallback               0x08002ea9   Thumb Code     2  stm32f2xx_hal_tim.o(i.HAL_TIM_IC_CaptureCallback)
    HAL_TIM_IRQHandler                       0x08002eab   Thumb Code   406  stm32f2xx_hal_tim.o(i.HAL_TIM_IRQHandler)
    HAL_TIM_OC_DelayElapsedCallback          0x08003041   Thumb Code     2  stm32f2xx_hal_tim.o(i.HAL_TIM_OC_DelayElapsedCallback)
    HAL_TIM_PWM_PulseFinishedCallback        0x08003043   Thumb Code     2  stm32f2xx_hal_tim.o(i.HAL_TIM_PWM_PulseFinishedCallback)
    HAL_TIM_PeriodElapsedCallback            0x08003045   Thumb Code    18  sys.o(i.HAL_TIM_PeriodElapsedCallback)
    HAL_TIM_TriggerCallback                  0x0800305d   Thumb Code     2  stm32f2xx_hal_tim.o(i.HAL_TIM_TriggerCallback)
    HAL_UARTEx_RxEventCallback               0x0800305f   Thumb Code     2  stm32f2xx_hal_uart.o(i.HAL_UARTEx_RxEventCallback)
    HAL_UART_ErrorCallback                   0x08003061   Thumb Code     2  stm32f2xx_hal_uart.o(i.HAL_UART_ErrorCallback)
    HAL_UART_IRQHandler                      0x08003065   Thumb Code   740  stm32f2xx_hal_uart.o(i.HAL_UART_IRQHandler)
    HAL_UART_Init                            0x0800334d   Thumb Code   118  stm32f2xx_hal_uart.o(i.HAL_UART_Init)
    HAL_UART_MspInit                         0x080033c3   Thumb Code     2  stm32f2xx_hal_uart.o(i.HAL_UART_MspInit)
    HAL_UART_Receive_DMA                     0x080033c5   Thumb Code    44  stm32f2xx_hal_uart.o(i.HAL_UART_Receive_DMA)
    HAL_UART_RxCpltCallback                  0x080033f1   Thumb Code    66  bsp_esp8266_driver.o(i.HAL_UART_RxCpltCallback)
    HAL_UART_RxHalfCpltCallback              0x08003441   Thumb Code     2  stm32f2xx_hal_uart.o(i.HAL_UART_RxHalfCpltCallback)
    HAL_UART_Transmit                        0x08003443   Thumb Code   178  stm32f2xx_hal_uart.o(i.HAL_UART_Transmit)
    HAL_UART_Transmit_DMA                    0x080034f5   Thumb Code   128  stm32f2xx_hal_uart.o(i.HAL_UART_Transmit_DMA)
    HAL_UART_TxCpltCallback                  0x08003581   Thumb Code     2  stm32f2xx_hal_uart.o(i.HAL_UART_TxCpltCallback)
    HAL_UART_TxHalfCpltCallback              0x08003583   Thumb Code     2  stm32f2xx_hal_uart.o(i.HAL_UART_TxHalfCpltCallback)
    HardFault_Handler                        0x08003585   Thumb Code     4  stm32f2xx_it.o(i.HardFault_Handler)
    MQTT_DeleteBuffer                        0x08003acf   Thumb Code    28  mqttkit.o(i.MQTT_DeleteBuffer)
    MQTT_DumpLength                          0x08003aeb   Thumb Code    46  mqttkit.o(i.MQTT_DumpLength)
    MQTT_NewBuffer                           0x08003b19   Thumb Code    88  mqttkit.o(i.MQTT_NewBuffer)
    MQTT_PacketConnect                       0x08003b71   Thumb Code   666  mqttkit.o(i.MQTT_PacketConnect)
    MQTT_PacketPublishComp                   0x08003e11   Thumb Code    72  mqttkit.o(i.MQTT_PacketPublishComp)
    MQTT_PacketPublishRel                    0x08003e59   Thumb Code    72  mqttkit.o(i.MQTT_PacketPublishRel)
    MQTT_PacketSubscribe                     0x08003ea1   Thumb Code   254  mqttkit.o(i.MQTT_PacketSubscribe)
    MQTT_ReadLength                          0x08003f9f   Thumb Code    70  mqttkit.o(i.MQTT_ReadLength)
    MQTT_UnPacketCmd                         0x08003fe5   Thumb Code   140  mqttkit.o(i.MQTT_UnPacketCmd)
    MQTT_UnPacketConnectAck                  0x08004071   Thumb Code    30  mqttkit.o(i.MQTT_UnPacketConnectAck)
    MQTT_UnPacketPublish                     0x08004091   Thumb Code   438  mqttkit.o(i.MQTT_UnPacketPublish)
    MQTT_UnPacketPublishAck                  0x08004251   Thumb Code    30  mqttkit.o(i.MQTT_UnPacketPublishAck)
    MQTT_UnPacketPublishComp                 0x0800426f   Thumb Code    30  mqttkit.o(i.MQTT_UnPacketPublishComp)
    MQTT_UnPacketPublishRec                  0x0800428d   Thumb Code    30  mqttkit.o(i.MQTT_UnPacketPublishRec)
    MQTT_UnPacketPublishRel                  0x080042ab   Thumb Code    36  mqttkit.o(i.MQTT_UnPacketPublishRel)
    MQTT_UnPacketRecv                        0x080042d1   Thumb Code   106  mqttkit.o(i.MQTT_UnPacketRecv)
    MQTT_UnPacketSubscribe                   0x08004345   Thumb Code    52  mqttkit.o(i.MQTT_UnPacketSubscribe)
    MQTT_UnPacketUnSubscribe                 0x08004379   Thumb Code    18  mqttkit.o(i.MQTT_UnPacketUnSubscribe)
    MemManage_Handler                        0x0800438b   Thumb Code     4  stm32f2xx_it.o(i.MemManage_Handler)
    NMI_Handler                              0x0800438f   Thumb Code     2  stm32f2xx_it.o(i.NMI_Handler)
    SysTick_Handler                          0x08004391   Thumb Code     8  stm32f2xx_it.o(i.SysTick_Handler)
    SystemInit                               0x08004399   Thumb Code     2  system_stm32f2xx.o(i.SystemInit)
    TIM4_IRQHandler                          0x0800439d   Thumb Code    10  stm32f2xx_it.o(i.TIM4_IRQHandler)
    TIM_Base_SetConfig                       0x080043ad   Thumb Code   170  stm32f2xx_hal_tim.o(i.TIM_Base_SetConfig)
    UART_Start_Receive_DMA                   0x08004991   Thumb Code   186  stm32f2xx_hal_uart.o(i.UART_Start_Receive_DMA)
    USART1_IRQHandler                        0x08004b4d   Thumb Code    10  stm32f2xx_it.o(i.USART1_IRQHandler)
    USART2_IRQHandler                        0x08004b5d   Thumb Code    10  stm32f2xx_it.o(i.USART2_IRQHandler)
    UsageFault_Handler                       0x08004b6d   Thumb Code     4  stm32f2xx_it.o(i.UsageFault_Handler)
    __0printf                                0x08004b71   Thumb Code    22  printfa.o(i.__0printf)
    __1printf                                0x08004b71   Thumb Code     0  printfa.o(i.__0printf)
    __2printf                                0x08004b71   Thumb Code     0  printfa.o(i.__0printf)
    __c89printf                              0x08004b71   Thumb Code     0  printfa.o(i.__0printf)
    printf                                   0x08004b71   Thumb Code     0  printfa.o(i.__0printf)
    __0sprintf                               0x08004b91   Thumb Code    34  printfa.o(i.__0sprintf)
    __1sprintf                               0x08004b91   Thumb Code     0  printfa.o(i.__0sprintf)
    __2sprintf                               0x08004b91   Thumb Code     0  printfa.o(i.__0sprintf)
    __c89sprintf                             0x08004b91   Thumb Code     0  printfa.o(i.__0sprintf)
    sprintf                                  0x08004b91   Thumb Code     0  printfa.o(i.__0sprintf)
    __ARM_fpclassify                         0x08004bb9   Thumb Code    40  fpclassify.o(i.__ARM_fpclassify)
    __aeabi_errno_addr                       0x08004c19   Thumb Code     4  errno.o(i.__aeabi_errno_addr)
    __rt_errno_addr                          0x08004c19   Thumb Code     0  errno.o(i.__aeabi_errno_addr)
    __kernel_poly                            0x08004c21   Thumb Code   170  poly.o(i.__kernel_poly)
    __mathlib_dbl_divzero                    0x08004ccd   Thumb Code    12  dunder.o(i.__mathlib_dbl_divzero)
    __mathlib_dbl_infnan2                    0x08004cdd   Thumb Code     4  dunder.o(i.__mathlib_dbl_infnan2)
    __mathlib_dbl_invalid                    0x08004ce1   Thumb Code    12  dunder.o(i.__mathlib_dbl_invalid)
    __mathlib_dbl_overflow                   0x08004ced   Thumb Code    14  dunder.o(i.__mathlib_dbl_overflow)
    __mathlib_dbl_underflow                  0x08004cfd   Thumb Code    10  dunder.o(i.__mathlib_dbl_underflow)
    __scatterload_copy                       0x08004d0d   Thumb Code    14  handlers.o(i.__scatterload_copy)
    __scatterload_null                       0x08004d1b   Thumb Code     2  handlers.o(i.__scatterload_null)
    __scatterload_zeroinit                   0x08004d1d   Thumb Code    14  handlers.o(i.__scatterload_zeroinit)
    __set_errno                              0x08004d2d   Thumb Code     6  errno.o(i.__set_errno)
    aht20_init                               0x080055f5   Thumb Code   216  bsp_aht20_driver.o(i.aht20_init)
    aht20_read                               0x080056e5   Thumb Code   178  bsp_aht20_driver.o(i.aht20_read)
    aht20_task                               0x080057ad   Thumb Code    26  app_aht20_task.o(i.aht20_task)
    cJSON_Delete                             0x080057c9   Thumb Code    82  cjson.o(i.cJSON_Delete)
    cJSON_GetErrorPtr                        0x08005821   Thumb Code     6  cjson.o(i.cJSON_GetErrorPtr)
    cJSON_Parse                              0x0800584d   Thumb Code    16  cjson.o(i.cJSON_Parse)
    cJSON_ParseWithOpts                      0x0800585d   Thumb Code    96  cjson.o(i.cJSON_ParseWithOpts)
    debug_usart1_Init                        0x080058c1   Thumb Code   368  bsp_usart_driver.o(i.debug_usart1_Init)
    fputc                                    0x08005a4d   Thumb Code    22  bsp_usart_driver.o(i.fputc)
    free                                     0x08005a69   Thumb Code    76  malloc.o(i.free)
    freeRTOS_start                           0x08005ab9   Thumb Code    28  freertos_demo.o(i.freeRTOS_start)
    main                                     0x08005ae9   Thumb Code    16  main.o(i.main)
    malloc                                   0x08005af9   Thumb Code    92  malloc.o(i.malloc)
    pow                                      0x0800627d   Thumb Code  2512  pow.o(i.pow)
    pvPortMalloc                             0x08007095   Thumb Code   208  heap_4.o(i.pvPortMalloc)
    pxPortInitialiseStack                    0x08007179   Thumb Code    30  port.o(i.pxPortInitialiseStack)
    sqrt                                     0x080071af   Thumb Code    76  sqrt.o(i.sqrt)
    start_task                               0x080071fd   Thumb Code    70  freertos_demo.o(i.start_task)
    sys_clock_init                           0x08007271   Thumb Code    94  sys.o(i.sys_clock_init)
    uxListRemove                             0x080072cf   Thumb Code    40  list.o(i.uxListRemove)
    vListInitialise                          0x080072f7   Thumb Code    26  list.o(i.vListInitialise)
    vListInitialiseItem                      0x08007311   Thumb Code     6  list.o(i.vListInitialiseItem)
    vListInsert                              0x08007317   Thumb Code    52  list.o(i.vListInsert)
    vListInsertEnd                           0x0800734b   Thumb Code    24  list.o(i.vListInsertEnd)
    vPortEnterCritical                       0x08007365   Thumb Code    30  port.o(i.vPortEnterCritical)
    vPortExitCritical                        0x08007389   Thumb Code    28  port.o(i.vPortExitCritical)
    vPortFree                                0x080073a9   Thumb Code    68  heap_4.o(i.vPortFree)
    vPortSetupTimerInterrupt                 0x080073f5   Thumb Code    20  port.o(i.vPortSetupTimerInterrupt)
    vTaskDelay                               0x0800740d   Thumb Code    46  tasks.o(i.vTaskDelay)
    vTaskDelete                              0x08007441   Thumb Code   174  tasks.o(i.vTaskDelete)
    vTaskStartScheduler                      0x08007515   Thumb Code    76  tasks.o(i.vTaskStartScheduler)
    vTaskSuspendAll                          0x08007581   Thumb Code    12  tasks.o(i.vTaskSuspendAll)
    vTaskSwitchContext                       0x08007591   Thumb Code    76  tasks.o(i.vTaskSwitchContext)
    wifi_connect_task                        0x080075f1   Thumb Code   100  app_wifi_task.o(i.wifi_connect_task)
    wifi_usart2_Init                         0x08007689   Thumb Code   334  bsp_usart_driver.o(i.wifi_usart2_Init)
    wifi_usart2_Receive                      0x080077f5   Thumb Code    18  bsp_usart_driver.o(i.wifi_usart2_Receive)
    wifi_usart2_Send                         0x0800780d   Thumb Code    18  bsp_usart_driver.o(i.wifi_usart2_Send)
    xPortStartScheduler                      0x08007825   Thumb Code    42  port.o(i.xPortStartScheduler)
    xPortSysTickHandler                      0x08007859   Thumb Code    46  port.o(i.xPortSysTickHandler)
    xTaskCreate                              0x0800788d   Thumb Code   104  tasks.o(i.xTaskCreate)
    xTaskGetTickCount                        0x080078f5   Thumb Code     6  tasks.o(i.xTaskGetTickCount)
    xTaskIncrementTick                       0x08007901   Thumb Code   356  tasks.o(i.xTaskIncrementTick)
    xTaskResumeAll                           0x08007a91   Thumb Code   310  tasks.o(i.xTaskResumeAll)
    AHBPrescTable                            0x08007bf7   Data          16  system_stm32f2xx.o(.constdata)
    APBPrescTable                            0x08007c07   Data           8  system_stm32f2xx.o(.constdata)
    __mathlib_zero                           0x08007ca0   Data           8  qnan.o(.constdata)
    __ctype_table                            0x08007ca8   Data         129  ctype_o.o(.constdata)
    Region$$Table$$Base                      0x08007d38   Number         0  anon$$obj.o(Region$$Table)
    Region$$Table$$Limit                     0x08007d58   Number         0  anon$$obj.o(Region$$Table)
    start_task_handle                        0x20000000   Data           4  freertos_demo.o(.data)
    wifi_task_handle                         0x20000004   Data           4  freertos_demo.o(.data)
    aht20_task_handle                        0x20000008   Data           4  freertos_demo.o(.data)
    esp8266_cnt                              0x2000000c   Data           2  bsp_esp8266_driver.o(.data)
    esp8266_cntPre                           0x2000000e   Data           2  bsp_esp8266_driver.o(.data)
    SystemCoreClock                          0x20000024   Data           4  system_stm32f2xx.o(.data)
    pxCurrentTCB                             0x20000048   Data           4  tasks.o(.data)
    uxTopUsedPriority                        0x20000080   Data           4  tasks.o(.data)
    uwTick                                   0x20000088   Data           4  stm32f2xx_hal.o(.data)
    uwTickPrio                               0x2000008c   Data           4  stm32f2xx_hal.o(.data)
    uwTickFreq                               0x20000090   Data           1  stm32f2xx_hal.o(.data)
    __stdout                                 0x20000094   Data           4  stdout.o(.data)
    __microlib_freelist                      0x20000098   Data           4  mvars.o(.data)
    __microlib_freelist_initialised          0x2000009c   Data           4  mvars.o(.data)
    huart2                                   0x200000a4   Data          72  bsp_usart_driver.o(.bss)
    hdma_usart2_rx                           0x200000ec   Data          96  bsp_usart_driver.o(.bss)
    hdma_usart2_tx                           0x2000014c   Data          96  bsp_usart_driver.o(.bss)
    huart1                                   0x200001ac   Data          72  bsp_usart_driver.o(.bss)
    hdma_usart1_rx                           0x200001f4   Data          96  bsp_usart_driver.o(.bss)
    hdma_usart1_tx                           0x20000254   Data          96  bsp_usart_driver.o(.bss)
    esp8266_rx_buffer                        0x200002b4   Data         256  bsp_esp8266_driver.o(.bss)
    hi2c1                                    0x200003b4   Data          84  bsp_aht20_driver.o(.bss)
    htim4                                    0x200130d0   Data          72  stm32f2xx_hal_timebase_tim.o(.bss)
    __heap_base                              0x20013118   Data           0  startup_stm32f205xx.o(HEAP)
    __heap_limit                             0x20013318   Data           0  startup_stm32f205xx.o(HEAP)
    __initial_sp                             0x20013718   Data           0  startup_stm32f205xx.o(STACK)



==============================================================================

Memory Map of the image

  Image Entry point : 0x08000185

  Load Region LR_IROM1 (Base: 0x08000000, Size: 0x00007dfc, Max: 0x00080000, ABSOLUTE)

    Execution Region ER_IROM1 (Exec base: 0x08000000, Load base: 0x08000000, Size: 0x00007d58, Max: 0x00080000, ABSOLUTE)

    Exec Addr    Load Addr    Size         Type   Attr      Idx    E Section Name        Object

    0x08000000   0x08000000   0x00000184   Data   RO         1361    RESET               startup_stm32f205xx.o
    0x08000184   0x08000184   0x00000000   Code   RO         6916  * .ARM.Collect$$$$00000000  mc_w.l(entry.o)
    0x08000184   0x08000184   0x00000004   Code   RO         7281    .ARM.Collect$$$$00000001  mc_w.l(entry2.o)
    0x08000188   0x08000188   0x00000004   Code   RO         7284    .ARM.Collect$$$$00000004  mc_w.l(entry5.o)
    0x0800018c   0x0800018c   0x00000000   Code   RO         7286    .ARM.Collect$$$$00000008  mc_w.l(entry7b.o)
    0x0800018c   0x0800018c   0x00000000   Code   RO         7288    .ARM.Collect$$$$0000000A  mc_w.l(entry8b.o)
    0x0800018c   0x0800018c   0x00000008   Code   RO         7289    .ARM.Collect$$$$0000000B  mc_w.l(entry9a.o)
    0x08000194   0x08000194   0x00000000   Code   RO         7291    .ARM.Collect$$$$0000000D  mc_w.l(entry10a.o)
    0x08000194   0x08000194   0x00000000   Code   RO         7293    .ARM.Collect$$$$0000000F  mc_w.l(entry11a.o)
    0x08000194   0x08000194   0x00000004   Code   RO         7282    .ARM.Collect$$$$00002712  mc_w.l(entry2.o)
    0x08000198   0x08000198   0x00000096   Code   RO         1582    .emb_text           port.o
    0x0800022e   0x0800022e   0x00000002   PAD
    0x08000230   0x08000230   0x00000024   Code   RO         1362    .text               startup_stm32f205xx.o
    0x08000254   0x08000254   0x00000062   Code   RO         6919    .text               mc_w.l(uldiv.o)
    0x080002b6   0x080002b6   0x00000024   Code   RO         6923    .text               mc_w.l(memcpya.o)
    0x080002da   0x080002da   0x00000024   Code   RO         6925    .text               mc_w.l(memseta.o)
    0x080002fe   0x080002fe   0x00000024   Code   RO         6927    .text               mc_w.l(strstr.o)
    0x08000322   0x08000322   0x00000014   Code   RO         6929    .text               mc_w.l(strchr.o)
    0x08000336   0x08000336   0x0000000e   Code   RO         6931    .text               mc_w.l(strlen.o)
    0x08000344   0x08000344   0x00000028   Code   RO         6933    .text               mc_w.l(strncat.o)
    0x0800036c   0x0800036c   0x0000001e   Code   RO         6937    .text               mc_w.l(strncmp.o)
    0x0800038a   0x0800038a   0x0000001a   Code   RO         7230    .text               mc_w.l(atoi.o)
    0x080003a4   0x080003a4   0x000000b0   Code   RO         7232    .text               mf_w.l(fadd.o)
    0x08000454   0x08000454   0x00000064   Code   RO         7234    .text               mf_w.l(fmul.o)
    0x080004b8   0x080004b8   0x0000007c   Code   RO         7236    .text               mf_w.l(fdiv.o)
    0x08000534   0x08000534   0x0000014e   Code   RO         7238    .text               mf_w.l(dadd.o)
    0x08000682   0x08000682   0x000000e4   Code   RO         7240    .text               mf_w.l(dmul.o)
    0x08000766   0x08000766   0x0000000a   Code   RO         7242    .text               mf_w.l(ffltui.o)
    0x08000770   0x08000770   0x00000022   Code   RO         7244    .text               mf_w.l(dflti.o)
    0x08000792   0x08000792   0x0000003e   Code   RO         7246    .text               mf_w.l(dfixi.o)
    0x080007d0   0x080007d0   0x00000030   Code   RO         7252    .text               mf_w.l(cdrcmple.o)
    0x08000800   0x08000800   0x0000002c   Code   RO         7296    .text               mc_w.l(uidiv.o)
    0x0800082c   0x0800082c   0x0000001e   Code   RO         7298    .text               mc_w.l(llshl.o)
    0x0800084a   0x0800084a   0x00000020   Code   RO         7300    .text               mc_w.l(llushr.o)
    0x0800086a   0x0800086a   0x00000024   Code   RO         7302    .text               mc_w.l(llsshr.o)
    0x0800088e   0x0800088e   0x00000070   Code   RO         7313    .text               mc_w.l(strtol.o)
    0x080008fe   0x080008fe   0x00000000   Code   RO         7315    .text               mc_w.l(iusefp.o)
    0x080008fe   0x080008fe   0x0000006e   Code   RO         7316    .text               mf_w.l(fepilogue.o)
    0x0800096c   0x0800096c   0x000000ba   Code   RO         7318    .text               mf_w.l(depilogue.o)
    0x08000a26   0x08000a26   0x000000de   Code   RO         7320    .text               mf_w.l(ddiv.o)
    0x08000b04   0x08000b04   0x0000002e   Code   RO         7322    .text               mf_w.l(dscalb.o)
    0x08000b32   0x08000b32   0x00000030   Code   RO         7324    .text               mf_w.l(dfixul.o)
    0x08000b62   0x08000b62   0x00000002   PAD
    0x08000b64   0x08000b64   0x00000024   Code   RO         7326    .text               mc_w.l(init.o)
    0x08000b88   0x08000b88   0x00000008   Code   RO         7328    .text               mc_w.l(ctype_o.o)
    0x08000b90   0x08000b90   0x0000009e   Code   RO         7356    .text               mc_w.l(_strtoul.o)
    0x08000c2e   0x08000c2e   0x000000a2   Code   RO         7358    .text               mf_w.l(dsqrt.o)
    0x08000cd0   0x08000cd0   0x0000001c   Code   RO         7360    .text               mc_w.l(_chval.o)
    0x08000cec   0x08000cec   0x00000004   Code   RO          239    i.BusFault_Handler  stm32f2xx_it.o
    0x08000cf0   0x08000cf0   0x00000234   Code   RO          870    i.Cloud_DevLink     cloud.o
    0x08000f24   0x08000f24   0x00000360   Code   RO          872    i.Cloud_RevPro      cloud.o
    0x08001284   0x08001284   0x0000006c   Code   RO          873    i.Cloud_Subscribe   cloud.o
    0x080012f0   0x080012f0   0x00000010   Code   RO          240    i.DMA1_Stream5_IRQHandler  stm32f2xx_it.o
    0x08001300   0x08001300   0x00000010   Code   RO          241    i.DMA1_Stream6_IRQHandler  stm32f2xx_it.o
    0x08001310   0x08001310   0x00000010   Code   RO          242    i.DMA2_Stream5_IRQHandler  stm32f2xx_it.o
    0x08001320   0x08001320   0x00000010   Code   RO          243    i.DMA2_Stream7_IRQHandler  stm32f2xx_it.o
    0x08001330   0x08001330   0x00000034   Code   RO         3144    i.DMA_CalcBaseAndBitshift  stm32f2xx_hal_dma.o
    0x08001364   0x08001364   0x000000aa   Code   RO         3145    i.DMA_CheckFifoParam  stm32f2xx_hal_dma.o
    0x0800140e   0x0800140e   0x0000002c   Code   RO         3146    i.DMA_SetConfig     stm32f2xx_hal_dma.o
    0x0800143a   0x0800143a   0x00000002   Code   RO          244    i.DebugMon_Handler  stm32f2xx_it.o
    0x0800143c   0x0800143c   0x0000001c   Code   RO          606    i.ESP8266_Clear     bsp_esp8266_driver.o
    0x08001458   0x08001458   0x000001e0   Code   RO          607    i.ESP8266_Connect   bsp_esp8266_driver.o
    0x08001638   0x08001638   0x00000068   Code   RO          608    i.ESP8266_GetIPD    bsp_esp8266_driver.o
    0x080016a0   0x080016a0   0x0000006c   Code   RO          609    i.ESP8266_SendCmd   bsp_esp8266_driver.o
    0x0800170c   0x0800170c   0x00000054   Code   RO          610    i.ESP8266_SendData  bsp_esp8266_driver.o
    0x08001760   0x08001760   0x00000054   Code   RO          611    i.ESP8266_WaitReceive  bsp_esp8266_driver.o
    0x080017b4   0x080017b4   0x000000ac   Code   RO         3147    i.HAL_DMA_Abort     stm32f2xx_hal_dma.o
    0x08001860   0x08001860   0x00000028   Code   RO         3148    i.HAL_DMA_Abort_IT  stm32f2xx_hal_dma.o
    0x08001888   0x08001888   0x00000240   Code   RO         3152    i.HAL_DMA_IRQHandler  stm32f2xx_hal_dma.o
    0x08001ac8   0x08001ac8   0x000000ec   Code   RO         3153    i.HAL_DMA_Init      stm32f2xx_hal_dma.o
    0x08001bb4   0x08001bb4   0x00000092   Code   RO         3157    i.HAL_DMA_Start_IT  stm32f2xx_hal_dma.o
    0x08001c46   0x08001c46   0x00000002   PAD
    0x08001c48   0x08001c48   0x00000028   Code   RO         2316    i.HAL_Delay         stm32f2xx_hal.o
    0x08001c70   0x08001c70   0x000001fc   Code   RO         3589    i.HAL_GPIO_Init     stm32f2xx_hal_gpio.o
    0x08001e6c   0x08001e6c   0x0000000c   Code   RO         2322    i.HAL_GetTick       stm32f2xx_hal.o
    0x08001e78   0x08001e78   0x000001d0   Code   RO         3663    i.HAL_I2C_Init      stm32f2xx_hal_i2c.o
    0x08002048   0x08002048   0x0000030c   Code   RO         3669    i.HAL_I2C_Master_Receive  stm32f2xx_hal_i2c.o
    0x08002354   0x08002354   0x00000170   Code   RO         3676    i.HAL_I2C_Master_Transmit  stm32f2xx_hal_i2c.o
    0x080024c4   0x080024c4   0x00000002   Code   RO         3688    i.HAL_I2C_MspInit   stm32f2xx_hal_i2c.o
    0x080024c6   0x080024c6   0x00000002   PAD
    0x080024c8   0x080024c8   0x00000018   Code   RO         2328    i.HAL_IncTick       stm32f2xx_hal.o
    0x080024e0   0x080024e0   0x0000003c   Code   RO         2329    i.HAL_Init          stm32f2xx_hal.o
    0x0800251c   0x0800251c   0x000000b4   Code   RO         6866    i.HAL_InitTick      stm32f2xx_hal_timebase_tim.o
    0x080025d0   0x080025d0   0x00000002   Code   RO         2332    i.HAL_MspInit       stm32f2xx_hal.o
    0x080025d2   0x080025d2   0x00000020   Code   RO         3009    i.HAL_NVIC_EnableIRQ  stm32f2xx_hal_cortex.o
    0x080025f2   0x080025f2   0x0000007c   Code   RO         3015    i.HAL_NVIC_SetPriority  stm32f2xx_hal_cortex.o
    0x0800266e   0x0800266e   0x00000002   PAD
    0x08002670   0x08002670   0x00000028   Code   RO         3016    i.HAL_NVIC_SetPriorityGrouping  stm32f2xx_hal_cortex.o
    0x08002698   0x08002698   0x0000018c   Code   RO         4344    i.HAL_RCC_ClockConfig  stm32f2xx_hal_rcc.o
    0x08002824   0x08002824   0x00000044   Code   RO         4348    i.HAL_RCC_GetClockConfig  stm32f2xx_hal_rcc.o
    0x08002868   0x08002868   0x0000000c   Code   RO         4349    i.HAL_RCC_GetHCLKFreq  stm32f2xx_hal_rcc.o
    0x08002874   0x08002874   0x0000002c   Code   RO         4351    i.HAL_RCC_GetPCLK1Freq  stm32f2xx_hal_rcc.o
    0x080028a0   0x080028a0   0x0000002c   Code   RO         4352    i.HAL_RCC_GetPCLK2Freq  stm32f2xx_hal_rcc.o
    0x080028cc   0x080028cc   0x000000b0   Code   RO         4353    i.HAL_RCC_GetSysClockFreq  stm32f2xx_hal_rcc.o
    0x0800297c   0x0800297c   0x00000416   Code   RO         4356    i.HAL_RCC_OscConfig  stm32f2xx_hal_rcc.o
    0x08002d92   0x08002d92   0x00000002   Code   RO         5912    i.HAL_TIMEx_BreakCallback  stm32f2xx_hal_tim_ex.o
    0x08002d94   0x08002d94   0x00000002   Code   RO         5913    i.HAL_TIMEx_CommutCallback  stm32f2xx_hal_tim_ex.o
    0x08002d96   0x08002d96   0x00000066   Code   RO         5197    i.HAL_TIM_Base_Init  stm32f2xx_hal_tim.o
    0x08002dfc   0x08002dfc   0x00000002   Code   RO         5199    i.HAL_TIM_Base_MspInit  stm32f2xx_hal_tim.o
    0x08002dfe   0x08002dfe   0x00000002   PAD
    0x08002e00   0x08002e00   0x000000a8   Code   RO         5202    i.HAL_TIM_Base_Start_IT  stm32f2xx_hal_tim.o
    0x08002ea8   0x08002ea8   0x00000002   Code   RO         5231    i.HAL_TIM_IC_CaptureCallback  stm32f2xx_hal_tim.o
    0x08002eaa   0x08002eaa   0x00000196   Code   RO         5245    i.HAL_TIM_IRQHandler  stm32f2xx_hal_tim.o
    0x08003040   0x08003040   0x00000002   Code   RO         5248    i.HAL_TIM_OC_DelayElapsedCallback  stm32f2xx_hal_tim.o
    0x08003042   0x08003042   0x00000002   Code   RO         5275    i.HAL_TIM_PWM_PulseFinishedCallback  stm32f2xx_hal_tim.o
    0x08003044   0x08003044   0x00000018   Code   RO          515    i.HAL_TIM_PeriodElapsedCallback  sys.o
    0x0800305c   0x0800305c   0x00000002   Code   RO         5288    i.HAL_TIM_TriggerCallback  stm32f2xx_hal_tim.o
    0x0800305e   0x0800305e   0x00000002   Code   RO         6191    i.HAL_UARTEx_RxEventCallback  stm32f2xx_hal_uart.o
    0x08003060   0x08003060   0x00000002   Code   RO         6205    i.HAL_UART_ErrorCallback  stm32f2xx_hal_uart.o
    0x08003062   0x08003062   0x00000002   PAD
    0x08003064   0x08003064   0x000002e8   Code   RO         6208    i.HAL_UART_IRQHandler  stm32f2xx_hal_uart.o
    0x0800334c   0x0800334c   0x00000076   Code   RO         6209    i.HAL_UART_Init     stm32f2xx_hal_uart.o
    0x080033c2   0x080033c2   0x00000002   Code   RO         6211    i.HAL_UART_MspInit  stm32f2xx_hal_uart.o
    0x080033c4   0x080033c4   0x0000002c   Code   RO         6213    i.HAL_UART_Receive_DMA  stm32f2xx_hal_uart.o
    0x080033f0   0x080033f0   0x00000050   Code   RO          612    i.HAL_UART_RxCpltCallback  bsp_esp8266_driver.o
    0x08003440   0x08003440   0x00000002   Code   RO         6216    i.HAL_UART_RxHalfCpltCallback  stm32f2xx_hal_uart.o
    0x08003442   0x08003442   0x000000b2   Code   RO         6217    i.HAL_UART_Transmit  stm32f2xx_hal_uart.o
    0x080034f4   0x080034f4   0x0000008c   Code   RO         6218    i.HAL_UART_Transmit_DMA  stm32f2xx_hal_uart.o
    0x08003580   0x08003580   0x00000002   Code   RO         6220    i.HAL_UART_TxCpltCallback  stm32f2xx_hal_uart.o
    0x08003582   0x08003582   0x00000002   Code   RO         6221    i.HAL_UART_TxHalfCpltCallback  stm32f2xx_hal_uart.o
    0x08003584   0x08003584   0x00000004   Code   RO          245    i.HardFault_Handler  stm32f2xx_it.o
    0x08003588   0x08003588   0x0000003e   Code   RO         3707    i.I2C_IsAcknowledgeFailed  stm32f2xx_hal_i2c.o
    0x080035c6   0x080035c6   0x00000002   PAD
    0x080035c8   0x080035c8   0x00000138   Code   RO         3710    i.I2C_MasterRequestRead  stm32f2xx_hal_i2c.o
    0x08003700   0x08003700   0x000000c0   Code   RO         3711    i.I2C_MasterRequestWrite  stm32f2xx_hal_i2c.o
    0x080037c0   0x080037c0   0x00000066   Code   RO         3727    i.I2C_WaitOnBTFFlagUntilTimeout  stm32f2xx_hal_i2c.o
    0x08003826   0x08003826   0x000000be   Code   RO         3728    i.I2C_WaitOnFlagUntilTimeout  stm32f2xx_hal_i2c.o
    0x080038e4   0x080038e4   0x000000fa   Code   RO         3729    i.I2C_WaitOnMasterAddressFlagUntilTimeout  stm32f2xx_hal_i2c.o
    0x080039de   0x080039de   0x0000008a   Code   RO         3730    i.I2C_WaitOnRXNEFlagUntilTimeout  stm32f2xx_hal_i2c.o
    0x08003a68   0x08003a68   0x00000066   Code   RO         3733    i.I2C_WaitOnTXEFlagUntilTimeout  stm32f2xx_hal_i2c.o
    0x08003ace   0x08003ace   0x0000001c   Code   RO          683    i.MQTT_DeleteBuffer  mqttkit.o
    0x08003aea   0x08003aea   0x0000002e   Code   RO          684    i.MQTT_DumpLength   mqttkit.o
    0x08003b18   0x08003b18   0x00000058   Code   RO          685    i.MQTT_NewBuffer    mqttkit.o
    0x08003b70   0x08003b70   0x000002a0   Code   RO          687    i.MQTT_PacketConnect  mqttkit.o
    0x08003e10   0x08003e10   0x00000048   Code   RO          692    i.MQTT_PacketPublishComp  mqttkit.o
    0x08003e58   0x08003e58   0x00000048   Code   RO          694    i.MQTT_PacketPublishRel  mqttkit.o
    0x08003ea0   0x08003ea0   0x000000fe   Code   RO          697    i.MQTT_PacketSubscribe  mqttkit.o
    0x08003f9e   0x08003f9e   0x00000046   Code   RO          699    i.MQTT_ReadLength   mqttkit.o
    0x08003fe4   0x08003fe4   0x0000008c   Code   RO          700    i.MQTT_UnPacketCmd  mqttkit.o
    0x08004070   0x08004070   0x0000001e   Code   RO          701    i.MQTT_UnPacketConnectAck  mqttkit.o
    0x0800408e   0x0800408e   0x00000002   PAD
    0x08004090   0x08004090   0x000001c0   Code   RO          702    i.MQTT_UnPacketPublish  mqttkit.o
    0x08004250   0x08004250   0x0000001e   Code   RO          703    i.MQTT_UnPacketPublishAck  mqttkit.o
    0x0800426e   0x0800426e   0x0000001e   Code   RO          704    i.MQTT_UnPacketPublishComp  mqttkit.o
    0x0800428c   0x0800428c   0x0000001e   Code   RO          705    i.MQTT_UnPacketPublishRec  mqttkit.o
    0x080042aa   0x080042aa   0x00000024   Code   RO          706    i.MQTT_UnPacketPublishRel  mqttkit.o
    0x080042ce   0x080042ce   0x00000002   PAD
    0x080042d0   0x080042d0   0x00000074   Code   RO          707    i.MQTT_UnPacketRecv  mqttkit.o
    0x08004344   0x08004344   0x00000034   Code   RO          708    i.MQTT_UnPacketSubscribe  mqttkit.o
    0x08004378   0x08004378   0x00000012   Code   RO          709    i.MQTT_UnPacketUnSubscribe  mqttkit.o
    0x0800438a   0x0800438a   0x00000004   Code   RO          246    i.MemManage_Handler  stm32f2xx_it.o
    0x0800438e   0x0800438e   0x00000002   Code   RO          247    i.NMI_Handler       stm32f2xx_it.o
    0x08004390   0x08004390   0x00000008   Code   RO          248    i.SysTick_Handler   stm32f2xx_it.o
    0x08004398   0x08004398   0x00000002   Code   RO         1326    i.SystemInit        system_stm32f2xx.o
    0x0800439a   0x0800439a   0x00000002   PAD
    0x0800439c   0x0800439c   0x00000010   Code   RO          249    i.TIM4_IRQHandler   stm32f2xx_it.o
    0x080043ac   0x080043ac   0x000000d8   Code   RO         5290    i.TIM_Base_SetConfig  stm32f2xx_hal_tim.o
    0x08004484   0x08004484   0x00000014   Code   RO         6222    i.UART_DMAAbortOnError  stm32f2xx_hal_uart.o
    0x08004498   0x08004498   0x00000050   Code   RO         6223    i.UART_DMAError     stm32f2xx_hal_uart.o
    0x080044e8   0x080044e8   0x000000b4   Code   RO         6224    i.UART_DMAReceiveCplt  stm32f2xx_hal_uart.o
    0x0800459c   0x0800459c   0x00000024   Code   RO         6226    i.UART_DMARxHalfCplt  stm32f2xx_hal_uart.o
    0x080045c0   0x080045c0   0x00000058   Code   RO         6228    i.UART_DMATransmitCplt  stm32f2xx_hal_uart.o
    0x08004618   0x08004618   0x0000000e   Code   RO         6230    i.UART_DMATxHalfCplt  stm32f2xx_hal_uart.o
    0x08004626   0x08004626   0x0000006c   Code   RO         6232    i.UART_EndRxTransfer  stm32f2xx_hal_uart.o
    0x08004692   0x08004692   0x00000020   Code   RO         6233    i.UART_EndTransmit_IT  stm32f2xx_hal_uart.o
    0x080046b2   0x080046b2   0x00000026   Code   RO         6234    i.UART_EndTxTransfer  stm32f2xx_hal_uart.o
    0x080046d8   0x080046d8   0x000000fc   Code   RO         6235    i.UART_Receive_IT   stm32f2xx_hal_uart.o
    0x080047d4   0x080047d4   0x000001bc   Code   RO         6236    i.UART_SetConfig    stm32f2xx_hal_uart.o
    0x08004990   0x08004990   0x000000c8   Code   RO         6237    i.UART_Start_Receive_DMA  stm32f2xx_hal_uart.o
    0x08004a58   0x08004a58   0x00000060   Code   RO         6239    i.UART_Transmit_IT  stm32f2xx_hal_uart.o
    0x08004ab8   0x08004ab8   0x00000092   Code   RO         6240    i.UART_WaitOnFlagUntilTimeout  stm32f2xx_hal_uart.o
    0x08004b4a   0x08004b4a   0x00000002   PAD
    0x08004b4c   0x08004b4c   0x00000010   Code   RO          250    i.USART1_IRQHandler  stm32f2xx_it.o
    0x08004b5c   0x08004b5c   0x00000010   Code   RO          251    i.USART2_IRQHandler  stm32f2xx_it.o
    0x08004b6c   0x08004b6c   0x00000004   Code   RO          252    i.UsageFault_Handler  stm32f2xx_it.o
    0x08004b70   0x08004b70   0x00000020   Code   RO         7174    i.__0printf         mc_w.l(printfa.o)
    0x08004b90   0x08004b90   0x00000028   Code   RO         7176    i.__0sprintf        mc_w.l(printfa.o)
    0x08004bb8   0x08004bb8   0x00000028   Code   RO         7268    i.__ARM_fpclassify  m_ws.l(fpclassify.o)
    0x08004be0   0x08004be0   0x00000010   Code   RO         3022    i.__NVIC_GetPriorityGrouping  stm32f2xx_hal_cortex.o
    0x08004bf0   0x08004bf0   0x00000028   Code   RO         3023    i.__NVIC_SetPriority  stm32f2xx_hal_cortex.o
    0x08004c18   0x08004c18   0x00000008   Code   RO         7306    i.__aeabi_errno_addr  mc_w.l(errno.o)
    0x08004c20   0x08004c20   0x000000aa   Code   RO         7270    i.__kernel_poly     m_ws.l(poly.o)
    0x08004cca   0x08004cca   0x00000002   PAD
    0x08004ccc   0x08004ccc   0x00000010   Code   RO         7254    i.__mathlib_dbl_divzero  m_ws.l(dunder.o)
    0x08004cdc   0x08004cdc   0x00000004   Code   RO         7256    i.__mathlib_dbl_infnan2  m_ws.l(dunder.o)
    0x08004ce0   0x08004ce0   0x0000000c   Code   RO         7257    i.__mathlib_dbl_invalid  m_ws.l(dunder.o)
    0x08004cec   0x08004cec   0x0000000e   Code   RO         7258    i.__mathlib_dbl_overflow  m_ws.l(dunder.o)
    0x08004cfa   0x08004cfa   0x00000002   PAD
    0x08004cfc   0x08004cfc   0x00000010   Code   RO         7260    i.__mathlib_dbl_underflow  m_ws.l(dunder.o)
    0x08004d0c   0x08004d0c   0x0000000e   Code   RO         7364    i.__scatterload_copy  mc_w.l(handlers.o)
    0x08004d1a   0x08004d1a   0x00000002   Code   RO         7365    i.__scatterload_null  mc_w.l(handlers.o)
    0x08004d1c   0x08004d1c   0x0000000e   Code   RO         7366    i.__scatterload_zeroinit  mc_w.l(handlers.o)
    0x08004d2a   0x08004d2a   0x00000002   PAD
    0x08004d2c   0x08004d2c   0x0000000c   Code   RO         7308    i.__set_errno       mc_w.l(errno.o)
    0x08004d38   0x08004d38   0x00000184   Code   RO         7181    i._fp_digits        mc_w.l(printfa.o)
    0x08004ebc   0x08004ebc   0x000006dc   Code   RO         7182    i._printf_core      mc_w.l(printfa.o)
    0x08005598   0x08005598   0x00000024   Code   RO         7183    i._printf_post_padding  mc_w.l(printfa.o)
    0x080055bc   0x080055bc   0x0000002e   Code   RO         7184    i._printf_pre_padding  mc_w.l(printfa.o)
    0x080055ea   0x080055ea   0x0000000a   Code   RO         7186    i._sputc            mc_w.l(printfa.o)
    0x080055f4   0x080055f4   0x000000f0   Code   RO         1292    i.aht20_init        bsp_aht20_driver.o
    0x080056e4   0x080056e4   0x000000c8   Code   RO         1293    i.aht20_read        bsp_aht20_driver.o
    0x080057ac   0x080057ac   0x0000001a   Code   RO          454    i.aht20_task        app_aht20_task.o
    0x080057c6   0x080057c6   0x00000002   PAD
    0x080057c8   0x080057c8   0x00000058   Code   RO          947    i.cJSON_Delete      cjson.o
    0x08005820   0x08005820   0x0000000c   Code   RO          955    i.cJSON_GetErrorPtr  cjson.o
    0x0800582c   0x0800582c   0x00000020   Code   RO          960    i.cJSON_New_Item    cjson.o
    0x0800584c   0x0800584c   0x00000010   Code   RO          961    i.cJSON_Parse       cjson.o
    0x0800585c   0x0800585c   0x00000064   Code   RO          962    i.cJSON_ParseWithOpts  cjson.o
    0x080058c0   0x080058c0   0x0000018c   Code   RO          546    i.debug_usart1_Init  bsp_usart_driver.o
    0x08005a4c   0x08005a4c   0x0000001c   Code   RO          547    i.fputc             bsp_usart_driver.o
    0x08005a68   0x08005a68   0x00000050   Code   RO         7202    i.free              mc_w.l(malloc.o)
    0x08005ab8   0x08005ab8   0x00000030   Code   RO          345    i.freeRTOS_start    freertos_demo.o
    0x08005ae8   0x08005ae8   0x00000010   Code   RO            4    i.main              main.o
    0x08005af8   0x08005af8   0x0000006c   Code   RO         7203    i.malloc            mc_w.l(malloc.o)
    0x08005b64   0x08005b64   0x000000ac   Code   RO          972    i.parse_array       cjson.o
    0x08005c10   0x08005c10   0x00000114   Code   RO          973    i.parse_hex4        cjson.o
    0x08005d24   0x08005d24   0x000001bc   Code   RO          974    i.parse_number      cjson.o
    0x08005ee0   0x08005ee0   0x00000114   Code   RO          975    i.parse_object      cjson.o
    0x08005ff4   0x08005ff4   0x000001cc   Code   RO          976    i.parse_string      cjson.o
    0x080061c0   0x080061c0   0x000000bc   Code   RO          977    i.parse_value       cjson.o
    0x0800627c   0x0800627c   0x000009d8   Code   RO         6907    i.pow               m_ws.l(pow.o)
    0x08006c54   0x08006c54   0x000000c0   Code   RO         1958    i.prvAddCurrentTaskToDelayedList  tasks.o
    0x08006d14   0x08006d14   0x000000ec   Code   RO         1959    i.prvAddNewTaskToReadyList  tasks.o
    0x08006e00   0x08006e00   0x00000048   Code   RO         1960    i.prvCheckTasksWaitingTermination  tasks.o
    0x08006e48   0x08006e48   0x00000012   Code   RO         1961    i.prvDeleteTCB      tasks.o
    0x08006e5a   0x08006e5a   0x00000002   PAD
    0x08006e5c   0x08006e5c   0x00000070   Code   RO         1479    i.prvHeapInit       heap_4.o
    0x08006ecc   0x08006ecc   0x00000028   Code   RO         1962    i.prvIdleTask       tasks.o
    0x08006ef4   0x08006ef4   0x00000088   Code   RO         1963    i.prvInitialiseNewTask  tasks.o
    0x08006f7c   0x08006f7c   0x00000068   Code   RO         1964    i.prvInitialiseTaskLists  tasks.o
    0x08006fe4   0x08006fe4   0x00000068   Code   RO         1480    i.prvInsertBlockIntoFreeList  heap_4.o
    0x0800704c   0x0800704c   0x00000030   Code   RO         1966    i.prvResetNextTaskUnblockTime  tasks.o
    0x0800707c   0x0800707c   0x00000016   Code   RO         1583    i.prvTaskExitError  port.o
    0x08007092   0x08007092   0x00000002   PAD
    0x08007094   0x08007094   0x000000e4   Code   RO         1482    i.pvPortMalloc      heap_4.o
    0x08007178   0x08007178   0x00000024   Code   RO         1584    i.pxPortInitialiseStack  port.o
    0x0800719c   0x0800719c   0x00000012   Code   RO          985    i.skip              cjson.o
    0x080071ae   0x080071ae   0x0000004c   Code   RO         7274    i.sqrt              m_ws.l(sqrt.o)
    0x080071fa   0x080071fa   0x00000002   PAD
    0x080071fc   0x080071fc   0x00000074   Code   RO          346    i.start_task        freertos_demo.o
    0x08007270   0x08007270   0x0000005e   Code   RO          516    i.sys_clock_init    sys.o
    0x080072ce   0x080072ce   0x00000028   Code   RO         1546    i.uxListRemove      list.o
    0x080072f6   0x080072f6   0x0000001a   Code   RO         1547    i.vListInitialise   list.o
    0x08007310   0x08007310   0x00000006   Code   RO         1548    i.vListInitialiseItem  list.o
    0x08007316   0x08007316   0x00000034   Code   RO         1549    i.vListInsert       list.o
    0x0800734a   0x0800734a   0x00000018   Code   RO         1550    i.vListInsertEnd    list.o
    0x08007362   0x08007362   0x00000002   PAD
    0x08007364   0x08007364   0x00000024   Code   RO         1586    i.vPortEnterCritical  port.o
    0x08007388   0x08007388   0x00000020   Code   RO         1587    i.vPortExitCritical  port.o
    0x080073a8   0x080073a8   0x0000004c   Code   RO         1483    i.vPortFree         heap_4.o
    0x080073f4   0x080073f4   0x00000018   Code   RO         1588    i.vPortSetupTimerInterrupt  port.o
    0x0800740c   0x0800740c   0x00000034   Code   RO         1977    i.vTaskDelay        tasks.o
    0x08007440   0x08007440   0x000000d4   Code   RO         1978    i.vTaskDelete       tasks.o
    0x08007514   0x08007514   0x0000006c   Code   RO         1991    i.vTaskStartScheduler  tasks.o
    0x08007580   0x08007580   0x00000010   Code   RO         1993    i.vTaskSuspendAll   tasks.o
    0x08007590   0x08007590   0x00000060   Code   RO         1994    i.vTaskSwitchContext  tasks.o
    0x080075f0   0x080075f0   0x00000098   Code   RO          421    i.wifi_connect_task  app_wifi_task.o
    0x08007688   0x08007688   0x0000016c   Code   RO          548    i.wifi_usart2_Init  bsp_usart_driver.o
    0x080077f4   0x080077f4   0x00000018   Code   RO          549    i.wifi_usart2_Receive  bsp_usart_driver.o
    0x0800780c   0x0800780c   0x00000018   Code   RO          550    i.wifi_usart2_Send  bsp_usart_driver.o
    0x08007824   0x08007824   0x00000034   Code   RO         1589    i.xPortStartScheduler  port.o
    0x08007858   0x08007858   0x00000034   Code   RO         1590    i.xPortSysTickHandler  port.o
    0x0800788c   0x0800788c   0x00000068   Code   RO         1997    i.xTaskCreate       tasks.o
    0x080078f4   0x080078f4   0x0000000c   Code   RO         2005    i.xTaskGetTickCount  tasks.o
    0x08007900   0x08007900   0x00000190   Code   RO         2007    i.xTaskIncrementTick  tasks.o
    0x08007a90   0x08007a90   0x0000015c   Code   RO         2009    i.xTaskResumeAll    tasks.o
    0x08007bec   0x08007bec   0x00000004   Data   RO          422    .constdata          app_wifi_task.o
    0x08007bf0   0x08007bf0   0x00000007   Data   RO          988    .constdata          cjson.o
    0x08007bf7   0x08007bf7   0x00000018   Data   RO         1327    .constdata          system_stm32f2xx.o
    0x08007c0f   0x08007c0f   0x00000008   Data   RO         3159    .constdata          stm32f2xx_hal_dma.o
    0x08007c17   0x08007c17   0x00000001   PAD
    0x08007c18   0x08007c18   0x00000088   Data   RO         6908    .constdata          m_ws.l(pow.o)
    0x08007ca0   0x08007ca0   0x00000008   Data   RO         7272    .constdata          m_ws.l(qnan.o)
    0x08007ca8   0x08007ca8   0x00000081   Data   RO         7329    .constdata          mc_w.l(ctype_o.o)
    0x08007d29   0x08007d29   0x00000003   PAD
    0x08007d2c   0x08007d2c   0x00000004   Data   RO         7330    .constdata          mc_w.l(ctype_o.o)
    0x08007d30   0x08007d30   0x00000008   Data   RO          423    .conststring        app_wifi_task.o
    0x08007d38   0x08007d38   0x00000020   Data   RO         7362    Region$$Table       anon$$obj.o


    Execution Region RW_IRAM1 (Exec base: 0x20000000, Load base: 0x08007d58, Size: 0x00013718, Max: 0x00020000, ABSOLUTE)

    Exec Addr    Load Addr    Size         Type   Attr      Idx    E Section Name        Object

    0x20000000   0x08007d58   0x0000000c   Data   RW          347    .data               freertos_demo.o
    0x2000000c   0x08007d64   0x00000008   Data   RW          614    .data               bsp_esp8266_driver.o
    0x20000014   0x08007d6c   0x00000002   Data   RW          874    .data               cloud.o
    0x20000016   0x08007d6e   0x00000002   PAD
    0x20000018   0x08007d70   0x0000000c   Data   RW          989    .data               cjson.o
    0x20000024   0x08007d7c   0x00000004   Data   RW         1328    .data               system_stm32f2xx.o
    0x20000028   0x08007d80   0x0000001c   Data   RW         1489    .data               heap_4.o
    0x20000044   0x08007d9c   0x00000004   Data   RW         1591    .data               port.o
    0x20000048   0x08007da0   0x00000040   Data   RW         2012    .data               tasks.o
    0x20000088   0x08007de0   0x00000009   Data   RW         2336    .data               stm32f2xx_hal.o
    0x20000091   0x08007de9   0x00000003   PAD
    0x20000094   0x08007dec   0x00000004   Data   RW         7295    .data               mc_w.l(stdout.o)
    0x20000098   0x08007df0   0x00000004   Data   RW         7304    .data               mc_w.l(mvars.o)
    0x2000009c   0x08007df4   0x00000004   Data   RW         7305    .data               mc_w.l(mvars.o)
    0x200000a0   0x08007df8   0x00000004   Data   RW         7309    .data               mc_w.l(errno.o)
    0x200000a4        -       0x00000210   Zero   RW          551    .bss                bsp_usart_driver.o
    0x200002b4        -       0x00000100   Zero   RW          613    .bss                bsp_esp8266_driver.o
    0x200003b4        -       0x00000054   Zero   RW         1294    .bss                bsp_aht20_driver.o
    0x20000408        -       0x00012c00   Zero   RW         1488    .bss                heap_4.o
    0x20013008        -       0x000000c8   Zero   RW         2011    .bss                tasks.o
    0x200130d0        -       0x00000048   Zero   RW         6869    .bss                stm32f2xx_hal_timebase_tim.o
    0x20013118        -       0x00000200   Zero   RW         1360    HEAP                startup_stm32f205xx.o
    0x20013318        -       0x00000400   Zero   RW         1359    STACK               startup_stm32f205xx.o


==============================================================================

Image component sizes


      Code (inc. data)   RO Data    RW Data    ZI Data      Debug   Object Name

        26          0          0          0          0        573   app_aht20_task.o
       152         52         12          0          0       1180   app_wifi_task.o
       440         46          0          0         84       2334   bsp_aht20_driver.o
       968        376          0          8        256       6275   bsp_esp8266_driver.o
       836         76          0          0        528       5716   bsp_usart_driver.o
      2082         88          7         12          0      11575   cjson.o
      1536        810          0          2          0       7161   cloud.o
         0          0          0          0          0       2480   event_groups.o
       164         66          0         12          0      15849   freertos_demo.o
       520         58          0         28      76800       4831   heap_4.o
       148          0          0          0          0       3530   list.o
        16          0          0          0          0     622635   main.o
      2232         26          0          0          0      16699   mqttkit.o
       404         48          0          4          0       9452   port.o
        36          8        388          0       1536        920   startup_stm32f205xx.o
       138         26          0          9          0       9268   stm32f2xx_hal.o
       252         22          0          0          0      30574   stm32f2xx_hal_cortex.o
      1436         16          8          0          0       7202   stm32f2xx_hal_dma.o
       508         48          0          0          0       1600   stm32f2xx_hal_gpio.o
      2962         50          0          0          0      12380   stm32f2xx_hal_i2c.o
      1786         88          0          0          0       6421   stm32f2xx_hal_rcc.o
       902         76          0          0          0       6698   stm32f2xx_hal_tim.o
         4          0          0          0          0       1769   stm32f2xx_hal_tim_ex.o
       180         20          0          0         72       1811   stm32f2xx_hal_timebase_tim.o
      2970         38          0          0          0      19649   stm32f2xx_hal_uart.o
       140         42          0          0          0       6633   stm32f2xx_it.o
       118          6          0          0          0       1813   sys.o
         2          0         24          4          0       1551   system_stm32f2xx.o
      2194        308          0         64        200      28133   tasks.o

    ----------------------------------------------------------------------
     23182       2394        472        148      79476     846712   Object Totals
         0          0         32          0          0          0   (incl. Generated)
        30          0          1          5          0          0   (incl. Padding)

    ----------------------------------------------------------------------

      Code (inc. data)   RO Data    RW Data    ZI Data      Debug   Library Member Name

        62         10          0          0          0        340   dunder.o
        40          0          0          0          0         68   fpclassify.o
       170          0          0          0          0         96   poly.o
      2520        190        136          0          0        324   pow.o
         0          0          8          0          0          0   qnan.o
        76          0          0          0          0         84   sqrt.o
        28          0          0          0          0         68   _chval.o
       158          0          0          0          0         92   _strtoul.o
        26          0          0          0          0         80   atoi.o
         8          4        133          0          0         68   ctype_o.o
         0          0          0          0          0          0   entry.o
         0          0          0          0          0          0   entry10a.o
         0          0          0          0          0          0   entry11a.o
         8          4          0          0          0          0   entry2.o
         4          0          0          0          0          0   entry5.o
         0          0          0          0          0          0   entry7b.o
         0          0          0          0          0          0   entry8b.o
         8          4          0          0          0          0   entry9a.o
        20         10          0          4          0        136   errno.o
        30          0          0          0          0          0   handlers.o
        36          8          0          0          0         68   init.o
         0          0          0          0          0          0   iusefp.o
        30          0          0          0          0         68   llshl.o
        36          0          0          0          0         68   llsshr.o
        32          0          0          0          0         68   llushr.o
       188         20          0          0          0        160   malloc.o
        36          0          0          0          0         68   memcpya.o
        36          0          0          0          0        108   memseta.o
         0          0          0          8          0          0   mvars.o
      2308         96          0          0          0        604   printfa.o
         0          0          0          4          0          0   stdout.o
        20          0          0          0          0         68   strchr.o
        14          0          0          0          0         68   strlen.o
        40          0          0          0          0         76   strncat.o
        30          0          0          0          0         80   strncmp.o
        36          0          0          0          0         80   strstr.o
       112          0          0          0          0         88   strtol.o
        44          0          0          0          0         80   uidiv.o
        98          0          0          0          0         92   uldiv.o
        48          0          0          0          0         68   cdrcmple.o
       334          0          0          0          0        148   dadd.o
       222          0          0          0          0        100   ddiv.o
       186          0          0          0          0        176   depilogue.o
        62          0          0          0          0         80   dfixi.o
        48          0          0          0          0         68   dfixul.o
        34          0          0          0          0         76   dflti.o
       228          0          0          0          0         96   dmul.o
        46          0          0          0          0         80   dscalb.o
       162          0          0          0          0        100   dsqrt.o
       176          0          0          0          0        140   fadd.o
       124          0          0          0          0         88   fdiv.o
       110          0          0          0          0        168   fepilogue.o
        10          0          0          0          0         68   ffltui.o
       100          0          0          0          0         76   fmul.o

    ----------------------------------------------------------------------
      8154        346        280         16          0       4732   Library Totals
        10          0          3          0          0          0   (incl. Padding)

    ----------------------------------------------------------------------

      Code (inc. data)   RO Data    RW Data    ZI Data      Debug   Library Name

      2868        200        144          0          0        912   m_ws.l
      3386        146        133         16          0       2288   mc_w.l
      1890          0          0          0          0       1532   mf_w.l

    ----------------------------------------------------------------------
      8154        346        280         16          0       4732   Library Totals

    ----------------------------------------------------------------------

==============================================================================


      Code (inc. data)   RO Data    RW Data    ZI Data      Debug   

     31336       2740        752        164      79476     840000   Grand Totals
     31336       2740        752        164      79476     840000   ELF Image Totals
     31336       2740        752        164          0          0   ROM Totals

==============================================================================

    Total RO  Size (Code + RO Data)                32088 (  31.34kB)
    Total RW  Size (RW Data + ZI Data)             79640 (  77.77kB)
    Total ROM Size (Code + RO Data + RW Data)      32252 (  31.50kB)

==============================================================================

