Component: ARM Compiler 5.06 update 6 (build 750) Tool: armlink [4d35ed]

==============================================================================

Section Cross References

    main.o(i.main) refers to stm32f2xx_hal.o(i.HAL_Init) for HAL_Init
    main.o(i.main) refers to sys.o(i.sys_clock_init) for sys_clock_init
    main.o(i.main) refers to freertos_demo.o(i.freeRTOS_start) for freeRTOS_start
    stm32f2xx_it.o(i.DMA1_Stream5_IRQHandler) refers to stm32f2xx_hal_dma.o(i.HAL_DMA_IRQHandler) for HAL_DMA_IRQHandler
    stm32f2xx_it.o(i.DMA1_Stream5_IRQHandler) refers to bsp_usart_driver.o(.bss) for hdma_usart2_rx
    stm32f2xx_it.o(i.DMA1_Stream6_IRQHandler) refers to stm32f2xx_hal_dma.o(i.HAL_DMA_IRQHandler) for HAL_DMA_IRQHandler
    stm32f2xx_it.o(i.DMA1_Stream6_IRQHandler) refers to bsp_usart_driver.o(.bss) for hdma_usart2_tx
    stm32f2xx_it.o(i.DMA2_Stream0_IRQHandler) refers to stm32f2xx_hal_dma.o(i.HAL_DMA_IRQHandler) for HAL_DMA_IRQHandler
    stm32f2xx_it.o(i.DMA2_Stream0_IRQHandler) refers to bsp_lm2904_driver.o(.bss) for hdma_adc1
    stm32f2xx_it.o(i.DMA2_Stream5_IRQHandler) refers to stm32f2xx_hal_dma.o(i.HAL_DMA_IRQHandler) for HAL_DMA_IRQHandler
    stm32f2xx_it.o(i.DMA2_Stream5_IRQHandler) refers to bsp_usart_driver.o(.bss) for hdma_usart1_rx
    stm32f2xx_it.o(i.DMA2_Stream7_IRQHandler) refers to stm32f2xx_hal_dma.o(i.HAL_DMA_IRQHandler) for HAL_DMA_IRQHandler
    stm32f2xx_it.o(i.DMA2_Stream7_IRQHandler) refers to bsp_usart_driver.o(.bss) for hdma_usart1_tx
    stm32f2xx_it.o(i.SysTick_Handler) refers to port.o(i.xPortSysTickHandler) for xPortSysTickHandler
    stm32f2xx_it.o(i.TIM4_IRQHandler) refers to stm32f2xx_hal_tim.o(i.HAL_TIM_IRQHandler) for HAL_TIM_IRQHandler
    stm32f2xx_it.o(i.TIM4_IRQHandler) refers to stm32f2xx_hal_timebase_tim.o(.bss) for htim4
    stm32f2xx_it.o(i.UART4_IRQHandler) refers to stm32f2xx_hal_uart.o(i.HAL_UART_IRQHandler) for HAL_UART_IRQHandler
    stm32f2xx_it.o(i.UART4_IRQHandler) refers to bsp_airquality_driver.o(.bss) for huart4
    stm32f2xx_it.o(i.USART1_IRQHandler) refers to stm32f2xx_hal_uart.o(i.HAL_UART_IRQHandler) for HAL_UART_IRQHandler
    stm32f2xx_it.o(i.USART1_IRQHandler) refers to bsp_usart_driver.o(.bss) for huart1
    stm32f2xx_it.o(i.USART2_IRQHandler) refers to stm32f2xx_hal_uart.o(i.HAL_UART_IRQHandler) for HAL_UART_IRQHandler
    stm32f2xx_it.o(i.USART2_IRQHandler) refers to bsp_usart_driver.o(.bss) for huart2
    stm32f2xx_it.o(i.USART6_IRQHandler) refers to stm32f2xx_hal_uart.o(i.HAL_UART_IRQHandler) for HAL_UART_IRQHandler
    stm32f2xx_it.o(i.USART6_IRQHandler) refers to bsp_pm2.5_driver.o(.bss) for huart6
    freertos_demo.o(i.freeRTOS_start) refers to tasks.o(i.xTaskCreate) for xTaskCreate
    freertos_demo.o(i.freeRTOS_start) refers to tasks.o(i.vTaskStartScheduler) for vTaskStartScheduler
    freertos_demo.o(i.freeRTOS_start) refers to freertos_demo.o(.data) for start_task_handle
    freertos_demo.o(i.freeRTOS_start) refers to freertos_demo.o(i.start_task) for start_task
    freertos_demo.o(i.start_task) refers to bsp_usart_driver.o(i.debug_usart1_Init) for debug_usart1_Init
    freertos_demo.o(i.start_task) refers to port.o(i.vPortEnterCritical) for vPortEnterCritical
    freertos_demo.o(i.start_task) refers to queue.o(i.xQueueGenericCreate) for xQueueGenericCreate
    freertos_demo.o(i.start_task) refers to tasks.o(i.xTaskCreate) for xTaskCreate
    freertos_demo.o(i.start_task) refers to tasks.o(i.vTaskDelay) for vTaskDelay
    freertos_demo.o(i.start_task) refers to tasks.o(i.vTaskDelete) for vTaskDelete
    freertos_demo.o(i.start_task) refers to port.o(i.vPortExitCritical) for vPortExitCritical
    freertos_demo.o(i.start_task) refers to freertos_demo.o(.data) for xAht20ReadySemaphore
    freertos_demo.o(i.start_task) refers to app_wifi_task.o(i.wifi_connect_task) for wifi_connect_task
    freertos_demo.o(i.start_task) refers to app_aht20_task.o(i.aht20_task) for aht20_task
    freertos_demo.o(i.start_task) refers to app_air_task.o(i.air_task) for air_task
    freertos_demo.o(i.start_task) refers to app_lm2904_task.o(i.lm2904_task) for lm2904_task
    app_wifi_task.o(i.wifi_connect_task) refers to bsp_usart_driver.o(i.wifi_usart2_Init) for wifi_usart2_Init
    app_wifi_task.o(i.wifi_connect_task) refers to bsp_esp8266_driver.o(i.ESP8266_Connect) for ESP8266_Connect
    app_wifi_task.o(i.wifi_connect_task) refers to printfa.o(i.__0printf) for __2printf
    app_wifi_task.o(i.wifi_connect_task) refers to cloud.o(i.Cloud_DevLink) for Cloud_DevLink
    app_wifi_task.o(i.wifi_connect_task) refers to cloud.o(i.Cloud_Subscribe) for Cloud_Subscribe
    app_wifi_task.o(i.wifi_connect_task) refers to queue.o(i.xQueueGenericSend) for xQueueGenericSend
    app_wifi_task.o(i.wifi_connect_task) refers to queue.o(i.xQueueReceive) for xQueueReceive
    app_wifi_task.o(i.wifi_connect_task) refers to f2d.o(.text) for __aeabi_f2d
    app_wifi_task.o(i.wifi_connect_task) refers to bsp_esp8266_driver.o(i.ESP8266_GetIPD) for ESP8266_GetIPD
[...]
    pxOverflowDelayedTaskList                0x20000074   Data           4  tasks.o(.data)
    uxDeletedTasksWaitingCleanUp             0x20000078   Data           4  tasks.o(.data)
    uxCurrentNumberOfTasks                   0x2000007c   Data           4  tasks.o(.data)
    xTickCount                               0x20000080   Data           4  tasks.o(.data)
    uxTopReadyPriority                       0x20000084   Data           4  tasks.o(.data)
    xSchedulerRunning                        0x20000088   Data           4  tasks.o(.data)
    xPendedTicks                             0x2000008c   Data           4  tasks.o(.data)
    xYieldPending                            0x20000090   Data           4  tasks.o(.data)
    xNumOfOverflows                          0x20000094   Data           4  tasks.o(.data)
    uxTaskNumber                             0x20000098   Data           4  tasks.o(.data)
    xNextTaskUnblockTime                     0x2000009c   Data           4  tasks.o(.data)
    xIdleTaskHandle                          0x200000a0   Data           4  tasks.o(.data)
    uxSchedulerSuspended                     0x200000a8   Data           4  tasks.o(.data)
    .data                                    0x200000ac   Section        9  stm32f2xx_hal.o(.data)
    .data                                    0x200000b8   Section        4  stdout.o(.data)
    .data                                    0x200000bc   Section        4  mvars.o(.data)
    .data                                    0x200000c0   Section        4  mvars.o(.data)
    .data                                    0x200000c4   Section        4  errno.o(.data)
    _errno                                   0x200000c4   Data           4  errno.o(.data)
    .bss                                     0x200000c8   Section       36  app_air_task.o(.bss)
    .bss                                     0x200000ec   Section      256  bsp_esp8266_driver.o(.bss)
    .bss                                     0x200001ec   Section      528  bsp_usart_driver.o(.bss)
    .bss                                     0x200003fc   Section       84  bsp_aht20_driver.o(.bss)
    .bss                                     0x20000450   Section       72  bsp_airquality_driver.o(.bss)
    .bss                                     0x20000498   Section      168  bsp_lm2904_driver.o(.bss)
    .bss                                     0x20000540   Section       72  bsp_pm2.5_driver.o(.bss)
    .bss                                     0x20000588   Section    76800  heap_4.o(.bss)
    ucHeap                                   0x20000588   Data       76800  heap_4.o(.bss)
    .bss                                     0x20013188   Section      700  tasks.o(.bss)
    pxReadyTasksLists                        0x20013188   Data         600  tasks.o(.bss)
    xDelayedTaskList1                        0x200133e0   Data          20  tasks.o(.bss)
    xDelayedTaskList2                        0x200133f4   Data          20  tasks.o(.bss)
    xPendingReadyList                        0x20013408   Data          20  tasks.o(.bss)
    xTasksWaitingTermination                 0x2001341c   Data          20  tasks.o(.bss)
    xSuspendedTaskList                       0x20013430   Data          20  tasks.o(.bss)
    .bss                                     0x20013444   Section       72  stm32f2xx_hal_timebase_tim.o(.bss)
    HEAP                                     0x20013490   Section      512  startup_stm32f205xx.o(HEAP)
    STACK                                    0x20013690   Section     1024  startup_stm32f205xx.o(STACK)

    Global Symbols

    Symbol Name                              Value     Ov Type        Size  Object(Section)

    BuildAttributes$$THM_ISAv4$P$D$K$B$S$PE$A:L22UL41UL21$X:L11$S22US41US21$IEEE1$IW$USESV6$~STKCKD$USESV7$~SHL$OTIME$ROPI$IEEEX$EBA8$MICROLIB$REQ8$PRES8$EABIv2 0x00000000   Number         0  anon$$obj.o ABSOLUTE
    __ARM_use_no_argv                        0x00000000   Number         0  main.o ABSOLUTE
    _printf_a                                0x00000000   Number         0  stubs.o ABSOLUTE
    _printf_c                                0x00000000   Number         0  stubs.o ABSOLUTE
    _printf_charcount                        0x00000000   Number         0  stubs.o ABSOLUTE
    _printf_d                                0x00000000   Number         0  stubs.o ABSOLUTE
    _printf_e                                0x00000000   Number         0  stubs.o ABSOLUTE
    _printf_f                                0x00000000   Number         0  stubs.o ABSOLUTE
    _printf_flags                            0x00000000   Number         0  stubs.o ABSOLUTE
    _printf_fp_dec                           0x00000000   Number         0  stubs.o ABSOLUTE
    _printf_fp_hex                           0x00000000   Number         0  stubs.o ABSOLUTE
    _printf_g                                0x00000000   Number         0  stubs.o ABSOLUTE
    _printf_i                                0x00000000   Number         0  stubs.o ABSOLUTE
    _printf_int_dec                          0x00000000   Number         0  stubs.o ABSOLUTE
    _printf_l                                0x00000000   Number         0  stubs.o ABSOLUTE
    _printf_lc                               0x00000000   Number         0  stubs.o ABSOLUTE
    _printf_ll                               0x00000000   Number         0  stubs.o ABSOLUTE
    _printf_lld                              0x00000000   Number         0  stubs.o ABSOLUTE
    _printf_lli                              0x00000000   Number         0  stubs.o ABSOLUTE
    _printf_llo                              0x00000000   Number         0  stubs.o ABSOLUTE
    _printf_llu                              0x00000000   Number         0  stubs.o ABSOLUTE
    _printf_llx                              0x00000000   Number         0  stubs.o ABSOLUTE
    _printf_longlong_dec                     0x00000000   Number         0  stubs.o ABSOLUTE
    _printf_longlong_hex                     0x00000000   Number         0  stubs.o ABSOLUTE
    _printf_longlong_oct                     0x00000000   Number         0  stubs.o ABSOLUTE
    _printf_ls                               0x00000000   Number         0  stubs.o ABSOLUTE
    _printf_mbtowc                           0x00000000   Number         0  stubs.o ABSOLUTE
    _printf_n                                0x00000000   Number         0  stubs.o ABSOLUTE
    _printf_o                                0x00000000   Number         0  stubs.o ABSOLUTE
    _printf_p                                0x00000000   Number         0  stubs.o ABSOLUTE
    _printf_percent                          0x00000000   Number         0  stubs.o ABSOLUTE
    _printf_pre_padding                      0x00000000   Number         0  stubs.o ABSOLUTE
    _printf_return_value                     0x00000000   Number         0  stubs.o ABSOLUTE
    _printf_s                                0x00000000   Number         0  stubs.o ABSOLUTE
    _printf_sizespec                         0x00000000   Number         0  stubs.o ABSOLUTE
    _printf_str                              0x00000000   Number         0  stubs.o ABSOLUTE
    _printf_truncate_signed                  0x00000000   Number         0  stubs.o ABSOLUTE
    _printf_truncate_unsigned                0x00000000   Number         0  stubs.o ABSOLUTE
    _printf_u                                0x00000000   Number         0  stubs.o ABSOLUTE
    _printf_wc                               0x00000000   Number         0  stubs.o ABSOLUTE
    _printf_wctomb                           0x00000000   Number         0  stubs.o ABSOLUTE
    _printf_widthprec                        0x00000000   Number         0  stubs.o ABSOLUTE
    _printf_x                                0x00000000   Number         0  stubs.o ABSOLUTE
    __cpp_initialize__aeabi_                  - Undefined Weak Reference
    __cxa_finalize                            - Undefined Weak Reference
    __decompress                              - Undefined Weak Reference
    _clock_init                               - Undefined Weak Reference
    _microlib_exit                            - Undefined Weak Reference
    __Vectors_Size                           0x00000184   Number         0  startup_stm32f205xx.o ABSOLUTE
    __Vectors                                0x08000000   Data           4  startup_stm32f205xx.o(RESET)
    __Vectors_End                            0x08000184   Data           0  startup_stm32f205xx.o(RESET)
    __main                                   0x08000185   Thumb Code     0  entry.o(.ARM.Collect$$$$00000000)
    _main_stk                                0x08000185   Thumb Code     0  entry2.o(.ARM.Collect$$$$00000001)
    _main_scatterload                        0x08000189   Thumb Code     0  entry5.o(.ARM.Collect$$$$00000004)
    __main_after_scatterload                 0x0800018d   Thumb Code     0  entry5.o(.ARM.Collect$$$$00000004)
    _main_clock                              0x0800018d   Thumb Code     0  entry7b.o(.ARM.Collect$$$$00000008)
    _main_cpp_init                           0x0800018d   Thumb Code     0  entry8b.o(.ARM.Collect$$$$0000000A)
    _main_init                               0x0800018d   Thumb Code     0  entry9a.o(.ARM.Collect$$$$0000000B)
    __rt_final_cpp                           0x08000195   Thumb Code     0  entry10a.o(.ARM.Collect$$$$0000000D)
    __rt_final_exit                          0x08000195   Thumb Code     0  entry11a.o(.ARM.Collect$$$$0000000F)
    SVC_Handler                              0x08000199   Thumb Code    32  port.o(.emb_text)
    __asm___6_port_c_39a90d8d__prvStartFirstTask 0x080001bd   Thumb Code    28  port.o(.emb_text)
    PendSV_Handler                           0x080001dd   Thumb Code    72  port.o(.emb_text)
    vPortGetIPSR                             0x08000229   Thumb Code     6  port.o(.emb_text)
    Reset_Handler                            0x08000231   Thumb Code     8  startup_stm32f205xx.o(.text)
    ADC_IRQHandler                           0x0800024b   Thumb Code     0  startup_stm32f205xx.o(.text)
    CAN1_RX0_IRQHandler                      0x0800024b   Thumb Code     0  startup_stm32f205xx.o(.text)
    CAN1_RX1_IRQHandler                      0x0800024b   Thumb Code     0  startup_stm32f205xx.o(.text)
    CAN1_SCE_IRQHandler                      0x0800024b   Thumb Code     0  startup_stm32f205xx.o(.text)
    CAN1_TX_IRQHandler                       0x0800024b   Thumb Code     0  startup_stm32f205xx.o(.text)
    CAN2_RX0_IRQHandler                      0x0800024b   Thumb Code     0  startup_stm32f205xx.o(.text)
    CAN2_RX1_IRQHandler                      0x0800024b   Thumb Code     0  startup_stm32f205xx.o(.text)
    CAN2_SCE_IRQHandler                      0x0800024b   Thumb Code     0  startup_stm32f205xx.o(.text)
    CAN2_TX_IRQHandler                       0x0800024b   Thumb Code     0  startup_stm32f205xx.o(.text)
    DMA1_Stream0_IRQHandler                  0x0800024b   Thumb Code     0  startup_stm32f205xx.o(.text)
    DMA1_Stream1_IRQHandler                  0x0800024b   Thumb Code     0  startup_stm32f205xx.o(.text)
    DMA1_Stream2_IRQHandler                  0x0800024b   Thumb Code     0  startup_stm32f205xx.o(.text)
    DMA1_Stream3_IRQHandler                  0x0800024b   Thumb Code     0  startup_stm32f205xx.o(.text)
    DMA1_Stream4_IRQHandler                  0x0800024b   Thumb Code     0  startup_stm32f205xx.o(.text)
    DMA1_Stream7_IRQHandler                  0x0800024b   Thumb Code     0  startup_stm32f205xx.o(.text)
    DMA2_Stream1_IRQHandler                  0x0800024b   Thumb Code     0  startup_stm32f205xx.o(.text)
    DMA2_Stream2_IRQHandler                  0x0800024b   Thumb Code     0  startup_stm32f205xx.o(.text)
    DMA2_Stream3_IRQHandler                  0x0800024b   Thumb Code     0  startup_stm32f205xx.o(.text)
    DMA2_Stream4_IRQHandler                  0x0800024b   Thumb Code     0  startup_stm32f205xx.o(.text)
    DMA2_Stream6_IRQHandler                  0x0800024b   Thumb Code     0  startup_stm32f205xx.o(.text)
    EXTI0_IRQHandler                         0x0800024b   Thumb Code     0  startup_stm32f205xx.o(.text)
    EXTI15_10_IRQHandler                     0x0800024b   Thumb Code     0  startup_stm32f205xx.o(.text)
    EXTI1_IRQHandler                         0x0800024b   Thumb Code     0  startup_stm32f205xx.o(.text)
    EXTI2_IRQHandler                         0x0800024b   Thumb Code     0  startup_stm32f205xx.o(.text)
    EXTI3_IRQHandler                         0x0800024b   Thumb Code     0  startup_stm32f205xx.o(.text)
    EXTI4_IRQHandler                         0x0800024b   Thumb Code     0  startup_stm32f205xx.o(.text)
    EXTI9_5_IRQHandler                       0x0800024b   Thumb Code     0  startup_stm32f205xx.o(.text)
    FLASH_IRQHandler                         0x0800024b   Thumb Code     0  startup_stm32f205xx.o(.text)
    FSMC_IRQHandler                          0x0800024b   Thumb Code     0  startup_stm32f205xx.o(.text)
    HASH_RNG_IRQHandler                      0x0800024b   Thumb Code     0  startup_stm32f205xx.o(.text)
    I2C1_ER_IRQHandler                       0x0800024b   Thumb Code     0  startup_stm32f205xx.o(.text)
    I2C1_EV_IRQHandler                       0x0800024b   Thumb Code     0  startup_stm32f205xx.o(.text)
    I2C2_ER_IRQHandler                       0x0800024b   Thumb Code     0  startup_stm32f205xx.o(.text)
    I2C2_EV_IRQHandler                       0x0800024b   Thumb Code     0  startup_stm32f205xx.o(.text)
    I2C3_ER_IRQHandler                       0x0800024b   Thumb Code     0  startup_stm32f205xx.o(.text)
    I2C3_EV_IRQHandler                       0x0800024b   Thumb Code     0  startup_stm32f205xx.o(.text)
    OTG_FS_IRQHandler                        0x0800024b   Thumb Code     0  startup_stm32f205xx.o(.text)
    OTG_FS_WKUP_IRQHandler                   0x0800024b   Thumb Code     0  startup_stm32f205xx.o(.text)
    OTG_HS_EP1_IN_IRQHandler                 0x0800024b   Thumb Code     0  startup_stm32f205xx.o(.text)
    OTG_HS_EP1_OUT_IRQHandler                0x0800024b   Thumb Code     0  startup_stm32f205xx.o(.text)
    OTG_HS_IRQHandler                        0x0800024b   Thumb Code     0  startup_stm32f205xx.o(.text)
    OTG_HS_WKUP_IRQHandler                   0x0800024b   Thumb Code     0  startup_stm32f205xx.o(.text)
    PVD_IRQHandler                           0x0800024b   Thumb Code     0  startup_stm32f205xx.o(.text)
    RCC_IRQHandler                           0x0800024b   Thumb Code     0  startup_stm32f205xx.o(.text)
    RTC_Alarm_IRQHandler                     0x0800024b   Thumb Code     0  startup_stm32f205xx.o(.text)
    RTC_WKUP_IRQHandler                      0x0800024b   Thumb Code     0  startup_stm32f205xx.o(.text)
    SDIO_IRQHandler                          0x0800024b   Thumb Code     0  startup_stm32f205xx.o(.text)
    SPI1_IRQHandler                          0x0800024b   Thumb Code     0  startup_stm32f205xx.o(.text)
    SPI2_IRQHandler                          0x0800024b   Thumb Code     0  startup_stm32f205xx.o(.text)
    SPI3_IRQHandler                          0x0800024b   Thumb Code     0  startup_stm32f205xx.o(.text)
    TAMP_STAMP_IRQHandler                    0x0800024b   Thumb Code     0  startup_stm32f205xx.o(.text)
    TIM1_BRK_TIM9_IRQHandler                 0x0800024b   Thumb Code     0  startup_stm32f205xx.o(.text)
    TIM1_CC_IRQHandler                       0x0800024b   Thumb Code     0  startup_stm32f205xx.o(.text)
    TIM1_TRG_COM_TIM11_IRQHandler            0x0800024b   Thumb Code     0  startup_stm32f205xx.o(.text)
    TIM1_UP_TIM10_IRQHandler                 0x0800024b   Thumb Code     0  startup_stm32f205xx.o(.text)
    TIM2_IRQHandler                          0x0800024b   Thumb Code     0  startup_stm32f205xx.o(.text)
    TIM3_IRQHandler                          0x0800024b   Thumb Code     0  startup_stm32f205xx.o(.text)
    TIM5_IRQHandler                          0x0800024b   Thumb Code     0  startup_stm32f205xx.o(.text)
    TIM6_DAC_IRQHandler                      0x0800024b   Thumb Code     0  startup_stm32f205xx.o(.text)
    TIM7_IRQHandler                          0x0800024b   Thumb Code     0  startup_stm32f205xx.o(.text)
    TIM8_BRK_TIM12_IRQHandler                0x0800024b   Thumb Code     0  startup_stm32f205xx.o(.text)
    TIM8_CC_IRQHandler                       0x0800024b   Thumb Code     0  startup_stm32f205xx.o(.text)
    TIM8_TRG_COM_TIM14_IRQHandler            0x0800024b   Thumb Code     0  startup_stm32f205xx.o(.text)
    TIM8_UP_TIM13_IRQHandler                 0x0800024b   Thumb Code     0  startup_stm32f205xx.o(.text)
    UART5_IRQHandler                         0x0800024b   Thumb Code     0  startup_stm32f205xx.o(.text)
    USART3_IRQHandler                        0x0800024b   Thumb Code     0  startup_stm32f205xx.o(.text)
    WWDG_IRQHandler                          0x0800024b   Thumb Code     0  startup_stm32f205xx.o(.text)
    __aeabi_uldivmod                         0x08000255   Thumb Code    98  uldiv.o(.text)
    __aeabi_memcpy                           0x080002b7   Thumb Code    36  memcpya.o(.text)
    __aeabi_memcpy4                          0x080002b7   Thumb Code     0  memcpya.o(.text)
    __aeabi_memcpy8                          0x080002b7   Thumb Code     0  memcpya.o(.text)
    __aeabi_memset                           0x080002db   Thumb Code    14  memseta.o(.text)
    __aeabi_memset4                          0x080002db   Thumb Code     0  memseta.o(.text)
    __aeabi_memset8                          0x080002db   Thumb Code     0  memseta.o(.text)
    __aeabi_memclr                           0x080002e9   Thumb Code     4  memseta.o(.text)
    __aeabi_memclr4                          0x080002e9   Thumb Code     0  memseta.o(.text)
    __aeabi_memclr8                          0x080002e9   Thumb Code     0  memseta.o(.text)
    _memset$wrapper                          0x080002ed   Thumb Code    18  memseta.o(.text)
    strstr                                   0x080002ff   Thumb Code    36  strstr.o(.text)
    strchr                                   0x08000323   Thumb Code    20  strchr.o(.text)
    strlen                                   0x08000337   Thumb Code    14  strlen.o(.text)
    strncat                                  0x08000345   Thumb Code    40  strncat.o(.text)
    strncmp                                  0x0800036d   Thumb Code    30  strncmp.o(.text)
    atoi                                     0x0800038b   Thumb Code    26  atoi.o(.text)
    __aeabi_fadd                             0x080003a5   Thumb Code   164  fadd.o(.text)
    __aeabi_fsub                             0x08000449   Thumb Code     6  fadd.o(.text)
    __aeabi_frsub                            0x0800044f   Thumb Code     6  fadd.o(.text)
    __aeabi_fmul                             0x08000455   Thumb Code   100  fmul.o(.text)
    __aeabi_fdiv                             0x080004b9   Thumb Code   124  fdiv.o(.text)
    __aeabi_dadd                             0x08000535   Thumb Code   322  dadd.o(.text)
    __aeabi_dsub                             0x08000677   Thumb Code     6  dadd.o(.text)
    __aeabi_drsub                            0x0800067d   Thumb Code     6  dadd.o(.text)
    __aeabi_dmul                             0x08000683   Thumb Code   228  dmul.o(.text)
    __aeabi_ui2f                             0x08000767   Thumb Code    10  ffltui.o(.text)
    __aeabi_i2d                              0x08000771   Thumb Code    34  dflti.o(.text)
    __aeabi_d2iz                             0x08000793   Thumb Code    62  dfixi.o(.text)
    __aeabi_f2d                              0x080007d1   Thumb Code    38  f2d.o(.text)
    __aeabi_cdrcmple                         0x080007f9   Thumb Code    48  cdrcmple.o(.text)
    __aeabi_d2f                              0x08000829   Thumb Code    56  d2f.o(.text)
    __aeabi_uidiv                            0x08000861   Thumb Code     0  uidiv.o(.text)
    __aeabi_uidivmod                         0x08000861   Thumb Code    44  uidiv.o(.text)
    __aeabi_llsl                             0x0800088d   Thumb Code    30  llshl.o(.text)
    _ll_shift_l                              0x0800088d   Thumb Code     0  llshl.o(.text)
    __aeabi_llsr                             0x080008ab   Thumb Code    32  llushr.o(.text)
    _ll_ushift_r                             0x080008ab   Thumb Code     0  llushr.o(.text)
    __aeabi_lasr                             0x080008cb   Thumb Code    36  llsshr.o(.text)
    _ll_sshift_r                             0x080008cb   Thumb Code     0  llsshr.o(.text)
    strtol                                   0x080008ef   Thumb Code   112  strtol.o(.text)
    __I$use$fp                               0x0800095f   Thumb Code     0  iusefp.o(.text)
    _float_round                             0x0800095f   Thumb Code    18  fepilogue.o(.text)
    _float_epilogue                          0x08000971   Thumb Code    92  fepilogue.o(.text)
    _double_round                            0x080009cd   Thumb Code    30  depilogue.o(.text)
    _double_epilogue                         0x080009eb   Thumb Code   156  depilogue.o(.text)
    __aeabi_ddiv                             0x08000a87   Thumb Code   222  ddiv.o(.text)
    __ARM_scalbn                             0x08000b65   Thumb Code    46  dscalb.o(.text)
    scalbn                                   0x08000b65   Thumb Code     0  dscalb.o(.text)
    __aeabi_d2ulz                            0x08000b93   Thumb Code    48  dfixul.o(.text)
    __scatterload                            0x08000bc5   Thumb Code    28  init.o(.text)
    __scatterload_rt2                        0x08000bc5   Thumb Code     0  init.o(.text)
    __rt_ctype_table                         0x08000be9   Thumb Code     4  ctype_o.o(.text)
    _strtoul                                 0x08000bf1   Thumb Code   158  _strtoul.o(.text)
    _dsqrt                                   0x08000c8f   Thumb Code   162  dsqrt.o(.text)
    _chval                                   0x08000d31   Thumb Code    28  _chval.o(.text)
    Airquality_rev_data                      0x08000f71   Thumb Code    18  bsp_airquality_driver.o(i.Airquality_rev_data)
    Airquality_usart4_init                   0x08000f89   Thumb Code   164  bsp_airquality_driver.o(i.Airquality_usart4_init)
    BusFault_Handler                         0x0800103d   Thumb Code     4  stm32f2xx_it.o(i.BusFault_Handler)
    Cloud_DevLink                            0x08001041   Thumb Code   192  cloud.o(i.Cloud_DevLink)
    Cloud_RevPro                             0x08001275   Thumb Code   470  cloud.o(i.Cloud_RevPro)
    Cloud_Subscribe                          0x080015d5   Thumb Code    84  cloud.o(i.Cloud_Subscribe)
    DMA1_Stream5_IRQHandler                  0x08001641   Thumb Code    10  stm32f2xx_it.o(i.DMA1_Stream5_IRQHandler)
    DMA1_Stream6_IRQHandler                  0x08001651   Thumb Code    10  stm32f2xx_it.o(i.DMA1_Stream6_IRQHandler)
    DMA2_Stream0_IRQHandler                  0x08001661   Thumb Code    10  stm32f2xx_it.o(i.DMA2_Stream0_IRQHandler)
    DMA2_Stream5_IRQHandler                  0x08001671   Thumb Code    10  stm32f2xx_it.o(i.DMA2_Stream5_IRQHandler)
    DMA2_Stream7_IRQHandler                  0x08001681   Thumb Code    10  stm32f2xx_it.o(i.DMA2_Stream7_IRQHandler)
    DebugMon_Handler                         0x0800179b   Thumb Code     2  stm32f2xx_it.o(i.DebugMon_Handler)
    ESP8266_Clear                            0x0800179d   Thumb Code    20  bsp_esp8266_driver.o(i.ESP8266_Clear)
    ESP8266_Connect                          0x080017b9   Thumb Code   208  bsp_esp8266_driver.o(i.ESP8266_Connect)
    ESP8266_GetIPD                           0x08001999   Thumb Code    74  bsp_esp8266_driver.o(i.ESP8266_GetIPD)
    ESP8266_SendCmd                          0x08001a01   Thumb Code    90  bsp_esp8266_driver.o(i.ESP8266_SendCmd)
    ESP8266_SendData                         0x08001a6d   Thumb Code    62  bsp_esp8266_driver.o(i.ESP8266_SendData)
    ESP8266_WaitReceive                      0x08001ac1   Thumb Code    72  bsp_esp8266_driver.o(i.ESP8266_WaitReceive)
    HAL_ADC_ConfigChannel                    0x08001b15   Thumb Code   386  stm32f2xx_hal_adc.o(i.HAL_ADC_ConfigChannel)
    HAL_ADC_ConvCpltCallback                 0x08001ca9   Thumb Code     2  stm32f2xx_hal_adc.o(i.HAL_ADC_ConvCpltCallback)
    HAL_ADC_ConvHalfCpltCallback             0x08001cab   Thumb Code     2  stm32f2xx_hal_adc.o(i.HAL_ADC_ConvHalfCpltCallback)
    HAL_ADC_ErrorCallback                    0x08001cad   Thumb Code     2  stm32f2xx_hal_adc.o(i.HAL_ADC_ErrorCallback)
    HAL_ADC_Init                             0x08001cb1   Thumb Code   100  stm32f2xx_hal_adc.o(i.HAL_ADC_Init)
    HAL_ADC_MspInit                          0x08001d19   Thumb Code     2  stm32f2xx_hal_adc.o(i.HAL_ADC_MspInit)
    HAL_ADC_Start_DMA                        0x08001d1d   Thumb Code   322  stm32f2xx_hal_adc.o(i.HAL_ADC_Start_DMA)
    HAL_ADC_Stop_DMA                         0x08001e7d   Thumb Code   118  stm32f2xx_hal_adc.o(i.HAL_ADC_Stop_DMA)
    HAL_DMA_Abort                            0x08001ef3   Thumb Code   172  stm32f2xx_hal_dma.o(i.HAL_DMA_Abort)
    HAL_DMA_Abort_IT                         0x08001f9f   Thumb Code    40  stm32f2xx_hal_dma.o(i.HAL_DMA_Abort_IT)
    HAL_DMA_IRQHandler                       0x08001fc9   Thumb Code   570  stm32f2xx_hal_dma.o(i.HAL_DMA_IRQHandler)
    HAL_DMA_Init                             0x08002209   Thumb Code   232  stm32f2xx_hal_dma.o(i.HAL_DMA_Init)
    HAL_DMA_Start_IT                         0x080022f5   Thumb Code   146  stm32f2xx_hal_dma.o(i.HAL_DMA_Start_IT)
    HAL_Delay                                0x08002389   Thumb Code    34  stm32f2xx_hal.o(i.HAL_Delay)
    HAL_GPIO_Init                            0x080023b1   Thumb Code   460  stm32f2xx_hal_gpio.o(i.HAL_GPIO_Init)
    HAL_GetTick                              0x080025ad   Thumb Code     6  stm32f2xx_hal.o(i.HAL_GetTick)
    HAL_I2C_Init                             0x080025b9   Thumb Code   446  stm32f2xx_hal_i2c.o(i.HAL_I2C_Init)
    HAL_I2C_Master_Receive                   0x08002789   Thumb Code   766  stm32f2xx_hal_i2c.o(i.HAL_I2C_Master_Receive)
    HAL_I2C_Master_Transmit                  0x08002a95   Thumb Code   360  stm32f2xx_hal_i2c.o(i.HAL_I2C_Master_Transmit)
    HAL_I2C_MspInit                          0x08002c05   Thumb Code     2  stm32f2xx_hal_i2c.o(i.HAL_I2C_MspInit)
    HAL_IncTick                              0x08002c09   Thumb Code    16  stm32f2xx_hal.o(i.HAL_IncTick)
    HAL_Init                                 0x08002c21   Thumb Code    54  stm32f2xx_hal.o(i.HAL_Init)
    HAL_InitTick                             0x08002c5d   Thumb Code   160  stm32f2xx_hal_timebase_tim.o(i.HAL_InitTick)
    HAL_MspInit                              0x08002d11   Thumb Code     2  stm32f2xx_hal.o(i.HAL_MspInit)
    HAL_NVIC_EnableIRQ                       0x08002d13   Thumb Code    32  stm32f2xx_hal_cortex.o(i.HAL_NVIC_EnableIRQ)
    HAL_NVIC_SetPriority                     0x08002d33   Thumb Code   124  stm32f2xx_hal_cortex.o(i.HAL_NVIC_SetPriority)
    HAL_NVIC_SetPriorityGrouping             0x08002db1   Thumb Code    32  stm32f2xx_hal_cortex.o(i.HAL_NVIC_SetPriorityGrouping)
    HAL_RCC_ClockConfig                      0x08002dd9   Thumb Code   374  stm32f2xx_hal_rcc.o(i.HAL_RCC_ClockConfig)
    HAL_RCC_GetClockConfig                   0x08002f65   Thumb Code    58  stm32f2xx_hal_rcc.o(i.HAL_RCC_GetClockConfig)
    HAL_RCC_GetHCLKFreq                      0x08002fa9   Thumb Code     6  stm32f2xx_hal_rcc.o(i.HAL_RCC_GetHCLKFreq)
    HAL_RCC_GetPCLK1Freq                     0x08002fb5   Thumb Code    36  stm32f2xx_hal_rcc.o(i.HAL_RCC_GetPCLK1Freq)
    HAL_RCC_GetPCLK2Freq                     0x08002fe1   Thumb Code    36  stm32f2xx_hal_rcc.o(i.HAL_RCC_GetPCLK2Freq)
    HAL_RCC_GetSysClockFreq                  0x0800300d   Thumb Code   162  stm32f2xx_hal_rcc.o(i.HAL_RCC_GetSysClockFreq)
    HAL_RCC_OscConfig                        0x080030bd   Thumb Code  1046  stm32f2xx_hal_rcc.o(i.HAL_RCC_OscConfig)
    HAL_TIMEx_BreakCallback                  0x080034d3   Thumb Code     2  stm32f2xx_hal_tim_ex.o(i.HAL_TIMEx_BreakCallback)
    HAL_TIMEx_CommutCallback                 0x080034d5   Thumb Code     2  stm32f2xx_hal_tim_ex.o(i.HAL_TIMEx_CommutCallback)
    HAL_TIM_Base_Init                        0x080034d7   Thumb Code   102  stm32f2xx_hal_tim.o(i.HAL_TIM_Base_Init)
    HAL_TIM_Base_MspInit                     0x0800353d   Thumb Code     2  stm32f2xx_hal_tim.o(i.HAL_TIM_Base_MspInit)
    HAL_TIM_Base_Start_IT                    0x08003541   Thumb Code   138  stm32f2xx_hal_tim.o(i.HAL_TIM_Base_Start_IT)
    HAL_TIM_IC_CaptureCallback               0x080035e9   Thumb Code     2  stm32f2xx_hal_tim.o(i.HAL_TIM_IC_CaptureCallback)
    HAL_TIM_IRQHandler                       0x080035eb   Thumb Code   406  stm32f2xx_hal_tim.o(i.HAL_TIM_IRQHandler)
    HAL_TIM_OC_DelayElapsedCallback          0x08003781   Thumb Code     2  stm32f2xx_hal_tim.o(i.HAL_TIM_OC_DelayElapsedCallback)
    HAL_TIM_PWM_PulseFinishedCallback        0x08003783   Thumb Code     2  stm32f2xx_hal_tim.o(i.HAL_TIM_PWM_PulseFinishedCallback)
    HAL_TIM_PeriodElapsedCallback            0x08003785   Thumb Code    18  sys.o(i.HAL_TIM_PeriodElapsedCallback)
    HAL_TIM_TriggerCallback                  0x0800379d   Thumb Code     2  stm32f2xx_hal_tim.o(i.HAL_TIM_TriggerCallback)
    HAL_UARTEx_ReceiveToIdle_IT              0x0800379f   Thumb Code   114  stm32f2xx_hal_uart.o(i.HAL_UARTEx_ReceiveToIdle_IT)
    HAL_UARTEx_RxEventCallback               0x08003811   Thumb Code   220  app_air_task.o(i.HAL_UARTEx_RxEventCallback)
    HAL_UART_ErrorCallback                   0x08003909   Thumb Code     2  stm32f2xx_hal_uart.o(i.HAL_UART_ErrorCallback)
    HAL_UART_IRQHandler                      0x0800390d   Thumb Code   740  stm32f2xx_hal_uart.o(i.HAL_UART_IRQHandler)
    HAL_UART_Init                            0x08003bf5   Thumb Code   118  stm32f2xx_hal_uart.o(i.HAL_UART_Init)
    HAL_UART_MspInit                         0x08003c6b   Thumb Code     2  stm32f2xx_hal_uart.o(i.HAL_UART_MspInit)
    HAL_UART_Receive_DMA                     0x08003c6d   Thumb Code    44  stm32f2xx_hal_uart.o(i.HAL_UART_Receive_DMA)
    HAL_UART_RxCpltCallback                  0x08003c99   Thumb Code    66  bsp_esp8266_driver.o(i.HAL_UART_RxCpltCallback)
    HAL_UART_RxHalfCpltCallback              0x08003ce9   Thumb Code     2  stm32f2xx_hal_uart.o(i.HAL_UART_RxHalfCpltCallback)
    HAL_UART_Transmit                        0x08003ceb   Thumb Code   178  stm32f2xx_hal_uart.o(i.HAL_UART_Transmit)
    HAL_UART_Transmit_DMA                    0x08003d9d   Thumb Code   128  stm32f2xx_hal_uart.o(i.HAL_UART_Transmit_DMA)
    HAL_UART_TxCpltCallback                  0x08003e29   Thumb Code     2  stm32f2xx_hal_uart.o(i.HAL_UART_TxCpltCallback)
    HAL_UART_TxHalfCpltCallback              0x08003e2b   Thumb Code     2  stm32f2xx_hal_uart.o(i.HAL_UART_TxHalfCpltCallback)
    HardFault_Handler                        0x08003e2d   Thumb Code     4  stm32f2xx_it.o(i.HardFault_Handler)
    MQTT_DeleteBuffer                        0x08004377   Thumb Code    28  mqttkit.o(i.MQTT_DeleteBuffer)
    MQTT_DumpLength                          0x08004393   Thumb Code    46  mqttkit.o(i.MQTT_DumpLength)
    MQTT_NewBuffer                           0x080043c1   Thumb Code    88  mqttkit.o(i.MQTT_NewBuffer)
    MQTT_PacketConnect                       0x08004419   Thumb Code   666  mqttkit.o(i.MQTT_PacketConnect)
    MQTT_PacketPublishComp                   0x080046b9   Thumb Code    72  mqttkit.o(i.MQTT_PacketPublishComp)
    MQTT_PacketPublishRel                    0x08004701   Thumb Code    72  mqttkit.o(i.MQTT_PacketPublishRel)
    MQTT_PacketSubscribe                     0x08004749   Thumb Code   254  mqttkit.o(i.MQTT_PacketSubscribe)
    MQTT_ReadLength                          0x08004847   Thumb Code    70  mqttkit.o(i.MQTT_ReadLength)
    MQTT_UnPacketCmd                         0x0800488d   Thumb Code   140  mqttkit.o(i.MQTT_UnPacketCmd)
    MQTT_UnPacketConnectAck                  0x08004919   Thumb Code    30  mqttkit.o(i.MQTT_UnPacketConnectAck)
    MQTT_UnPacketPublish                     0x08004939   Thumb Code   438  mqttkit.o(i.MQTT_UnPacketPublish)
    MQTT_UnPacketPublishAck                  0x08004af9   Thumb Code    30  mqttkit.o(i.MQTT_UnPacketPublishAck)
    MQTT_UnPacketPublishComp                 0x08004b17   Thumb Code    30  mqttkit.o(i.MQTT_UnPacketPublishComp)
    MQTT_UnPacketPublishRec                  0x08004b35   Thumb Code    30  mqttkit.o(i.MQTT_UnPacketPublishRec)
    MQTT_UnPacketPublishRel                  0x08004b53   Thumb Code    36  mqttkit.o(i.MQTT_UnPacketPublishRel)
    MQTT_UnPacketRecv                        0x08004b79   Thumb Code   106  mqttkit.o(i.MQTT_UnPacketRecv)
    MQTT_UnPacketSubscribe                   0x08004bed   Thumb Code    52  mqttkit.o(i.MQTT_UnPacketSubscribe)
    MQTT_UnPacketUnSubscribe                 0x08004c21   Thumb Code    18  mqttkit.o(i.MQTT_UnPacketUnSubscribe)
    MemManage_Handler                        0x08004c33   Thumb Code     4  stm32f2xx_it.o(i.MemManage_Handler)
    NMI_Handler                              0x08004c37   Thumb Code     2  stm32f2xx_it.o(i.NMI_Handler)
    SysTick_Handler                          0x08004c39   Thumb Code     8  stm32f2xx_it.o(i.SysTick_Handler)
    SystemInit                               0x08004c41   Thumb Code     2  system_stm32f2xx.o(i.SystemInit)
    TIM4_IRQHandler                          0x08004c45   Thumb Code    10  stm32f2xx_it.o(i.TIM4_IRQHandler)
    TIM_Base_SetConfig                       0x08004c55   Thumb Code   170  stm32f2xx_hal_tim.o(i.TIM_Base_SetConfig)
    UART4_IRQHandler                         0x08004d2d   Thumb Code    10  stm32f2xx_it.o(i.UART4_IRQHandler)
    UART_Start_Receive_DMA                   0x08005249   Thumb Code   186  stm32f2xx_hal_uart.o(i.UART_Start_Receive_DMA)
    UART_Start_Receive_IT                    0x08005311   Thumb Code    64  stm32f2xx_hal_uart.o(i.UART_Start_Receive_IT)
    USART1_IRQHandler                        0x08005445   Thumb Code    10  stm32f2xx_it.o(i.USART1_IRQHandler)
    USART2_IRQHandler                        0x08005455   Thumb Code    10  stm32f2xx_it.o(i.USART2_IRQHandler)
    USART6_IRQHandler                        0x08005465   Thumb Code    10  stm32f2xx_it.o(i.USART6_IRQHandler)
    UsageFault_Handler                       0x08005475   Thumb Code     4  stm32f2xx_it.o(i.UsageFault_Handler)
    __0printf                                0x08005479   Thumb Code    22  printfa.o(i.__0printf)
    __1printf                                0x08005479   Thumb Code     0  printfa.o(i.__0printf)
    __2printf                                0x08005479   Thumb Code     0  printfa.o(i.__0printf)
    __c89printf                              0x08005479   Thumb Code     0  printfa.o(i.__0printf)
    printf                                   0x08005479   Thumb Code     0  printfa.o(i.__0printf)
    __0sprintf                               0x08005499   Thumb Code    34  printfa.o(i.__0sprintf)
    __1sprintf                               0x08005499   Thumb Code     0  printfa.o(i.__0sprintf)
    __2sprintf                               0x08005499   Thumb Code     0  printfa.o(i.__0sprintf)
    __c89sprintf                             0x08005499   Thumb Code     0  printfa.o(i.__0sprintf)
    sprintf                                  0x08005499   Thumb Code     0  printfa.o(i.__0sprintf)
    __ARM_fpclassify                         0x080054c1   Thumb Code    40  fpclassify.o(i.__ARM_fpclassify)
    __aeabi_errno_addr                       0x08005521   Thumb Code     4  errno.o(i.__aeabi_errno_addr)
    __rt_errno_addr                          0x08005521   Thumb Code     0  errno.o(i.__aeabi_errno_addr)
    __kernel_poly                            0x08005529   Thumb Code   170  poly.o(i.__kernel_poly)
    __mathlib_dbl_divzero                    0x080055d5   Thumb Code    12  dunder.o(i.__mathlib_dbl_divzero)
    __mathlib_dbl_infnan2                    0x080055e5   Thumb Code     4  dunder.o(i.__mathlib_dbl_infnan2)
    __mathlib_dbl_invalid                    0x080055e9   Thumb Code    12  dunder.o(i.__mathlib_dbl_invalid)
    __mathlib_dbl_overflow                   0x080055f5   Thumb Code    14  dunder.o(i.__mathlib_dbl_overflow)
    __mathlib_dbl_underflow                  0x08005605   Thumb Code    10  dunder.o(i.__mathlib_dbl_underflow)
    __scatterload_copy                       0x08005615   Thumb Code    14  handlers.o(i.__scatterload_copy)
    __scatterload_null                       0x08005623   Thumb Code     2  handlers.o(i.__scatterload_null)
    __scatterload_zeroinit                   0x08005625   Thumb Code    14  handlers.o(i.__scatterload_zeroinit)
    __set_errno                              0x08005635   Thumb Code     6  errno.o(i.__set_errno)
    adc_to_db                                0x08005efd   Thumb Code    56  bsp_lm2904_driver.o(i.adc_to_db)
    aht20_init                               0x08005f3d   Thumb Code   216  bsp_aht20_driver.o(i.aht20_init)
    aht20_read                               0x0800602d   Thumb Code   178  bsp_aht20_driver.o(i.aht20_read)
    aht20_task                               0x080060f5   Thumb Code    66  app_aht20_task.o(i.aht20_task)
    air_task                                 0x08006141   Thumb Code    94  app_air_task.o(i.air_task)
    cJSON_Delete                             0x080061b5   Thumb Code    82  cjson.o(i.cJSON_Delete)
    cJSON_GetErrorPtr                        0x0800620d   Thumb Code     6  cjson.o(i.cJSON_GetErrorPtr)
    cJSON_Parse                              0x08006239   Thumb Code    16  cjson.o(i.cJSON_Parse)
    cJSON_ParseWithOpts                      0x08006249   Thumb Code    96  cjson.o(i.cJSON_ParseWithOpts)
    debug_usart1_Init                        0x080062ad   Thumb Code   368  bsp_usart_driver.o(i.debug_usart1_Init)
    fputc                                    0x08006439   Thumb Code    22  bsp_usart_driver.o(i.fputc)
    free                                     0x08006455   Thumb Code    76  malloc.o(i.free)
    freeRTOS_start                           0x080064a5   Thumb Code    28  freertos_demo.o(i.freeRTOS_start)
    lm2904_init                              0x080064d5   Thumb Code   312  bsp_lm2904_driver.o(i.lm2904_init)
    lm2904_start                             0x08006629   Thumb Code    18  bsp_lm2904_driver.o(i.lm2904_start)
    lm2904_stop                              0x08006641   Thumb Code    10  bsp_lm2904_driver.o(i.lm2904_stop)
    lm2904_task                              0x08006651   Thumb Code    80  app_lm2904_task.o(i.lm2904_task)
    main                                     0x080066a9   Thumb Code    16  main.o(i.main)
    malloc                                   0x080066b9   Thumb Code    92  malloc.o(i.malloc)
    pm25_rev_data                            0x08006e3d   Thumb Code    18  bsp_pm2.5_driver.o(i.pm25_rev_data)
    pm25_usart6_init                         0x08006e55   Thumb Code   164  bsp_pm2.5_driver.o(i.pm25_usart6_init)
    pow                                      0x08006f09   Thumb Code  2512  pow.o(i.pow)
    pvPortMalloc                             0x08007e95   Thumb Code   208  heap_4.o(i.pvPortMalloc)
    pxPortInitialiseStack                    0x08007f79   Thumb Code    30  port.o(i.pxPortInitialiseStack)
    sqrt                                     0x08007faf   Thumb Code    76  sqrt.o(i.sqrt)
    start_task                               0x08007ffd   Thumb Code   196  freertos_demo.o(i.start_task)
    sys_clock_init                           0x08008121   Thumb Code    94  sys.o(i.sys_clock_init)
    uxListRemove                             0x0800817f   Thumb Code    40  list.o(i.uxListRemove)
    vListInitialise                          0x080081a7   Thumb Code    26  list.o(i.vListInitialise)
    vListInitialiseItem                      0x080081c1   Thumb Code     6  list.o(i.vListInitialiseItem)
    vListInsert                              0x080081c7   Thumb Code    52  list.o(i.vListInsert)
    vListInsertEnd                           0x080081fb   Thumb Code    24  list.o(i.vListInsertEnd)
    vPortEnterCritical                       0x08008215   Thumb Code    30  port.o(i.vPortEnterCritical)
    vPortExitCritical                        0x08008239   Thumb Code    28  port.o(i.vPortExitCritical)
    vPortFree                                0x08008259   Thumb Code    68  heap_4.o(i.vPortFree)
    vPortSetupTimerInterrupt                 0x080082a5   Thumb Code    20  port.o(i.vPortSetupTimerInterrupt)
    vTaskDelay                               0x080082bd   Thumb Code    46  tasks.o(i.vTaskDelay)
    vTaskDelete                              0x080082f1   Thumb Code   174  tasks.o(i.vTaskDelete)
    vTaskInternalSetTimeOutState             0x080083c5   Thumb Code    14  tasks.o(i.vTaskInternalSetTimeOutState)
    vTaskMissedYield                         0x080083dd   Thumb Code     8  tasks.o(i.vTaskMissedYield)
    vTaskPlaceOnEventList                    0x080083e9   Thumb Code    28  tasks.o(i.vTaskPlaceOnEventList)
    vTaskStartScheduler                      0x08008409   Thumb Code    76  tasks.o(i.vTaskStartScheduler)
    vTaskSuspendAll                          0x08008475   Thumb Code    12  tasks.o(i.vTaskSuspendAll)
    vTaskSwitchContext                       0x08008485   Thumb Code    76  tasks.o(i.vTaskSwitchContext)
    wifi_connect_task                        0x080084e5   Thumb Code   314  app_wifi_task.o(i.wifi_connect_task)
    wifi_usart2_Init                         0x08008719   Thumb Code   334  bsp_usart_driver.o(i.wifi_usart2_Init)
    wifi_usart2_Receive                      0x08008885   Thumb Code    18  bsp_usart_driver.o(i.wifi_usart2_Receive)
    wifi_usart2_Send                         0x0800889d   Thumb Code    18  bsp_usart_driver.o(i.wifi_usart2_Send)
    xPortStartScheduler                      0x080088b5   Thumb Code    42  port.o(i.xPortStartScheduler)
    xPortSysTickHandler                      0x080088e9   Thumb Code    46  port.o(i.xPortSysTickHandler)
    xQueueGenericCreate                      0x0800891d   Thumb Code    76  queue.o(i.xQueueGenericCreate)
    xQueueGenericReset                       0x08008969   Thumb Code   156  queue.o(i.xQueueGenericReset)
    xQueueGenericSend                        0x08008a09   Thumb Code   276  queue.o(i.xQueueGenericSend)
    xQueueReceive                            0x08008b21   Thumb Code   256  queue.o(i.xQueueReceive)
    xQueueSemaphoreTake                      0x08008c25   Thumb Code   234  queue.o(i.xQueueSemaphoreTake)
    xTaskCheckForTimeOut                     0x08008d15   Thumb Code    88  tasks.o(i.xTaskCheckForTimeOut)
    xTaskCreate                              0x08008d75   Thumb Code   104  tasks.o(i.xTaskCreate)
    xTaskGetTickCount                        0x08008ddd   Thumb Code     6  tasks.o(i.xTaskGetTickCount)
    xTaskIncrementTick                       0x08008de9   Thumb Code   356  tasks.o(i.xTaskIncrementTick)
    xTaskRemoveFromEventList                 0x08008f79   Thumb Code   240  tasks.o(i.xTaskRemoveFromEventList)
    xTaskResumeAll                           0x08009081   Thumb Code   310  tasks.o(i.xTaskResumeAll)
    AHBPrescTable                            0x080091e7   Data          16  system_stm32f2xx.o(.constdata)
    APBPrescTable                            0x080091f7   Data           8  system_stm32f2xx.o(.constdata)
    __mathlib_zero                           0x08009290   Data           8  qnan.o(.constdata)
    __ctype_table                            0x08009298   Data         129  ctype_o.o(.constdata)
    Region$$Table$$Base                      0x08009328   Number         0  anon$$obj.o(Region$$Table)
    Region$$Table$$Limit                     0x08009348   Number         0  anon$$obj.o(Region$$Table)
    xAht20ReadySemaphore                     0x20000000   Data           4  freertos_demo.o(.data)
    xAirReadySemaphore                       0x20000004   Data           4  freertos_demo.o(.data)
    xLm2904ReadySemaphore                    0x20000008   Data           4  freertos_demo.o(.data)
    xWeatherDataQueue                        0x2000000c   Data           4  freertos_demo.o(.data)
    xAirDataQueue                            0x20000010   Data           4  freertos_demo.o(.data)
    xDbDataQueue                             0x20000014   Data           4  freertos_demo.o(.data)
    start_task_handle                        0x20000018   Data           4  freertos_demo.o(.data)
    wifi_task_handle                         0x2000001c   Data           4  freertos_demo.o(.data)
    aht20_task_handle                        0x20000020   Data           4  freertos_demo.o(.data)
    air_task_handle                          0x20000024   Data           4  freertos_demo.o(.data)
    lm2904_task_handle                       0x20000028   Data           4  freertos_demo.o(.data)
    rx_buffer_pm25                           0x2000002c   Data           5  app_air_task.o(.data)
    esp8266_cnt                              0x20000040   Data           2  bsp_esp8266_driver.o(.data)
    esp8266_cntPre                           0x20000042   Data           2  bsp_esp8266_driver.o(.data)
    SystemCoreClock                          0x20000048   Data           4  system_stm32f2xx.o(.data)
    pxCurrentTCB                             0x2000006c   Data           4  tasks.o(.data)
    uxTopUsedPriority                        0x200000a4   Data           4  tasks.o(.data)
    uwTick                                   0x200000ac   Data           4  stm32f2xx_hal.o(.data)
    uwTickPrio                               0x200000b0   Data           4  stm32f2xx_hal.o(.data)
    uwTickFreq                               0x200000b4   Data           1  stm32f2xx_hal.o(.data)
    __stdout                                 0x200000b8   Data           4  stdout.o(.data)
    __microlib_freelist                      0x200000bc   Data           4  mvars.o(.data)
    __microlib_freelist_initialised          0x200000c0   Data           4  mvars.o(.data)
    rx_buffer_air                            0x200000c8   Data          20  app_air_task.o(.bss)
    airData                                  0x200000dc   Data          16  app_air_task.o(.bss)
    esp8266_rx_buffer                        0x200000ec   Data         256  bsp_esp8266_driver.o(.bss)
    huart2                                   0x200001ec   Data          72  bsp_usart_driver.o(.bss)
    hdma_usart2_rx                           0x20000234   Data          96  bsp_usart_driver.o(.bss)
    hdma_usart2_tx                           0x20000294   Data          96  bsp_usart_driver.o(.bss)
    huart1                                   0x200002f4   Data          72  bsp_usart_driver.o(.bss)
    hdma_usart1_rx                           0x2000033c   Data          96  bsp_usart_driver.o(.bss)
    hdma_usart1_tx                           0x2000039c   Data          96  bsp_usart_driver.o(.bss)
    hi2c1                                    0x200003fc   Data          84  bsp_aht20_driver.o(.bss)
    huart4                                   0x20000450   Data          72  bsp_airquality_driver.o(.bss)
    hadc1                                    0x20000498   Data          72  bsp_lm2904_driver.o(.bss)
    hdma_adc1                                0x200004e0   Data          96  bsp_lm2904_driver.o(.bss)
    huart6                                   0x20000540   Data          72  bsp_pm2.5_driver.o(.bss)
    htim4                                    0x20013444   Data          72  stm32f2xx_hal_timebase_tim.o(.bss)
    __heap_base                              0x20013490   Data           0  startup_stm32f205xx.o(HEAP)
    __heap_limit                             0x20013690   Data           0  startup_stm32f205xx.o(HEAP)
    __initial_sp                             0x20013a90   Data           0  startup_stm32f205xx.o(STACK)



==============================================================================

Memory Map of the image

  Image Entry point : 0x08000185

  Load Region LR_IROM1 (Base: 0x08000000, Size: 0x00009410, Max: 0x00080000, ABSOLUTE)

    Execution Region ER_IROM1 (Exec base: 0x08000000, Load base: 0x08000000, Size: 0x00009348, Max: 0x00080000, ABSOLUTE)

    Exec Addr    Load Addr    Size         Type   Attr      Idx    E Section Name        Object

    0x08000000   0x08000000   0x00000184   Data   RO         1588    RESET               startup_stm32f205xx.o
    0x08000184   0x08000184   0x00000000   Code   RO         7149  * .ARM.Collect$$$$00000000  mc_w.l(entry.o)
    0x08000184   0x08000184   0x00000004   Code   RO         7516    .ARM.Collect$$$$00000001  mc_w.l(entry2.o)
    0x08000188   0x08000188   0x00000004   Code   RO         7519    .ARM.Collect$$$$00000004  mc_w.l(entry5.o)
    0x0800018c   0x0800018c   0x00000000   Code   RO         7521    .ARM.Collect$$$$00000008  mc_w.l(entry7b.o)
    0x0800018c   0x0800018c   0x00000000   Code   RO         7523    .ARM.Collect$$$$0000000A  mc_w.l(entry8b.o)
    0x0800018c   0x0800018c   0x00000008   Code   RO         7524    .ARM.Collect$$$$0000000B  mc_w.l(entry9a.o)
    0x08000194   0x08000194   0x00000000   Code   RO         7526    .ARM.Collect$$$$0000000D  mc_w.l(entry10a.o)
    0x08000194   0x08000194   0x00000000   Code   RO         7528    .ARM.Collect$$$$0000000F  mc_w.l(entry11a.o)
    0x08000194   0x08000194   0x00000004   Code   RO         7517    .ARM.Collect$$$$00002712  mc_w.l(entry2.o)
    0x08000198   0x08000198   0x00000096   Code   RO         1809    .emb_text           port.o
    0x0800022e   0x0800022e   0x00000002   PAD
    0x08000230   0x08000230   0x00000024   Code   RO         1589    .text               startup_stm32f205xx.o
    0x08000254   0x08000254   0x00000062   Code   RO         7152    .text               mc_w.l(uldiv.o)
    0x080002b6   0x080002b6   0x00000024   Code   RO         7156    .text               mc_w.l(memcpya.o)
    0x080002da   0x080002da   0x00000024   Code   RO         7158    .text               mc_w.l(memseta.o)
    0x080002fe   0x080002fe   0x00000024   Code   RO         7160    .text               mc_w.l(strstr.o)
    0x08000322   0x08000322   0x00000014   Code   RO         7162    .text               mc_w.l(strchr.o)
    0x08000336   0x08000336   0x0000000e   Code   RO         7164    .text               mc_w.l(strlen.o)
    0x08000344   0x08000344   0x00000028   Code   RO         7166    .text               mc_w.l(strncat.o)
    0x0800036c   0x0800036c   0x0000001e   Code   RO         7170    .text               mc_w.l(strncmp.o)
    0x0800038a   0x0800038a   0x0000001a   Code   RO         7463    .text               mc_w.l(atoi.o)
    0x080003a4   0x080003a4   0x000000b0   Code   RO         7465    .text               mf_w.l(fadd.o)
    0x08000454   0x08000454   0x00000064   Code   RO         7467    .text               mf_w.l(fmul.o)
    0x080004b8   0x080004b8   0x0000007c   Code   RO         7469    .text               mf_w.l(fdiv.o)
    0x08000534   0x08000534   0x0000014e   Code   RO         7471    .text               mf_w.l(dadd.o)
    0x08000682   0x08000682   0x000000e4   Code   RO         7473    .text               mf_w.l(dmul.o)
    0x08000766   0x08000766   0x0000000a   Code   RO         7475    .text               mf_w.l(ffltui.o)
    0x08000770   0x08000770   0x00000022   Code   RO         7477    .text               mf_w.l(dflti.o)
    0x08000792   0x08000792   0x0000003e   Code   RO         7479    .text               mf_w.l(dfixi.o)
    0x080007d0   0x080007d0   0x00000026   Code   RO         7481    .text               mf_w.l(f2d.o)
    0x080007f6   0x080007f6   0x00000002   PAD
    0x080007f8   0x080007f8   0x00000030   Code   RO         7485    .text               mf_w.l(cdrcmple.o)
    0x08000828   0x08000828   0x00000038   Code   RO         7487    .text               mf_w.l(d2f.o)
    0x08000860   0x08000860   0x0000002c   Code   RO         7531    .text               mc_w.l(uidiv.o)
    0x0800088c   0x0800088c   0x0000001e   Code   RO         7533    .text               mc_w.l(llshl.o)
    0x080008aa   0x080008aa   0x00000020   Code   RO         7535    .text               mc_w.l(llushr.o)
    0x080008ca   0x080008ca   0x00000024   Code   RO         7537    .text               mc_w.l(llsshr.o)
    0x080008ee   0x080008ee   0x00000070   Code   RO         7548    .text               mc_w.l(strtol.o)
    0x0800095e   0x0800095e   0x00000000   Code   RO         7550    .text               mc_w.l(iusefp.o)
    0x0800095e   0x0800095e   0x0000006e   Code   RO         7551    .text               mf_w.l(fepilogue.o)
    0x080009cc   0x080009cc   0x000000ba   Code   RO         7553    .text               mf_w.l(depilogue.o)
    0x08000a86   0x08000a86   0x000000de   Code   RO         7555    .text               mf_w.l(ddiv.o)
    0x08000b64   0x08000b64   0x0000002e   Code   RO         7557    .text               mf_w.l(dscalb.o)
    0x08000b92   0x08000b92   0x00000030   Code   RO         7559    .text               mf_w.l(dfixul.o)
    0x08000bc2   0x08000bc2   0x00000002   PAD
    0x08000bc4   0x08000bc4   0x00000024   Code   RO         7561    .text               mc_w.l(init.o)
    0x08000be8   0x08000be8   0x00000008   Code   RO         7563    .text               mc_w.l(ctype_o.o)
    0x08000bf0   0x08000bf0   0x0000009e   Code   RO         7591    .text               mc_w.l(_strtoul.o)
    0x08000c8e   0x08000c8e   0x000000a2   Code   RO         7593    .text               mf_w.l(dsqrt.o)
    0x08000d30   0x08000d30   0x0000001c   Code   RO         7595    .text               mc_w.l(_chval.o)
    0x08000d4c   0x08000d4c   0x0000007e   Code   RO         2728    i.ADC_DMAConvCplt   stm32f2xx_hal_adc.o
    0x08000dca   0x08000dca   0x0000001a   Code   RO         2729    i.ADC_DMAError      stm32f2xx_hal_adc.o
    0x08000de4   0x08000de4   0x0000000e   Code   RO         2730    i.ADC_DMAHalfConvCplt  stm32f2xx_hal_adc.o
    0x08000df2   0x08000df2   0x00000002   PAD
    0x08000df4   0x08000df4   0x0000017c   Code   RO         2731    i.ADC_Init          stm32f2xx_hal_adc.o
    0x08000f70   0x08000f70   0x00000018   Code   RO         1428    i.Airquality_rev_data  bsp_airquality_driver.o
    0x08000f88   0x08000f88   0x000000b4   Code   RO         1430    i.Airquality_usart4_init  bsp_airquality_driver.o
    0x0800103c   0x0800103c   0x00000004   Code   RO          239    i.BusFault_Handler  stm32f2xx_it.o
    0x08001040   0x08001040   0x00000234   Code   RO          814    i.Cloud_DevLink     cloud.o
    0x08001274   0x08001274   0x00000360   Code   RO          816    i.Cloud_RevPro      cloud.o
    0x080015d4   0x080015d4   0x0000006c   Code   RO          817    i.Cloud_Subscribe   cloud.o
    0x08001640   0x08001640   0x00000010   Code   RO          240    i.DMA1_Stream5_IRQHandler  stm32f2xx_it.o
    0x08001650   0x08001650   0x00000010   Code   RO          241    i.DMA1_Stream6_IRQHandler  stm32f2xx_it.o
    0x08001660   0x08001660   0x00000010   Code   RO          242    i.DMA2_Stream0_IRQHandler  stm32f2xx_it.o
    0x08001670   0x08001670   0x00000010   Code   RO          243    i.DMA2_Stream5_IRQHandler  stm32f2xx_it.o
    0x08001680   0x08001680   0x00000010   Code   RO          244    i.DMA2_Stream7_IRQHandler  stm32f2xx_it.o
    0x08001690   0x08001690   0x00000034   Code   RO         3377    i.DMA_CalcBaseAndBitshift  stm32f2xx_hal_dma.o
    0x080016c4   0x080016c4   0x000000aa   Code   RO         3378    i.DMA_CheckFifoParam  stm32f2xx_hal_dma.o
    0x0800176e   0x0800176e   0x0000002c   Code   RO         3379    i.DMA_SetConfig     stm32f2xx_hal_dma.o
    0x0800179a   0x0800179a   0x00000002   Code   RO          245    i.DebugMon_Handler  stm32f2xx_it.o
    0x0800179c   0x0800179c   0x0000001c   Code   RO         1236    i.ESP8266_Clear     bsp_esp8266_driver.o
    0x080017b8   0x080017b8   0x000001e0   Code   RO         1237    i.ESP8266_Connect   bsp_esp8266_driver.o
    0x08001998   0x08001998   0x00000068   Code   RO         1238    i.ESP8266_GetIPD    bsp_esp8266_driver.o
    0x08001a00   0x08001a00   0x0000006c   Code   RO         1239    i.ESP8266_SendCmd   bsp_esp8266_driver.o
    0x08001a6c   0x08001a6c   0x00000054   Code   RO         1240    i.ESP8266_SendData  bsp_esp8266_driver.o
    0x08001ac0   0x08001ac0   0x00000054   Code   RO         1241    i.ESP8266_WaitReceive  bsp_esp8266_driver.o
    0x08001b14   0x08001b14   0x00000194   Code   RO         2733    i.HAL_ADC_ConfigChannel  stm32f2xx_hal_adc.o
    0x08001ca8   0x08001ca8   0x00000002   Code   RO         2734    i.HAL_ADC_ConvCpltCallback  stm32f2xx_hal_adc.o
    0x08001caa   0x08001caa   0x00000002   Code   RO         2735    i.HAL_ADC_ConvHalfCpltCallback  stm32f2xx_hal_adc.o
    0x08001cac   0x08001cac   0x00000002   Code   RO         2737    i.HAL_ADC_ErrorCallback  stm32f2xx_hal_adc.o
    0x08001cae   0x08001cae   0x00000002   PAD
    0x08001cb0   0x08001cb0   0x00000068   Code   RO         2742    i.HAL_ADC_Init      stm32f2xx_hal_adc.o
    0x08001d18   0x08001d18   0x00000002   Code   RO         2745    i.HAL_ADC_MspInit   stm32f2xx_hal_adc.o
    0x08001d1a   0x08001d1a   0x00000002   PAD
    0x08001d1c   0x08001d1c   0x00000160   Code   RO         2749    i.HAL_ADC_Start_DMA  stm32f2xx_hal_adc.o
    0x08001e7c   0x08001e7c   0x00000076   Code   RO         2752    i.HAL_ADC_Stop_DMA  stm32f2xx_hal_adc.o
    0x08001ef2   0x08001ef2   0x000000ac   Code   RO         3380    i.HAL_DMA_Abort     stm32f2xx_hal_dma.o
    0x08001f9e   0x08001f9e   0x00000028   Code   RO         3381    i.HAL_DMA_Abort_IT  stm32f2xx_hal_dma.o
    0x08001fc6   0x08001fc6   0x00000002   PAD
    0x08001fc8   0x08001fc8   0x00000240   Code   RO         3385    i.HAL_DMA_IRQHandler  stm32f2xx_hal_dma.o
    0x08002208   0x08002208   0x000000ec   Code   RO         3386    i.HAL_DMA_Init      stm32f2xx_hal_dma.o
    0x080022f4   0x080022f4   0x00000092   Code   RO         3390    i.HAL_DMA_Start_IT  stm32f2xx_hal_dma.o
    0x08002386   0x08002386   0x00000002   PAD
    0x08002388   0x08002388   0x00000028   Code   RO         2549    i.HAL_Delay         stm32f2xx_hal.o
    0x080023b0   0x080023b0   0x000001fc   Code   RO         3822    i.HAL_GPIO_Init     stm32f2xx_hal_gpio.o
    0x080025ac   0x080025ac   0x0000000c   Code   RO         2555    i.HAL_GetTick       stm32f2xx_hal.o
    0x080025b8   0x080025b8   0x000001d0   Code   RO         3896    i.HAL_I2C_Init      stm32f2xx_hal_i2c.o
    0x08002788   0x08002788   0x0000030c   Code   RO         3902    i.HAL_I2C_Master_Receive  stm32f2xx_hal_i2c.o
    0x08002a94   0x08002a94   0x00000170   Code   RO         3909    i.HAL_I2C_Master_Transmit  stm32f2xx_hal_i2c.o
    0x08002c04   0x08002c04   0x00000002   Code   RO         3921    i.HAL_I2C_MspInit   stm32f2xx_hal_i2c.o
    0x08002c06   0x08002c06   0x00000002   PAD
    0x08002c08   0x08002c08   0x00000018   Code   RO         2561    i.HAL_IncTick       stm32f2xx_hal.o
    0x08002c20   0x08002c20   0x0000003c   Code   RO         2562    i.HAL_Init          stm32f2xx_hal.o
    0x08002c5c   0x08002c5c   0x000000b4   Code   RO         7099    i.HAL_InitTick      stm32f2xx_hal_timebase_tim.o
    0x08002d10   0x08002d10   0x00000002   Code   RO         2565    i.HAL_MspInit       stm32f2xx_hal.o
    0x08002d12   0x08002d12   0x00000020   Code   RO         3242    i.HAL_NVIC_EnableIRQ  stm32f2xx_hal_cortex.o
    0x08002d32   0x08002d32   0x0000007c   Code   RO         3248    i.HAL_NVIC_SetPriority  stm32f2xx_hal_cortex.o
    0x08002dae   0x08002dae   0x00000002   PAD
    0x08002db0   0x08002db0   0x00000028   Code   RO         3249    i.HAL_NVIC_SetPriorityGrouping  stm32f2xx_hal_cortex.o
    0x08002dd8   0x08002dd8   0x0000018c   Code   RO         4577    i.HAL_RCC_ClockConfig  stm32f2xx_hal_rcc.o
    0x08002f64   0x08002f64   0x00000044   Code   RO         4581    i.HAL_RCC_GetClockConfig  stm32f2xx_hal_rcc.o
    0x08002fa8   0x08002fa8   0x0000000c   Code   RO         4582    i.HAL_RCC_GetHCLKFreq  stm32f2xx_hal_rcc.o
    0x08002fb4   0x08002fb4   0x0000002c   Code   RO         4584    i.HAL_RCC_GetPCLK1Freq  stm32f2xx_hal_rcc.o
    0x08002fe0   0x08002fe0   0x0000002c   Code   RO         4585    i.HAL_RCC_GetPCLK2Freq  stm32f2xx_hal_rcc.o
    0x0800300c   0x0800300c   0x000000b0   Code   RO         4586    i.HAL_RCC_GetSysClockFreq  stm32f2xx_hal_rcc.o
    0x080030bc   0x080030bc   0x00000416   Code   RO         4589    i.HAL_RCC_OscConfig  stm32f2xx_hal_rcc.o
    0x080034d2   0x080034d2   0x00000002   Code   RO         6145    i.HAL_TIMEx_BreakCallback  stm32f2xx_hal_tim_ex.o
    0x080034d4   0x080034d4   0x00000002   Code   RO         6146    i.HAL_TIMEx_CommutCallback  stm32f2xx_hal_tim_ex.o
    0x080034d6   0x080034d6   0x00000066   Code   RO         5430    i.HAL_TIM_Base_Init  stm32f2xx_hal_tim.o
    0x0800353c   0x0800353c   0x00000002   Code   RO         5432    i.HAL_TIM_Base_MspInit  stm32f2xx_hal_tim.o
    0x0800353e   0x0800353e   0x00000002   PAD
    0x08003540   0x08003540   0x000000a8   Code   RO         5435    i.HAL_TIM_Base_Start_IT  stm32f2xx_hal_tim.o
    0x080035e8   0x080035e8   0x00000002   Code   RO         5464    i.HAL_TIM_IC_CaptureCallback  stm32f2xx_hal_tim.o
    0x080035ea   0x080035ea   0x00000196   Code   RO         5478    i.HAL_TIM_IRQHandler  stm32f2xx_hal_tim.o
    0x08003780   0x08003780   0x00000002   Code   RO         5481    i.HAL_TIM_OC_DelayElapsedCallback  stm32f2xx_hal_tim.o
    0x08003782   0x08003782   0x00000002   Code   RO         5508    i.HAL_TIM_PWM_PulseFinishedCallback  stm32f2xx_hal_tim.o
    0x08003784   0x08003784   0x00000018   Code   RO          600    i.HAL_TIM_PeriodElapsedCallback  sys.o
    0x0800379c   0x0800379c   0x00000002   Code   RO         5521    i.HAL_TIM_TriggerCallback  stm32f2xx_hal_tim.o
    0x0800379e   0x0800379e   0x00000072   Code   RO         6423    i.HAL_UARTEx_ReceiveToIdle_IT  stm32f2xx_hal_uart.o
    0x08003810   0x08003810   0x000000f8   Code   RO          511    i.HAL_UARTEx_RxEventCallback  app_air_task.o
    0x08003908   0x08003908   0x00000002   Code   RO         6438    i.HAL_UART_ErrorCallback  stm32f2xx_hal_uart.o
    0x0800390a   0x0800390a   0x00000002   PAD
    0x0800390c   0x0800390c   0x000002e8   Code   RO         6441    i.HAL_UART_IRQHandler  stm32f2xx_hal_uart.o
    0x08003bf4   0x08003bf4   0x00000076   Code   RO         6442    i.HAL_UART_Init     stm32f2xx_hal_uart.o
    0x08003c6a   0x08003c6a   0x00000002   Code   RO         6444    i.HAL_UART_MspInit  stm32f2xx_hal_uart.o
    0x08003c6c   0x08003c6c   0x0000002c   Code   RO         6446    i.HAL_UART_Receive_DMA  stm32f2xx_hal_uart.o
    0x08003c98   0x08003c98   0x00000050   Code   RO         1242    i.HAL_UART_RxCpltCallback  bsp_esp8266_driver.o
    0x08003ce8   0x08003ce8   0x00000002   Code   RO         6449    i.HAL_UART_RxHalfCpltCallback  stm32f2xx_hal_uart.o
    0x08003cea   0x08003cea   0x000000b2   Code   RO         6450    i.HAL_UART_Transmit  stm32f2xx_hal_uart.o
    0x08003d9c   0x08003d9c   0x0000008c   Code   RO         6451    i.HAL_UART_Transmit_DMA  stm32f2xx_hal_uart.o
    0x08003e28   0x08003e28   0x00000002   Code   RO         6453    i.HAL_UART_TxCpltCallback  stm32f2xx_hal_uart.o
    0x08003e2a   0x08003e2a   0x00000002   Code   RO         6454    i.HAL_UART_TxHalfCpltCallback  stm32f2xx_hal_uart.o
    0x08003e2c   0x08003e2c   0x00000004   Code   RO          246    i.HardFault_Handler  stm32f2xx_it.o
    0x08003e30   0x08003e30   0x0000003e   Code   RO         3940    i.I2C_IsAcknowledgeFailed  stm32f2xx_hal_i2c.o
    0x08003e6e   0x08003e6e   0x00000002   PAD
    0x08003e70   0x08003e70   0x00000138   Code   RO         3943    i.I2C_MasterRequestRead  stm32f2xx_hal_i2c.o
    0x08003fa8   0x08003fa8   0x000000c0   Code   RO         3944    i.I2C_MasterRequestWrite  stm32f2xx_hal_i2c.o
    0x08004068   0x08004068   0x00000066   Code   RO         3960    i.I2C_WaitOnBTFFlagUntilTimeout  stm32f2xx_hal_i2c.o
    0x080040ce   0x080040ce   0x000000be   Code   RO         3961    i.I2C_WaitOnFlagUntilTimeout  stm32f2xx_hal_i2c.o
    0x0800418c   0x0800418c   0x000000fa   Code   RO         3962    i.I2C_WaitOnMasterAddressFlagUntilTimeout  stm32f2xx_hal_i2c.o
    0x08004286   0x08004286   0x0000008a   Code   RO         3963    i.I2C_WaitOnRXNEFlagUntilTimeout  stm32f2xx_hal_i2c.o
    0x08004310   0x08004310   0x00000066   Code   RO         3966    i.I2C_WaitOnTXEFlagUntilTimeout  stm32f2xx_hal_i2c.o
    0x08004376   0x08004376   0x0000001c   Code   RO          627    i.MQTT_DeleteBuffer  mqttkit.o
    0x08004392   0x08004392   0x0000002e   Code   RO          628    i.MQTT_DumpLength   mqttkit.o
    0x080043c0   0x080043c0   0x00000058   Code   RO          629    i.MQTT_NewBuffer    mqttkit.o
    0x08004418   0x08004418   0x000002a0   Code   RO          631    i.MQTT_PacketConnect  mqttkit.o
    0x080046b8   0x080046b8   0x00000048   Code   RO          636    i.MQTT_PacketPublishComp  mqttkit.o
    0x08004700   0x08004700   0x00000048   Code   RO          638    i.MQTT_PacketPublishRel  mqttkit.o
    0x08004748   0x08004748   0x000000fe   Code   RO          641    i.MQTT_PacketSubscribe  mqttkit.o
    0x08004846   0x08004846   0x00000046   Code   RO          643    i.MQTT_ReadLength   mqttkit.o
    0x0800488c   0x0800488c   0x0000008c   Code   RO          644    i.MQTT_UnPacketCmd  mqttkit.o
    0x08004918   0x08004918   0x0000001e   Code   RO          645    i.MQTT_UnPacketConnectAck  mqttkit.o
    0x08004936   0x08004936   0x00000002   PAD
    0x08004938   0x08004938   0x000001c0   Code   RO          646    i.MQTT_UnPacketPublish  mqttkit.o
    0x08004af8   0x08004af8   0x0000001e   Code   RO          647    i.MQTT_UnPacketPublishAck  mqttkit.o
    0x08004b16   0x08004b16   0x0000001e   Code   RO          648    i.MQTT_UnPacketPublishComp  mqttkit.o
    0x08004b34   0x08004b34   0x0000001e   Code   RO          649    i.MQTT_UnPacketPublishRec  mqttkit.o
    0x08004b52   0x08004b52   0x00000024   Code   RO          650    i.MQTT_UnPacketPublishRel  mqttkit.o
    0x08004b76   0x08004b76   0x00000002   PAD
    0x08004b78   0x08004b78   0x00000074   Code   RO          651    i.MQTT_UnPacketRecv  mqttkit.o
    0x08004bec   0x08004bec   0x00000034   Code   RO          652    i.MQTT_UnPacketSubscribe  mqttkit.o
    0x08004c20   0x08004c20   0x00000012   Code   RO          653    i.MQTT_UnPacketUnSubscribe  mqttkit.o
    0x08004c32   0x08004c32   0x00000004   Code   RO          247    i.MemManage_Handler  stm32f2xx_it.o
    0x08004c36   0x08004c36   0x00000002   Code   RO          248    i.NMI_Handler       stm32f2xx_it.o
    0x08004c38   0x08004c38   0x00000008   Code   RO          249    i.SysTick_Handler   stm32f2xx_it.o
    0x08004c40   0x08004c40   0x00000002   Code   RO         1553    i.SystemInit        system_stm32f2xx.o
    0x08004c42   0x08004c42   0x00000002   PAD
    0x08004c44   0x08004c44   0x00000010   Code   RO          250    i.TIM4_IRQHandler   stm32f2xx_it.o
    0x08004c54   0x08004c54   0x000000d8   Code   RO         5523    i.TIM_Base_SetConfig  stm32f2xx_hal_tim.o
    0x08004d2c   0x08004d2c   0x00000010   Code   RO          251    i.UART4_IRQHandler  stm32f2xx_it.o
    0x08004d3c   0x08004d3c   0x00000014   Code   RO         6455    i.UART_DMAAbortOnError  stm32f2xx_hal_uart.o
    0x08004d50   0x08004d50   0x00000050   Code   RO         6456    i.UART_DMAError     stm32f2xx_hal_uart.o
    0x08004da0   0x08004da0   0x000000b4   Code   RO         6457    i.UART_DMAReceiveCplt  stm32f2xx_hal_uart.o
    0x08004e54   0x08004e54   0x00000024   Code   RO         6459    i.UART_DMARxHalfCplt  stm32f2xx_hal_uart.o
    0x08004e78   0x08004e78   0x00000058   Code   RO         6461    i.UART_DMATransmitCplt  stm32f2xx_hal_uart.o
    0x08004ed0   0x08004ed0   0x0000000e   Code   RO         6463    i.UART_DMATxHalfCplt  stm32f2xx_hal_uart.o
    0x08004ede   0x08004ede   0x0000006c   Code   RO         6465    i.UART_EndRxTransfer  stm32f2xx_hal_uart.o
    0x08004f4a   0x08004f4a   0x00000020   Code   RO         6466    i.UART_EndTransmit_IT  stm32f2xx_hal_uart.o
    0x08004f6a   0x08004f6a   0x00000026   Code   RO         6467    i.UART_EndTxTransfer  stm32f2xx_hal_uart.o
    0x08004f90   0x08004f90   0x000000fc   Code   RO         6468    i.UART_Receive_IT   stm32f2xx_hal_uart.o
    0x0800508c   0x0800508c   0x000001bc   Code   RO         6469    i.UART_SetConfig    stm32f2xx_hal_uart.o
    0x08005248   0x08005248   0x000000c8   Code   RO         6470    i.UART_Start_Receive_DMA  stm32f2xx_hal_uart.o
    0x08005310   0x08005310   0x00000040   Code   RO         6471    i.UART_Start_Receive_IT  stm32f2xx_hal_uart.o
    0x08005350   0x08005350   0x00000060   Code   RO         6472    i.UART_Transmit_IT  stm32f2xx_hal_uart.o
    0x080053b0   0x080053b0   0x00000092   Code   RO         6473    i.UART_WaitOnFlagUntilTimeout  stm32f2xx_hal_uart.o
    0x08005442   0x08005442   0x00000002   PAD
    0x08005444   0x08005444   0x00000010   Code   RO          252    i.USART1_IRQHandler  stm32f2xx_it.o
    0x08005454   0x08005454   0x00000010   Code   RO          253    i.USART2_IRQHandler  stm32f2xx_it.o
    0x08005464   0x08005464   0x00000010   Code   RO          254    i.USART6_IRQHandler  stm32f2xx_it.o
    0x08005474   0x08005474   0x00000004   Code   RO          255    i.UsageFault_Handler  stm32f2xx_it.o
    0x08005478   0x08005478   0x00000020   Code   RO         7407    i.__0printf         mc_w.l(printfa.o)
    0x08005498   0x08005498   0x00000028   Code   RO         7409    i.__0sprintf        mc_w.l(printfa.o)
    0x080054c0   0x080054c0   0x00000028   Code   RO         7503    i.__ARM_fpclassify  m_ws.l(fpclassify.o)
    0x080054e8   0x080054e8   0x00000010   Code   RO         3255    i.__NVIC_GetPriorityGrouping  stm32f2xx_hal_cortex.o
    0x080054f8   0x080054f8   0x00000028   Code   RO         3256    i.__NVIC_SetPriority  stm32f2xx_hal_cortex.o
    0x08005520   0x08005520   0x00000008   Code   RO         7541    i.__aeabi_errno_addr  mc_w.l(errno.o)
    0x08005528   0x08005528   0x000000aa   Code   RO         7505    i.__kernel_poly     m_ws.l(poly.o)
    0x080055d2   0x080055d2   0x00000002   PAD
    0x080055d4   0x080055d4   0x00000010   Code   RO         7489    i.__mathlib_dbl_divzero  m_ws.l(dunder.o)
    0x080055e4   0x080055e4   0x00000004   Code   RO         7491    i.__mathlib_dbl_infnan2  m_ws.l(dunder.o)
    0x080055e8   0x080055e8   0x0000000c   Code   RO         7492    i.__mathlib_dbl_invalid  m_ws.l(dunder.o)
    0x080055f4   0x080055f4   0x0000000e   Code   RO         7493    i.__mathlib_dbl_overflow  m_ws.l(dunder.o)
    0x08005602   0x08005602   0x00000002   PAD
    0x08005604   0x08005604   0x00000010   Code   RO         7495    i.__mathlib_dbl_underflow  m_ws.l(dunder.o)
    0x08005614   0x08005614   0x0000000e   Code   RO         7599    i.__scatterload_copy  mc_w.l(handlers.o)
    0x08005622   0x08005622   0x00000002   Code   RO         7600    i.__scatterload_null  mc_w.l(handlers.o)
    0x08005624   0x08005624   0x0000000e   Code   RO         7601    i.__scatterload_zeroinit  mc_w.l(handlers.o)
    0x08005632   0x08005632   0x00000002   PAD
    0x08005634   0x08005634   0x0000000c   Code   RO         7543    i.__set_errno       mc_w.l(errno.o)
    0x08005640   0x08005640   0x00000184   Code   RO         7414    i._fp_digits        mc_w.l(printfa.o)
    0x080057c4   0x080057c4   0x000006dc   Code   RO         7415    i._printf_core      mc_w.l(printfa.o)
    0x08005ea0   0x08005ea0   0x00000024   Code   RO         7416    i._printf_post_padding  mc_w.l(printfa.o)
    0x08005ec4   0x08005ec4   0x0000002e   Code   RO         7417    i._printf_pre_padding  mc_w.l(printfa.o)
    0x08005ef2   0x08005ef2   0x0000000a   Code   RO         7419    i._sputc            mc_w.l(printfa.o)
    0x08005efc   0x08005efc   0x00000040   Code   RO         1467    i.adc_to_db         bsp_lm2904_driver.o
    0x08005f3c   0x08005f3c   0x000000f0   Code   RO         1395    i.aht20_init        bsp_aht20_driver.o
    0x0800602c   0x0800602c   0x000000c8   Code   RO         1396    i.aht20_read        bsp_aht20_driver.o
    0x080060f4   0x080060f4   0x0000004c   Code   RO          479    i.aht20_task        app_aht20_task.o
    0x08006140   0x08006140   0x00000074   Code   RO          512    i.air_task          app_air_task.o
    0x080061b4   0x080061b4   0x00000058   Code   RO          891    i.cJSON_Delete      cjson.o
    0x0800620c   0x0800620c   0x0000000c   Code   RO          899    i.cJSON_GetErrorPtr  cjson.o
    0x08006218   0x08006218   0x00000020   Code   RO          904    i.cJSON_New_Item    cjson.o
    0x08006238   0x08006238   0x00000010   Code   RO          905    i.cJSON_Parse       cjson.o
    0x08006248   0x08006248   0x00000064   Code   RO          906    i.cJSON_ParseWithOpts  cjson.o
    0x080062ac   0x080062ac   0x0000018c   Code   RO         1335    i.debug_usart1_Init  bsp_usart_driver.o
    0x08006438   0x08006438   0x0000001c   Code   RO         1336    i.fputc             bsp_usart_driver.o
    0x08006454   0x08006454   0x00000050   Code   RO         7435    i.free              mc_w.l(malloc.o)
    0x080064a4   0x080064a4   0x00000030   Code   RO          363    i.freeRTOS_start    freertos_demo.o
    0x080064d4   0x080064d4   0x00000154   Code   RO         1468    i.lm2904_init       bsp_lm2904_driver.o
    0x08006628   0x08006628   0x00000018   Code   RO         1469    i.lm2904_start      bsp_lm2904_driver.o
    0x08006640   0x08006640   0x00000010   Code   RO         1470    i.lm2904_stop       bsp_lm2904_driver.o
    0x08006650   0x08006650   0x00000058   Code   RO          568    i.lm2904_task       app_lm2904_task.o
    0x080066a8   0x080066a8   0x00000010   Code   RO            4    i.main              main.o
    0x080066b8   0x080066b8   0x0000006c   Code   RO         7436    i.malloc            mc_w.l(malloc.o)
    0x08006724   0x08006724   0x000000ac   Code   RO          916    i.parse_array       cjson.o
    0x080067d0   0x080067d0   0x00000114   Code   RO          917    i.parse_hex4        cjson.o
    0x080068e4   0x080068e4   0x000001bc   Code   RO          918    i.parse_number      cjson.o
    0x08006aa0   0x08006aa0   0x00000114   Code   RO          919    i.parse_object      cjson.o
    0x08006bb4   0x08006bb4   0x000001cc   Code   RO          920    i.parse_string      cjson.o
    0x08006d80   0x08006d80   0x000000bc   Code   RO          921    i.parse_value       cjson.o
    0x08006e3c   0x08006e3c   0x00000018   Code   RO         1519    i.pm25_rev_data     bsp_pm2.5_driver.o
    0x08006e54   0x08006e54   0x000000b4   Code   RO         1520    i.pm25_usart6_init  bsp_pm2.5_driver.o
    0x08006f08   0x08006f08   0x000009d8   Code   RO         7140    i.pow               m_ws.l(pow.o)
    0x080078e0   0x080078e0   0x000000c0   Code   RO         2191    i.prvAddCurrentTaskToDelayedList  tasks.o
    0x080079a0   0x080079a0   0x000000ec   Code   RO         2192    i.prvAddNewTaskToReadyList  tasks.o
    0x08007a8c   0x08007a8c   0x00000048   Code   RO         2193    i.prvCheckTasksWaitingTermination  tasks.o
    0x08007ad4   0x08007ad4   0x0000002a   Code   RO         1880    i.prvCopyDataFromQueue  queue.o
    0x08007afe   0x08007afe   0x0000006a   Code   RO         1881    i.prvCopyDataToQueue  queue.o
    0x08007b68   0x08007b68   0x00000012   Code   RO         2194    i.prvDeleteTCB      tasks.o
    0x08007b7a   0x08007b7a   0x00000002   PAD
    0x08007b7c   0x08007b7c   0x00000070   Code   RO         1706    i.prvHeapInit       heap_4.o
    0x08007bec   0x08007bec   0x00000028   Code   RO         2195    i.prvIdleTask       tasks.o
    0x08007c14   0x08007c14   0x0000002a   Code   RO         1882    i.prvInitialiseNewQueue  queue.o
    0x08007c3e   0x08007c3e   0x00000088   Code   RO         2196    i.prvInitialiseNewTask  tasks.o
    0x08007cc6   0x08007cc6   0x00000002   PAD
    0x08007cc8   0x08007cc8   0x00000068   Code   RO         2197    i.prvInitialiseTaskLists  tasks.o
    0x08007d30   0x08007d30   0x00000068   Code   RO         1707    i.prvInsertBlockIntoFreeList  heap_4.o
    0x08007d98   0x08007d98   0x0000001a   Code   RO         1883    i.prvIsQueueEmpty   queue.o
    0x08007db2   0x08007db2   0x0000001e   Code   RO         1884    i.prvIsQueueFull    queue.o
    0x08007dd0   0x08007dd0   0x00000030   Code   RO         2199    i.prvResetNextTaskUnblockTime  tasks.o
    0x08007e00   0x08007e00   0x00000016   Code   RO         1810    i.prvTaskExitError  port.o
    0x08007e16   0x08007e16   0x0000007e   Code   RO         1885    i.prvUnlockQueue    queue.o
    0x08007e94   0x08007e94   0x000000e4   Code   RO         1709    i.pvPortMalloc      heap_4.o
    0x08007f78   0x08007f78   0x00000024   Code   RO         1811    i.pxPortInitialiseStack  port.o
    0x08007f9c   0x08007f9c   0x00000012   Code   RO          929    i.skip              cjson.o
    0x08007fae   0x08007fae   0x0000004c   Code   RO         7509    i.sqrt              m_ws.l(sqrt.o)
    0x08007ffa   0x08007ffa   0x00000002   PAD
    0x08007ffc   0x08007ffc   0x00000124   Code   RO          364    i.start_task        freertos_demo.o
    0x08008120   0x08008120   0x0000005e   Code   RO          601    i.sys_clock_init    sys.o
    0x0800817e   0x0800817e   0x00000028   Code   RO         1773    i.uxListRemove      list.o
    0x080081a6   0x080081a6   0x0000001a   Code   RO         1774    i.vListInitialise   list.o
    0x080081c0   0x080081c0   0x00000006   Code   RO         1775    i.vListInitialiseItem  list.o
    0x080081c6   0x080081c6   0x00000034   Code   RO         1776    i.vListInsert       list.o
    0x080081fa   0x080081fa   0x00000018   Code   RO         1777    i.vListInsertEnd    list.o
    0x08008212   0x08008212   0x00000002   PAD
    0x08008214   0x08008214   0x00000024   Code   RO         1813    i.vPortEnterCritical  port.o
    0x08008238   0x08008238   0x00000020   Code   RO         1814    i.vPortExitCritical  port.o
    0x08008258   0x08008258   0x0000004c   Code   RO         1710    i.vPortFree         heap_4.o
    0x080082a4   0x080082a4   0x00000018   Code   RO         1815    i.vPortSetupTimerInterrupt  port.o
    0x080082bc   0x080082bc   0x00000034   Code   RO         2210    i.vTaskDelay        tasks.o
    0x080082f0   0x080082f0   0x000000d4   Code   RO         2211    i.vTaskDelete       tasks.o
    0x080083c4   0x080083c4   0x00000018   Code   RO         2215    i.vTaskInternalSetTimeOutState  tasks.o
    0x080083dc   0x080083dc   0x0000000c   Code   RO         2216    i.vTaskMissedYield  tasks.o
    0x080083e8   0x080083e8   0x00000020   Code   RO         2217    i.vTaskPlaceOnEventList  tasks.o
    0x08008408   0x08008408   0x0000006c   Code   RO         2224    i.vTaskStartScheduler  tasks.o
    0x08008474   0x08008474   0x00000010   Code   RO         2226    i.vTaskSuspendAll   tasks.o
    0x08008484   0x08008484   0x00000060   Code   RO         2227    i.vTaskSwitchContext  tasks.o
    0x080084e4   0x080084e4   0x00000234   Code   RO          445    i.wifi_connect_task  app_wifi_task.o
    0x08008718   0x08008718   0x0000016c   Code   RO         1337    i.wifi_usart2_Init  bsp_usart_driver.o
    0x08008884   0x08008884   0x00000018   Code   RO         1338    i.wifi_usart2_Receive  bsp_usart_driver.o
    0x0800889c   0x0800889c   0x00000018   Code   RO         1339    i.wifi_usart2_Send  bsp_usart_driver.o
    0x080088b4   0x080088b4   0x00000034   Code   RO         1816    i.xPortStartScheduler  port.o
    0x080088e8   0x080088e8   0x00000034   Code   RO         1817    i.xPortSysTickHandler  port.o
    0x0800891c   0x0800891c   0x0000004c   Code   RO         1894    i.xQueueGenericCreate  queue.o
    0x08008968   0x08008968   0x000000a0   Code   RO         1895    i.xQueueGenericReset  queue.o
    0x08008a08   0x08008a08   0x00000118   Code   RO         1896    i.xQueueGenericSend  queue.o
    0x08008b20   0x08008b20   0x00000104   Code   RO         1903    i.xQueueReceive     queue.o
    0x08008c24   0x08008c24   0x000000f0   Code   RO         1905    i.xQueueSemaphoreTake  queue.o
    0x08008d14   0x08008d14   0x00000060   Code   RO         2229    i.xTaskCheckForTimeOut  tasks.o
    0x08008d74   0x08008d74   0x00000068   Code   RO         2230    i.xTaskCreate       tasks.o
    0x08008ddc   0x08008ddc   0x0000000c   Code   RO         2238    i.xTaskGetTickCount  tasks.o
    0x08008de8   0x08008de8   0x00000190   Code   RO         2240    i.xTaskIncrementTick  tasks.o
    0x08008f78   0x08008f78   0x00000108   Code   RO         2241    i.xTaskRemoveFromEventList  tasks.o
    0x08009080   0x08009080   0x0000015c   Code   RO         2242    i.xTaskResumeAll    tasks.o
    0x080091dc   0x080091dc   0x00000004   Data   RO          446    .constdata          app_wifi_task.o
    0x080091e0   0x080091e0   0x00000007   Data   RO          932    .constdata          cjson.o
    0x080091e7   0x080091e7   0x00000018   Data   RO         1554    .constdata          system_stm32f2xx.o
    0x080091ff   0x080091ff   0x00000008   Data   RO         3392    .constdata          stm32f2xx_hal_dma.o
    0x08009207   0x08009207   0x00000001   PAD
    0x08009208   0x08009208   0x00000088   Data   RO         7141    .constdata          m_ws.l(pow.o)
    0x08009290   0x08009290   0x00000008   Data   RO         7507    .constdata          m_ws.l(qnan.o)
    0x08009298   0x08009298   0x00000081   Data   RO         7564    .constdata          mc_w.l(ctype_o.o)
    0x08009319   0x08009319   0x00000003   PAD
    0x0800931c   0x0800931c   0x00000004   Data   RO         7565    .constdata          mc_w.l(ctype_o.o)
    0x08009320   0x08009320   0x00000008   Data   RO          447    .conststring        app_wifi_task.o
    0x08009328   0x08009328   0x00000020   Data   RO         7597    Region$$Table       anon$$obj.o


    Execution Region RW_IRAM1 (Exec base: 0x20000000, Load base: 0x08009348, Size: 0x00013a90, Max: 0x00020000, ABSOLUTE)

    Exec Addr    Load Addr    Size         Type   Attr      Idx    E Section Name        Object

    0x20000000   0x08009348   0x0000002c   Data   RW          365    .data               freertos_demo.o
    0x2000002c   0x08009374   0x00000005   Data   RW          514    .data               app_air_task.o
    0x20000031   0x08009379   0x00000001   PAD
    0x20000032   0x0800937a   0x00000002   Data   RW          818    .data               cloud.o
    0x20000034   0x0800937c   0x0000000c   Data   RW          933    .data               cjson.o
    0x20000040   0x08009388   0x00000008   Data   RW         1244    .data               bsp_esp8266_driver.o
    0x20000048   0x08009390   0x00000004   Data   RW         1555    .data               system_stm32f2xx.o
    0x2000004c   0x08009394   0x0000001c   Data   RW         1716    .data               heap_4.o
    0x20000068   0x080093b0   0x00000004   Data   RW         1818    .data               port.o
    0x2000006c   0x080093b4   0x00000040   Data   RW         2245    .data               tasks.o
    0x200000ac   0x080093f4   0x00000009   Data   RW         2569    .data               stm32f2xx_hal.o
    0x200000b5   0x080093fd   0x00000003   PAD
    0x200000b8   0x08009400   0x00000004   Data   RW         7530    .data               mc_w.l(stdout.o)
    0x200000bc   0x08009404   0x00000004   Data   RW         7539    .data               mc_w.l(mvars.o)
    0x200000c0   0x08009408   0x00000004   Data   RW         7540    .data               mc_w.l(mvars.o)
    0x200000c4   0x0800940c   0x00000004   Data   RW         7544    .data               mc_w.l(errno.o)
    0x200000c8        -       0x00000024   Zero   RW          513    .bss                app_air_task.o
    0x200000ec        -       0x00000100   Zero   RW         1243    .bss                bsp_esp8266_driver.o
    0x200001ec        -       0x00000210   Zero   RW         1340    .bss                bsp_usart_driver.o
    0x200003fc        -       0x00000054   Zero   RW         1397    .bss                bsp_aht20_driver.o
    0x20000450        -       0x00000048   Zero   RW         1431    .bss                bsp_airquality_driver.o
    0x20000498        -       0x000000a8   Zero   RW         1471    .bss                bsp_lm2904_driver.o
    0x20000540        -       0x00000048   Zero   RW         1521    .bss                bsp_pm2.5_driver.o
    0x20000588        -       0x00012c00   Zero   RW         1715    .bss                heap_4.o
    0x20013188        -       0x000002bc   Zero   RW         2244    .bss                tasks.o
    0x20013444        -       0x00000048   Zero   RW         7102    .bss                stm32f2xx_hal_timebase_tim.o
    0x2001348c   0x08009410   0x00000004   PAD
    0x20013490        -       0x00000200   Zero   RW         1587    HEAP                startup_stm32f205xx.o
    0x20013690        -       0x00000400   Zero   RW         1586    STACK               startup_stm32f205xx.o


==============================================================================

Image component sizes


      Code (inc. data)   RO Data    RW Data    ZI Data      Debug   Object Name

        76         10          0          0          0        609   app_aht20_task.o
       364         50          0          5         36       2830   app_air_task.o
        88          8          0          0          0        614   app_lm2904_task.o
       564        250         12          0          0       1328   app_wifi_task.o
       440         46          0          0         84       2326   bsp_aht20_driver.o
       204         22          0          0         72       2120   bsp_airquality_driver.o
       968        376          0          8        256       5863   bsp_esp8266_driver.o
       444         48          0          0        168       3405   bsp_lm2904_driver.o
       204         22          0          0         72       2012   bsp_pm2.5_driver.o
       836         76          0          0        528       5704   bsp_usart_driver.o
      2082         88          7         12          0      11543   cjson.o
      1536        810          0          2          0       7145   cloud.o
         0          0          0          0          0      14672   event_groups.o
       340        116          0         44          0      21587   freertos_demo.o
       520         58          0         28      76800       4823   heap_4.o
       148          0          0          0          0       3526   list.o
        16          0          0          0          0     636967   main.o
      2232         26          0          0          0      16659   mqttkit.o
       404         48          0          4          0       9432   port.o
      1388         18          0          0          0      13609   queue.o
        36          8        388          0       1536        920   startup_stm32f205xx.o
       138         26          0          9          0       9260   stm32f2xx_hal.o
      1532         66          0          0          0       8666   stm32f2xx_hal_adc.o
       252         22          0          0          0      30558   stm32f2xx_hal_cortex.o
      1436         16          8          0          0       7186   stm32f2xx_hal_dma.o
       508         48          0          0          0       1592   stm32f2xx_hal_gpio.o
      2962         50          0          0          0      12348   stm32f2xx_hal_i2c.o
      1786         88          0          0          0       6405   stm32f2xx_hal_rcc.o
       902         76          0          0          0       6674   stm32f2xx_hal_tim.o
         4          0          0          0          0       1765   stm32f2xx_hal_tim_ex.o
       180         20          0          0         72       1803   stm32f2xx_hal_timebase_tim.o
      3146         38          0          0          0      20654   stm32f2xx_hal_uart.o
       188         60          0          0          0       8062   stm32f2xx_it.o
       118          6          0          0          0       1813   sys.o
         2          0         24          4          0       1551   system_stm32f2xx.o
      2622        358          0         64        700      31525   tasks.o

    ----------------------------------------------------------------------
     28702       2954        472        184      80328     917556   Object Totals
         0          0         32          0          0          0   (incl. Generated)
        36          0          1          4          4          0   (incl. Padding)

    ----------------------------------------------------------------------

      Code (inc. data)   RO Data    RW Data    ZI Data      Debug   Library Member Name

        62         10          0          0          0        340   dunder.o
        40          0          0          0          0         68   fpclassify.o
       170          0          0          0          0         96   poly.o
      2520        190        136          0          0        324   pow.o
         0          0          8          0          0          0   qnan.o
        76          0          0          0          0         84   sqrt.o
        28          0          0          0          0         68   _chval.o
       158          0          0          0          0         92   _strtoul.o
        26          0          0          0          0         80   atoi.o
         8          4        133          0          0         68   ctype_o.o
         0          0          0          0          0          0   entry.o
         0          0          0          0          0          0   entry10a.o
         0          0          0          0          0          0   entry11a.o
         8          4          0          0          0          0   entry2.o
         4          0          0          0          0          0   entry5.o
         0          0          0          0          0          0   entry7b.o
         0          0          0          0          0          0   entry8b.o
         8          4          0          0          0          0   entry9a.o
        20         10          0          4          0        136   errno.o
        30          0          0          0          0          0   handlers.o
        36          8          0          0          0         68   init.o
         0          0          0          0          0          0   iusefp.o
        30          0          0          0          0         68   llshl.o
        36          0          0          0          0         68   llsshr.o
        32          0          0          0          0         68   llushr.o
       188         20          0          0          0        160   malloc.o
        36          0          0          0          0         68   memcpya.o
        36          0          0          0          0        108   memseta.o
         0          0          0          8          0          0   mvars.o
      2308         96          0          0          0        604   printfa.o
         0          0          0          4          0          0   stdout.o
        20          0          0          0          0         68   strchr.o
        14          0          0          0          0         68   strlen.o
        40          0          0          0          0         76   strncat.o
        30          0          0          0          0         80   strncmp.o
        36          0          0          0          0         80   strstr.o
       112          0          0          0          0         88   strtol.o
        44          0          0          0          0         80   uidiv.o
        98          0          0          0          0         92   uldiv.o
        48          0          0          0          0         68   cdrcmple.o
        56          0          0          0          0         88   d2f.o
       334          0          0          0          0        148   dadd.o
       222          0          0          0          0        100   ddiv.o
       186          0          0          0          0        176   depilogue.o
        62          0          0          0          0         80   dfixi.o
        48          0          0          0          0         68   dfixul.o
        34          0          0          0          0         76   dflti.o
       228          0          0          0          0         96   dmul.o
        46          0          0          0          0         80   dscalb.o
       162          0          0          0          0        100   dsqrt.o
        38          0          0          0          0         68   f2d.o
       176          0          0          0          0        140   fadd.o
       124          0          0          0          0         88   fdiv.o
       110          0          0          0          0        168   fepilogue.o
        10          0          0          0          0         68   ffltui.o
       100          0          0          0          0         76   fmul.o

    ----------------------------------------------------------------------
      8250        346        280         16          0       4888   Library Totals
        12          0          3          0          0          0   (incl. Padding)

    ----------------------------------------------------------------------

      Code (inc. data)   RO Data    RW Data    ZI Data      Debug   Library Name

      2868        200        144          0          0        912   m_ws.l
      3386        146        133         16          0       2288   mc_w.l
      1984          0          0          0          0       1688   mf_w.l

    ----------------------------------------------------------------------
      8250        346        280         16          0       4888   Library Totals

    ----------------------------------------------------------------------

==============================================================================


      Code (inc. data)   RO Data    RW Data    ZI Data      Debug   

     36952       3300        752        200      80328     908660   Grand Totals
     36952       3300        752        200      80328     908660   ELF Image Totals
     36952       3300        752        200          0          0   ROM Totals

==============================================================================

    Total RO  Size (Code + RO Data)                37704 (  36.82kB)
    Total RW  Size (RW Data + ZI Data)             80528 (  78.64kB)
    Total ROM Size (Code + RO Data + RW Data)      37904 (  37.02kB)

==============================================================================

