<html>
<body>
<pre>
<h1>�Vision Build Log</h1>
<h2>Tool Versions:</h2>
IDE-Version: ��Vision V5.28.0.0
Copyright (C) 2019 ARM Ltd and ARM Germany GmbH. All rights reserved.
License Information: 1 1581908489@qq.com, 1, LIC=Q7GU5-G88G5-D3JM3-AJUPF-HFE8C-DXIJ8
 
Tool Versions:
Toolchain:       MDK-ARM Professional  Version: 5.28.0.0
Toolchain Path:  D:\Keil_ARM\ARM\ARMCC\Bin
C Compiler:      Armcc.exe V5.06 update 6 (build 750)
Assembler:       Armasm.exe V5.06 update 6 (build 750)
Linker/Locator:  ArmLink.exe V5.06 update 6 (build 750)
Library Manager: ArmAr.exe V5.06 update 6 (build 750)
Hex Converter:   FromElf.exe V5.06 update 6 (build 750)
CPU DLL:         SARMCM3.DLL V5.28.0.0
Dialog DLL:      DCM.DLL V1.17.3.0
Target DLL:      STLink\ST-LINKIII-KEIL_SWO.dll V3.0.6.0
Dialog DLL:      TCM.DLL V1.36.2.0
 
<h2>Project:</h2>
D:\All_Project\Graduation_project\STM32Smart_home_health\Smart_home_health_Keil\MDK-ARM\Smart_home.uvprojx
Project File Date:  03/27/2025

<h2>Output:</h2>
*** Using Compiler 'V5.06 update 6 (build 750)', folder: 'D:\Keil_ARM\ARM\ARMCC\Bin'
Build target 'Smart_home'
assembling startup_stm32f205xx.s...
compiling app_gy906_task.c...
compiling adc.c...
compiling iwdg.c...
compiling stm32f2xx_hal_timebase_tim.c...
compiling usart.c...
compiling app_aht20_task.c...
compiling app_air_task.c...
compiling app_lm2904_task.c...
compiling stm32f2xx_it.c...
compiling stm32f2xx_hal_msp.c...
compiling dma.c...
compiling gpio.c...
compiling tim.c...
compiling bsp_aht20_driver.c...
compiling oledfont.c...
compiling freertos.c...
compiling i2c.c...
compiling app_mqttRev_task.c...
compiling main.c...
compiling bsp_airquality_driver.c...
..\BSP\Airquality\bsp_airquality_driver.c(50): warning:  #870-D: invalid multibyte character sequence
          DEBUG_LOG("UART4 接收启动失败 错误�?%d\n",huart4.ErrorCode);
..\BSP\Airquality\bsp_airquality_driver.c: 1 warning, 0 errors
compiling app_max30102_task.c...
compiling bsp_buzzer_driver.c...
compiling app_mqttSend_task.c...
compiling bsp_gy906_driver.c...
compiling bsp_drv8833_driver.c...
compiling cJSON.c...
..\Middlewares\MQTT\cJSON.c(55): warning:  #1293-D: assignment in condition
        if (!(copy = (char*)cJSON_malloc(len))) return 0;
..\Middlewares\MQTT\cJSON.c(283): warning:  #1293-D: assignment in condition
  	ptr=str;while ((token=*ptr) && ++len) {if (strchr("\"\\\b\f\n\r\t",token)) len++; else if (token<32) len+=5;ptr++;}
..\Middlewares\MQTT\cJSON.c(357): warning:  #111-D: statement is unreachable
  	return p.buffer;
..\Middlewares\MQTT\cJSON.c(428): warning:  #1293-D: assignment in condition
  		if (!(new_item=cJSON_New_Item())) return 0; 	/* memory fail */
..\Middlewares\MQTT\cJSON.c(540): warning:  #1293-D: assignment in condition
  		if (!(new_item=cJSON_New_Item()))	return 0; /* memory fail */
..\Middlewares\MQTT\cJSON.c: 5 warnings, 0 errors
compiling MqttKit.c...
compiling croutine.c...
compiling list.c...
compiling event_groups.c...
compiling queue.c...
compiling stream_buffer.c...
compiling timers.c...
compiling tasks.c...
compiling heap_4.c...
compiling bsp_pm2.5_driver.c...
..\BSP\PM2.5\bsp_pm2.5_driver.c(29): warning:  #870-D: invalid multibyte character sequence
          DEBUG_LOG("USART6 接收启动失败, 错误�?: %d\n", huart6.ErrorCode);
..\BSP\PM2.5\bsp_pm2.5_driver.c: 1 warning, 0 errors
compiling bsp_max30102_driver.c...
compiling bsp_lm2904_driver.c...
compiling port.c...
compiling bsp_relay_driver.c...
compiling bsp_oled_driver.c...
compiling cmsis_os2.c...
compiling bsp_led_driver.c...
compiling bsp_usart_driver.c...
compiling bsp_wuhua_driver.c...
compiling bsp_sg90_driver.c...
compiling bsp_iwdog_driver.c...
compiling bsp_esp8266_driver.c...
compiling system_stm32f2xx.c...
compiling stm32f2xx_hal_dma.c...
compiling stm32f2xx_hal_adc.c...
compiling Cloud.c...
..\Middlewares\MQTT\Cloud.c(131): warning:  #870-D: invalid multibyte character sequence
  					DEBUG_LOG("数据发送失败！�? \n");
..\Middlewares\MQTT\Cloud.c: 1 warning, 0 errors
compiling stm32f2xx_hal_flash.c...
compiling stm32f2xx_hal_gpio.c...
compiling stm32f2xx_hal_pwr.c...
compiling stm32f2xx_hal.c...
compiling stm32f2xx_hal_rcc_ex.c...
compiling stm32f2xx_hal_cortex.c...
compiling stm32f2xx_hal_adc_ex.c...
compiling stm32f2xx_hal_flash_ex.c...
compiling stm32f2xx_hal_dma_ex.c...
compiling stm32f2xx_hal_pwr_ex.c...
compiling stm32f2xx_hal_rcc.c...
compiling stm32f2xx_hal_exti.c...
compiling stm32f2xx_hal_iwdg.c...
compiling stm32f2xx_hal_uart.c...
compiling stm32f2xx_hal_tim_ex.c...
compiling stm32f2xx_hal_i2c.c...
compiling stm32f2xx_hal_tim.c...
linking...
Program Size: Code=42632 RO-data=4524 RW-data=652 ZI-data=31292  
FromELF: creating hex file...
"Smart_home\Smart_home.axf" - 0 Error(s), 8 Warning(s).

<h2>Software Packages used:</h2>

Package Vendor: ARM
                http://www.keil.com/pack/ARM.CMSIS.5.5.1.pack
                ARM.CMSIS.5.5.1
                CMSIS (Cortex Microcontroller Software Interface Standard)
   * Component: CORE Version: 5.2.0

Package Vendor: Keil
                http://www.keil.com/pack/Keil.STM32F2xx_DFP.2.10.0.pack
                Keil.STM32F2xx_DFP.2.10.0
                STMicroelectronics STM32F2 Series Device Support, Drivers and Examples

<h2>Collection of Component include folders:</h2>
  .\RTE\_Smart_home
  D:\Keil_ARM\ARM\CMSIS\5.5.1\CMSIS\Core\Include
  D:\Keil_ARM\Keil\STM32F2xx_DFP\2.10.0\Drivers\CMSIS\Device\ST\STM32F2xx\Include

<h2>Collection of Component Files used:</h2>

   * Component: ARM::CMSIS:CORE:5.2.0
Build Time Elapsed:  00:00:21
</pre>
</body>
</html>
