Component: ARM Compiler 5.06 update 6 (build 750) Tool: armlink [4d35ed]

==============================================================================

Section Cross References

    startup_stm32f205xx.o(RESET) refers to startup_stm32f205xx.o(STACK) for __initial_sp
    startup_stm32f205xx.o(RESET) refers to startup_stm32f205xx.o(.text) for Reset_Handler
    startup_stm32f205xx.o(RESET) refers to stm32f2xx_it.o(i.NMI_Handler) for NMI_Handler
    startup_stm32f205xx.o(RESET) refers to stm32f2xx_it.o(i.HardFault_Handler) for HardFault_Handler
    startup_stm32f205xx.o(RESET) refers to stm32f2xx_it.o(i.MemManage_Handler) for MemManage_Handler
    startup_stm32f205xx.o(RESET) refers to stm32f2xx_it.o(i.BusFault_Handler) for BusFault_Handler
    startup_stm32f205xx.o(RESET) refers to stm32f2xx_it.o(i.UsageFault_Handler) for UsageFault_Handler
    startup_stm32f205xx.o(RESET) refers to port.o(.emb_text) for SVC_Handler
    startup_stm32f205xx.o(RESET) refers to stm32f2xx_it.o(i.DebugMon_Handler) for DebugMon_Handler
    startup_stm32f205xx.o(RESET) refers to port.o(i.SysTick_Handler) for SysTick_Handler
    startup_stm32f205xx.o(RESET) refers to stm32f2xx_it.o(i.USART2_IRQHandler) for USART2_IRQHandler
    startup_stm32f205xx.o(RESET) refers to stm32f2xx_it.o(i.TIM5_IRQHandler) for TIM5_IRQHandler
    startup_stm32f205xx.o(RESET) refers to stm32f2xx_it.o(i.UART4_IRQHandler) for UART4_IRQHandler
    startup_stm32f205xx.o(RESET) refers to stm32f2xx_it.o(i.DMA2_Stream0_IRQHandler) for DMA2_Stream0_IRQHandler
    startup_stm32f205xx.o(RESET) refers to stm32f2xx_it.o(i.USART6_IRQHandler) for USART6_IRQHandler
    startup_stm32f205xx.o(.text) refers to system_stm32f2xx.o(i.SystemInit) for SystemInit
    startup_stm32f205xx.o(.text) refers to entry.o(.ARM.Collect$$$$00000000) for __main
    main.o(i.HAL_TIM_PeriodElapsedCallback) refers to stm32f2xx_hal.o(i.HAL_IncTick) for HAL_IncTick
    main.o(i.SystemClock_Config) refers to memseta.o(.text) for __aeabi_memclr4
    main.o(i.SystemClock_Config) refers to stm32f2xx_hal_rcc.o(i.HAL_RCC_OscConfig) for HAL_RCC_OscConfig
    main.o(i.SystemClock_Config) refers to stm32f2xx_hal_rcc.o(i.HAL_RCC_ClockConfig) for HAL_RCC_ClockConfig
    main.o(i.main) refers to stm32f2xx_hal.o(i.HAL_Init) for HAL_Init
    main.o(i.main) refers to main.o(i.SystemClock_Config) for SystemClock_Config
    main.o(i.main) refers to gpio.o(i.MX_GPIO_Init) for MX_GPIO_Init
    main.o(i.main) refers to dma.o(i.MX_DMA_Init) for MX_DMA_Init
    main.o(i.main) refers to adc.o(i.MX_ADC1_Init) for MX_ADC1_Init
    main.o(i.main) refers to i2c.o(i.MX_I2C1_Init) for MX_I2C1_Init
    main.o(i.main) refers to i2c.o(i.MX_I2C2_Init) for MX_I2C2_Init
    main.o(i.main) refers to usart.o(i.MX_UART4_Init) for MX_UART4_Init
    main.o(i.main) refers to usart.o(i.MX_USART1_UART_Init) for MX_USART1_UART_Init
    main.o(i.main) refers to usart.o(i.MX_USART2_UART_Init) for MX_USART2_UART_Init
    main.o(i.main) refers to usart.o(i.MX_USART6_UART_Init) for MX_USART6_UART_Init
    main.o(i.main) refers to tim.o(i.MX_TIM1_Init) for MX_TIM1_Init
    main.o(i.main) refers to tim.o(i.MX_TIM4_Init) for MX_TIM4_Init
    main.o(i.main) refers to iwdg.o(i.MX_IWDG_Init) for MX_IWDG_Init
    main.o(i.main) refers to bsp_sg90_driver.o(i.sg90_init) for sg90_init
    main.o(i.main) refers to bsp_oled_driver.o(i.OLED_Init) for OLED_Init
    main.o(i.main) refers to bsp_drv8833_driver.o(i.drv8833_motor_speed) for drv8833_motor_speed
    main.o(i.main) refers to app_mqttsend_task.o(i.wifi_mqtt_init) for wifi_mqtt_init
    main.o(i.main) refers to bsp_oled_driver.o(i.OLED_Clear) for OLED_Clear
    main.o(i.main) refers to bsp_oled_driver.o(i.OLED_DrawBMP) for OLED_DrawBMP
    main.o(i.main) refers to bsp_oled_driver.o(i.OLED_ShowCHinese) for OLED_ShowCHinese
    main.o(i.main) refers to stm32f2xx_hal.o(i.HAL_Delay) for HAL_Delay
    main.o(i.main) refers to bsp_oled_driver.o(i.OLED_ShowString) for OLED_ShowString
    main.o(i.main) refers to cmsis_os2.o(i.osKernelInitialize) for osKernelInitialize
    main.o(i.main) refers to freertos.o(i.MX_FREERTOS_Init) for MX_FREERTOS_Init
    main.o(i.main) refers to cmsis_os2.o(i.osKernelStart) for osKernelStart
    main.o(i.main) refers to oledfont.o(.data) for BMP2
    gpio.o(i.MX_GPIO_Init) refers to memseta.o(.text) for __aeabi_memclr4
    gpio.o(i.MX_GPIO_Init) refers to stm32f2xx_hal_gpio.o(i.HAL_GPIO_WritePin) for HAL_GPIO_WritePin
    gpio.o(i.MX_GPIO_Init) refers to stm32f2xx_hal_gpio.o(i.HAL_GPIO_Init) for HAL_GPIO_Init
    freertos.o(i.MX_FREERTOS_Init) refers to cmsis_os2.o(i.osThreadNew) for osThreadNew
    freertos.o(i.MX_FREERTOS_Init) refers to freertos.o(.constdata) for .constdata
    freertos.o(i.MX_FREERTOS_Init) refers to freertos.o(i.StartDefaultTask) for StartDefaultTask
    freertos.o(i.MX_FREERTOS_Init) refers to freertos.o(.data) for .data
    freertos.o(i.StartDefaultTask) refers to queue.o(i.xQueueGenericCreate) for xQueueGenericCreate
[...]
    HAL_I2C_Init                             0x0800232d   Thumb Code   376  stm32f2xx_hal_i2c.o(i.HAL_I2C_Init)
    HAL_I2C_Master_Receive                   0x080024b5   Thumb Code   482  stm32f2xx_hal_i2c.o(i.HAL_I2C_Master_Receive)
    HAL_I2C_Master_Transmit                  0x080026a5   Thumb Code   290  stm32f2xx_hal_i2c.o(i.HAL_I2C_Master_Transmit)
    HAL_I2C_Mem_Read                         0x080027d1   Thumb Code   490  stm32f2xx_hal_i2c.o(i.HAL_I2C_Mem_Read)
    HAL_I2C_Mem_Write                        0x080029c9   Thumb Code   294  stm32f2xx_hal_i2c.o(i.HAL_I2C_Mem_Write)
    HAL_I2C_MspInit                          0x08002af9   Thumb Code   154  i2c.o(i.HAL_I2C_MspInit)
    HAL_IWDG_Init                            0x08002ba5   Thumb Code    90  stm32f2xx_hal_iwdg.o(i.HAL_IWDG_Init)
    HAL_IWDG_Refresh                         0x08002bff   Thumb Code    12  stm32f2xx_hal_iwdg.o(i.HAL_IWDG_Refresh)
    HAL_IncTick                              0x08002c0d   Thumb Code    12  stm32f2xx_hal.o(i.HAL_IncTick)
    HAL_Init                                 0x08002c1d   Thumb Code    48  stm32f2xx_hal.o(i.HAL_Init)
    HAL_InitTick                             0x08002c51   Thumb Code   132  stm32f2xx_hal_timebase_tim.o(i.HAL_InitTick)
    HAL_MspInit                              0x08002ce9   Thumb Code    52  stm32f2xx_hal_msp.o(i.HAL_MspInit)
    HAL_NVIC_EnableIRQ                       0x08002d21   Thumb Code    26  stm32f2xx_hal_cortex.o(i.HAL_NVIC_EnableIRQ)
    HAL_NVIC_SetPriority                     0x08002d3d   Thumb Code    60  stm32f2xx_hal_cortex.o(i.HAL_NVIC_SetPriority)
    HAL_NVIC_SetPriorityGrouping             0x08002d7d   Thumb Code    26  stm32f2xx_hal_cortex.o(i.HAL_NVIC_SetPriorityGrouping)
    HAL_RCC_ClockConfig                      0x08002da1   Thumb Code   296  stm32f2xx_hal_rcc.o(i.HAL_RCC_ClockConfig)
    HAL_RCC_GetClockConfig                   0x08002edd   Thumb Code    54  stm32f2xx_hal_rcc.o(i.HAL_RCC_GetClockConfig)
    HAL_RCC_GetPCLK1Freq                     0x08002f1d   Thumb Code    34  stm32f2xx_hal_rcc.o(i.HAL_RCC_GetPCLK1Freq)
    HAL_RCC_GetPCLK2Freq                     0x08002f4d   Thumb Code    34  stm32f2xx_hal_rcc.o(i.HAL_RCC_GetPCLK2Freq)
    HAL_RCC_GetSysClockFreq                  0x08002f7d   Thumb Code    88  stm32f2xx_hal_rcc.o(i.HAL_RCC_GetSysClockFreq)
    HAL_RCC_OscConfig                        0x08002fdd   Thumb Code   818  stm32f2xx_hal_rcc.o(i.HAL_RCC_OscConfig)
    HAL_TIMEx_BreakCallback                  0x08003329   Thumb Code     2  stm32f2xx_hal_tim_ex.o(i.HAL_TIMEx_BreakCallback)
    HAL_TIMEx_CommutCallback                 0x0800332b   Thumb Code     2  stm32f2xx_hal_tim_ex.o(i.HAL_TIMEx_CommutCallback)
    HAL_TIMEx_ConfigBreakDeadTime            0x0800332d   Thumb Code    84  stm32f2xx_hal_tim_ex.o(i.HAL_TIMEx_ConfigBreakDeadTime)
    HAL_TIMEx_MasterConfigSynchronization    0x08003381   Thumb Code   116  stm32f2xx_hal_tim_ex.o(i.HAL_TIMEx_MasterConfigSynchronization)
    HAL_TIM_Base_Init                        0x08003411   Thumb Code    90  stm32f2xx_hal_tim.o(i.HAL_TIM_Base_Init)
    HAL_TIM_Base_MspInit                     0x0800346d   Thumb Code    56  tim.o(i.HAL_TIM_Base_MspInit)
    HAL_TIM_Base_Start_IT                    0x080034b1   Thumb Code   100  stm32f2xx_hal_tim.o(i.HAL_TIM_Base_Start_IT)
    HAL_TIM_ConfigClockSource                0x08003531   Thumb Code   220  stm32f2xx_hal_tim.o(i.HAL_TIM_ConfigClockSource)
    HAL_TIM_IC_CaptureCallback               0x0800360d   Thumb Code     2  stm32f2xx_hal_tim.o(i.HAL_TIM_IC_CaptureCallback)
    HAL_TIM_IRQHandler                       0x0800360f   Thumb Code   358  stm32f2xx_hal_tim.o(i.HAL_TIM_IRQHandler)
    HAL_TIM_MspPostInit                      0x08003775   Thumb Code   112  tim.o(i.HAL_TIM_MspPostInit)
    HAL_TIM_OC_DelayElapsedCallback          0x080037f9   Thumb Code     2  stm32f2xx_hal_tim.o(i.HAL_TIM_OC_DelayElapsedCallback)
    HAL_TIM_PWM_ConfigChannel                0x080037fb   Thumb Code   204  stm32f2xx_hal_tim.o(i.HAL_TIM_PWM_ConfigChannel)
    HAL_TIM_PWM_Init                         0x080038c7   Thumb Code    90  stm32f2xx_hal_tim.o(i.HAL_TIM_PWM_Init)
    HAL_TIM_PWM_MspInit                      0x08003921   Thumb Code     2  stm32f2xx_hal_tim.o(i.HAL_TIM_PWM_MspInit)
    HAL_TIM_PWM_PulseFinishedCallback        0x08003923   Thumb Code     2  stm32f2xx_hal_tim.o(i.HAL_TIM_PWM_PulseFinishedCallback)
    HAL_TIM_PWM_Start                        0x08003925   Thumb Code   172  stm32f2xx_hal_tim.o(i.HAL_TIM_PWM_Start)
    HAL_TIM_PWM_Stop                         0x080039ed   Thumb Code   114  stm32f2xx_hal_tim.o(i.HAL_TIM_PWM_Stop)
    HAL_TIM_PeriodElapsedCallback            0x08003a69   Thumb Code    14  main.o(i.HAL_TIM_PeriodElapsedCallback)
    HAL_TIM_TriggerCallback                  0x08003a7d   Thumb Code     2  stm32f2xx_hal_tim.o(i.HAL_TIM_TriggerCallback)
    HAL_UARTEx_ReceiveToIdle_IT              0x08003a7f   Thumb Code    78  stm32f2xx_hal_uart.o(i.HAL_UARTEx_ReceiveToIdle_IT)
    HAL_UARTEx_RxEventCallback               0x08003acd   Thumb Code   264  app_air_task.o(i.HAL_UARTEx_RxEventCallback)
    HAL_UART_ErrorCallback                   0x08003bf5   Thumb Code    36  app_air_task.o(i.HAL_UART_ErrorCallback)
    HAL_UART_IRQHandler                      0x08003c21   Thumb Code   618  stm32f2xx_hal_uart.o(i.HAL_UART_IRQHandler)
    HAL_UART_Init                            0x08003e91   Thumb Code   100  stm32f2xx_hal_uart.o(i.HAL_UART_Init)
    HAL_UART_MspInit                         0x08003ef5   Thumb Code   334  usart.o(i.HAL_UART_MspInit)
    HAL_UART_Receive_IT                      0x08004061   Thumb Code    28  stm32f2xx_hal_uart.o(i.HAL_UART_Receive_IT)
    HAL_UART_RxCpltCallback                  0x0800407d   Thumb Code    66  bsp_esp8266_driver.o(i.HAL_UART_RxCpltCallback)
    HAL_UART_Transmit                        0x080040cd   Thumb Code   154  stm32f2xx_hal_uart.o(i.HAL_UART_Transmit)
    HAL_UART_TxCpltCallback                  0x08004167   Thumb Code     2  stm32f2xx_hal_uart.o(i.HAL_UART_TxCpltCallback)
    HardFault_Handler                        0x08004169   Thumb Code     2  stm32f2xx_it.o(i.HardFault_Handler)
    MAX30102_Clear_FIFO                      0x0800472f   Thumb Code    30  bsp_max30102_driver.o(i.MAX30102_Clear_FIFO)
    MAX30102_IIC_ReadBytes                   0x0800474d   Thumb Code    48  bsp_max30102_driver.o(i.MAX30102_IIC_ReadBytes)
    MAX30102_IIC_Read_One_Byte               0x08004781   Thumb Code    44  bsp_max30102_driver.o(i.MAX30102_IIC_Read_One_Byte)
    MAX30102_IIC_Write_One_Byte              0x080047b1   Thumb Code    30  bsp_max30102_driver.o(i.MAX30102_IIC_Write_One_Byte)
    MAX30102_Init                            0x080047d5   Thumb Code    98  bsp_max30102_driver.o(i.MAX30102_Init)
    MAX30102_Reset                           0x08004837   Thumb Code    22  bsp_max30102_driver.o(i.MAX30102_Reset)
    MQTT_DeleteBuffer                        0x0800484d   Thumb Code    28  mqttkit.o(i.MQTT_DeleteBuffer)
    MQTT_DumpLength                          0x08004869   Thumb Code    38  mqttkit.o(i.MQTT_DumpLength)
    MQTT_NewBuffer                           0x0800488f   Thumb Code    82  mqttkit.o(i.MQTT_NewBuffer)
    MQTT_PacketConnect                       0x080048e1   Thumb Code   606  mqttkit.o(i.MQTT_PacketConnect)
    MQTT_PacketPublish                       0x08004b45   Thumb Code   346  mqttkit.o(i.MQTT_PacketPublish)
    MQTT_PacketPublishComp                   0x08004c9f   Thumb Code    70  mqttkit.o(i.MQTT_PacketPublishComp)
    MQTT_PacketPublishRel                    0x08004ce5   Thumb Code    70  mqttkit.o(i.MQTT_PacketPublishRel)
    MQTT_PacketSubscribe                     0x08004d2b   Thumb Code   218  mqttkit.o(i.MQTT_PacketSubscribe)
    MQTT_ReadLength                          0x08004e05   Thumb Code    62  mqttkit.o(i.MQTT_ReadLength)
    MQTT_UnPacketCmd                         0x08004e43   Thumb Code   130  mqttkit.o(i.MQTT_UnPacketCmd)
    MQTT_UnPacketConnectAck                  0x08004ec5   Thumb Code    26  mqttkit.o(i.MQTT_UnPacketConnectAck)
    MQTT_UnPacketPublish                     0x08004ee1   Thumb Code   328  mqttkit.o(i.MQTT_UnPacketPublish)
    MQTT_UnPacketPublishAck                  0x08005031   Thumb Code    24  mqttkit.o(i.MQTT_UnPacketPublishAck)
    MQTT_UnPacketPublishComp                 0x08005049   Thumb Code    24  mqttkit.o(i.MQTT_UnPacketPublishComp)
    MQTT_UnPacketPublishRec                  0x08005061   Thumb Code    24  mqttkit.o(i.MQTT_UnPacketPublishRec)
    MQTT_UnPacketPublishRel                  0x08005079   Thumb Code    30  mqttkit.o(i.MQTT_UnPacketPublishRel)
    MQTT_UnPacketRecv                        0x08005099   Thumb Code    86  mqttkit.o(i.MQTT_UnPacketRecv)
    MQTT_UnPacketSubscribe                   0x080050f9   Thumb Code    44  mqttkit.o(i.MQTT_UnPacketSubscribe)
    MQTT_UnPacketUnSubscribe                 0x08005125   Thumb Code    18  mqttkit.o(i.MQTT_UnPacketUnSubscribe)
    MX_ADC1_Init                             0x08005139   Thumb Code    86  adc.o(i.MX_ADC1_Init)
    MX_DMA_Init                              0x0800519d   Thumb Code    40  dma.o(i.MX_DMA_Init)
    MX_FREERTOS_Init                         0x080051c9   Thumb Code    18  freertos.o(i.MX_FREERTOS_Init)
    MX_GPIO_Init                             0x080051e9   Thumb Code   170  gpio.o(i.MX_GPIO_Init)
    MX_I2C1_Init                             0x080052a5   Thumb Code    50  i2c.o(i.MX_I2C1_Init)
    MX_I2C2_Init                             0x080052e5   Thumb Code    50  i2c.o(i.MX_I2C2_Init)
    MX_IWDG_Init                             0x08005325   Thumb Code    36  iwdg.o(i.MX_IWDG_Init)
    MX_TIM1_Init                             0x08005351   Thumb Code   198  tim.o(i.MX_TIM1_Init)
    MX_TIM4_Init                             0x08005421   Thumb Code   162  tim.o(i.MX_TIM4_Init)
    MX_UART4_Init                            0x080054cd   Thumb Code    48  usart.o(i.MX_UART4_Init)
    MX_USART1_UART_Init                      0x08005505   Thumb Code    48  usart.o(i.MX_USART1_UART_Init)
    MX_USART2_UART_Init                      0x0800553d   Thumb Code    48  usart.o(i.MX_USART2_UART_Init)
    MX_USART6_UART_Init                      0x08005575   Thumb Code    48  usart.o(i.MX_USART6_UART_Init)
    MemManage_Handler                        0x080055ad   Thumb Code     2  stm32f2xx_it.o(i.MemManage_Handler)
    NMI_Handler                              0x080055af   Thumb Code     2  stm32f2xx_it.o(i.NMI_Handler)
    OLED_Clear                               0x080055b1   Thumb Code    52  bsp_oled_driver.o(i.OLED_Clear)
    OLED_DrawBMP                             0x080055e5   Thumb Code    72  bsp_oled_driver.o(i.OLED_DrawBMP)
    OLED_Init                                0x0800562d   Thumb Code    28  bsp_oled_driver.o(i.OLED_Init)
    OLED_Set_Pos                             0x0800564d   Thumb Code    34  bsp_oled_driver.o(i.OLED_Set_Pos)
    OLED_ShowCHinese                         0x08005671   Thumb Code    86  bsp_oled_driver.o(i.OLED_ShowCHinese)
    OLED_ShowChar                            0x080056cd   Thumb Code   148  bsp_oled_driver.o(i.OLED_ShowChar)
    OLED_ShowNum                             0x08005769   Thumb Code   116  bsp_oled_driver.o(i.OLED_ShowNum)
    OLED_ShowString                          0x080057dd   Thumb Code    88  bsp_oled_driver.o(i.OLED_ShowString)
    OLED_Showdecimal                         0x08005835   Thumb Code   292  bsp_oled_driver.o(i.OLED_Showdecimal)
    OLED_WR_CMD                              0x08005959   Thumb Code    32  bsp_oled_driver.o(i.OLED_WR_CMD)
    OLED_WR_DATA                             0x0800597d   Thumb Code    32  bsp_oled_driver.o(i.OLED_WR_DATA)
    StartDefaultTask                         0x080059a1   Thumb Code   198  freertos.o(i.StartDefaultTask)
    SysTick_Handler                          0x08005aed   Thumb Code    38  port.o(i.SysTick_Handler)
    SystemClock_Config                       0x08005b19   Thumb Code   106  main.o(i.SystemClock_Config)
    SystemInit                               0x08005b83   Thumb Code     2  system_stm32f2xx.o(i.SystemInit)
    TIM5_IRQHandler                          0x08005b85   Thumb Code     6  stm32f2xx_it.o(i.TIM5_IRQHandler)
    TIM_Base_SetConfig                       0x08005b91   Thumb Code   156  stm32f2xx_hal_tim.o(i.TIM_Base_SetConfig)
    TIM_CCxChannelCmd                        0x08005c59   Thumb Code    26  stm32f2xx_hal_tim.o(i.TIM_CCxChannelCmd)
    TIM_ETR_SetConfig                        0x08005c73   Thumb Code    20  stm32f2xx_hal_tim.o(i.TIM_ETR_SetConfig)
    TIM_OC2_SetConfig                        0x08005cf9   Thumb Code    98  stm32f2xx_hal_tim.o(i.TIM_OC2_SetConfig)
    UART4_IRQHandler                         0x08005e65   Thumb Code     6  stm32f2xx_it.o(i.UART4_IRQHandler)
    UART_Start_Receive_IT                    0x080060b5   Thumb Code    54  stm32f2xx_hal_uart.o(i.UART_Start_Receive_IT)
    USART2_IRQHandler                        0x08006165   Thumb Code     6  stm32f2xx_it.o(i.USART2_IRQHandler)
    USART6_IRQHandler                        0x08006171   Thumb Code     6  stm32f2xx_it.o(i.USART6_IRQHandler)
    UsageFault_Handler                       0x0800617d   Thumb Code     2  stm32f2xx_it.o(i.UsageFault_Handler)
    __0printf                                0x08006181   Thumb Code    22  printfa.o(i.__0printf)
    __1printf                                0x08006181   Thumb Code     0  printfa.o(i.__0printf)
    __2printf                                0x08006181   Thumb Code     0  printfa.o(i.__0printf)
    __c89printf                              0x08006181   Thumb Code     0  printfa.o(i.__0printf)
    printf                                   0x08006181   Thumb Code     0  printfa.o(i.__0printf)
    __0sprintf                               0x080061a1   Thumb Code    34  printfa.o(i.__0sprintf)
    __1sprintf                               0x080061a1   Thumb Code     0  printfa.o(i.__0sprintf)
    __2sprintf                               0x080061a1   Thumb Code     0  printfa.o(i.__0sprintf)
    __c89sprintf                             0x080061a1   Thumb Code     0  printfa.o(i.__0sprintf)
    sprintf                                  0x080061a1   Thumb Code     0  printfa.o(i.__0sprintf)
    __ARM_fpclassify                         0x080061c9   Thumb Code    40  fpclassify.o(i.__ARM_fpclassify)
    __aeabi_errno_addr                       0x08006211   Thumb Code     4  errno.o(i.__aeabi_errno_addr)
    __rt_errno_addr                          0x08006211   Thumb Code     0  errno.o(i.__aeabi_errno_addr)
    __kernel_poly                            0x08006219   Thumb Code   170  poly.o(i.__kernel_poly)
    __mathlib_dbl_divzero                    0x080062c5   Thumb Code    12  dunder.o(i.__mathlib_dbl_divzero)
    __mathlib_dbl_infnan2                    0x080062d5   Thumb Code     4  dunder.o(i.__mathlib_dbl_infnan2)
    __mathlib_dbl_invalid                    0x080062d9   Thumb Code    12  dunder.o(i.__mathlib_dbl_invalid)
    __mathlib_dbl_overflow                   0x080062e5   Thumb Code    14  dunder.o(i.__mathlib_dbl_overflow)
    __mathlib_dbl_underflow                  0x080062f5   Thumb Code    10  dunder.o(i.__mathlib_dbl_underflow)
    __scatterload_copy                       0x08006305   Thumb Code    14  handlers.o(i.__scatterload_copy)
    __scatterload_null                       0x08006313   Thumb Code     2  handlers.o(i.__scatterload_null)
    __scatterload_zeroinit                   0x08006315   Thumb Code    14  handlers.o(i.__scatterload_zeroinit)
    __set_errno                              0x08006325   Thumb Code     6  errno.o(i.__set_errno)
    adc_to_db                                0x08006bed   Thumb Code    38  bsp_lm2904_driver.o(i.adc_to_db)
    aht20_read                               0x08006c1d   Thumb Code   190  bsp_aht20_driver.o(i.aht20_read)
    aht20_task                               0x08006cf1   Thumb Code   128  app_aht20_task.o(i.aht20_task)
    air_task                                 0x08006d75   Thumb Code   122  app_air_task.o(i.air_task)
    atomizer_off                             0x08006df9   Thumb Code    10  bsp_wuhua_driver.o(i.atomizer_off)
    atomizer_on                              0x08006e09   Thumb Code    10  bsp_wuhua_driver.o(i.atomizer_on)
    cJSON_Delete                             0x08006e19   Thumb Code    66  cjson.o(i.cJSON_Delete)
    cJSON_GetErrorPtr                        0x08006e61   Thumb Code     6  cjson.o(i.cJSON_GetErrorPtr)
    cJSON_GetObjectItem                      0x08006e6d   Thumb Code    28  cjson.o(i.cJSON_GetObjectItem)
    cJSON_Parse                              0x08006ea5   Thumb Code     8  cjson.o(i.cJSON_Parse)
    cJSON_ParseWithOpts                      0x08006ead   Thumb Code    92  cjson.o(i.cJSON_ParseWithOpts)
    drv8833_motor_direction                  0x08006f51   Thumb Code    50  bsp_drv8833_driver.o(i.drv8833_motor_direction)
    drv8833_motor_speed                      0x08006f8d   Thumb Code    12  bsp_drv8833_driver.o(i.drv8833_motor_speed)
    drv8833_motot_stop                       0x08006f9d   Thumb Code    22  bsp_drv8833_driver.o(i.drv8833_motot_stop)
    fputc                                    0x08006fb9   Thumb Code    20  bsp_usart_driver.o(i.fputc)
    free                                     0x08006fd1   Thumb Code    76  malloc.o(i.free)
    gy906_task                               0x08007021   Thumb Code   106  app_gy906_task.o(i.gy906_task)
    iwdog_refresh                            0x0800709d   Thumb Code     6  bsp_iwdog_driver.o(i.iwdog_refresh)
    lm2904_start                             0x080070a9   Thumb Code    10  bsp_lm2904_driver.o(i.lm2904_start)
    lm2904_stop                              0x080070b9   Thumb Code     6  bsp_lm2904_driver.o(i.lm2904_stop)
    lm2904_task                              0x080070c5   Thumb Code    88  app_lm2904_task.o(i.lm2904_task)
    main                                     0x08007125   Thumb Code   314  main.o(i.main)
    malloc                                   0x08007295   Thumb Code    92  malloc.o(i.malloc)
    max30102_Bus_Read                        0x08007301   Thumb Code    18  bsp_max30102_driver.o(i.max30102_Bus_Read)
    max30102_Bus_Write                       0x08007313   Thumb Code    16  bsp_max30102_driver.o(i.max30102_Bus_Write)
    max30102_FIFO_ReadBytes                  0x08007323   Thumb Code    34  bsp_max30102_driver.o(i.max30102_FIFO_ReadBytes)
    max30102_task                            0x08007345   Thumb Code   632  app_max30102_task.o(i.max30102_task)
    maxim_find_peaks                         0x080075dd   Thumb Code    50  bsp_max30102_driver.o(i.maxim_find_peaks)
    maxim_heart_rate_and_oxygen_saturation   0x08007611   Thumb Code   936  bsp_max30102_driver.o(i.maxim_heart_rate_and_oxygen_saturation)
    maxim_peaks_above_min_height             0x080079cd   Thumb Code   106  bsp_max30102_driver.o(i.maxim_peaks_above_min_height)
    maxim_remove_close_peaks                 0x08007a39   Thumb Code   108  bsp_max30102_driver.o(i.maxim_remove_close_peaks)
    maxim_sort_ascend                        0x08007aa5   Thumb Code    50  bsp_max30102_driver.o(i.maxim_sort_ascend)
    maxim_sort_indices_descend               0x08007ad9   Thumb Code    58  bsp_max30102_driver.o(i.maxim_sort_indices_descend)
    mlx90614_readTemp                        0x08007b15   Thumb Code    86  bsp_gy906_driver.o(i.mlx90614_readTemp)
    mqtt_rev_task                            0x08007bad   Thumb Code    28  app_mqttrev_task.o(i.mqtt_rev_task)
    mqtt_send_task                           0x08007bc9   Thumb Code   238  app_mqttsend_task.o(i.mqtt_send_task)
    oled_pow                                 0x08007db1   Thumb Code    16  bsp_oled_driver.o(i.oled_pow)
    osKernelInitialize                       0x08007dc1   Thumb Code    50  cmsis_os2.o(i.osKernelInitialize)
    osKernelStart                            0x08007df9   Thumb Code    58  cmsis_os2.o(i.osKernelStart)
    osThreadNew                              0x08007e39   Thumb Code   160  cmsis_os2.o(i.osThreadNew)
    pm25_rev_data                            0x08008441   Thumb Code    32  bsp_pm2.5_driver.o(i.pm25_rev_data)
    pow                                      0x08008491   Thumb Code  2512  pow.o(i.pow)
    pvPortMalloc                             0x080095ad   Thumb Code   220  heap_4.o(i.pvPortMalloc)
    pxPortInitialiseStack                    0x0800968d   Thumb Code    32  port.o(i.pxPortInitialiseStack)
    readObjectTemp                           0x080096b1   Thumb Code     6  bsp_gy906_driver.o(i.readObjectTemp)
    relay_off                                0x080096b7   Thumb Code     8  bsp_relay_driver.o(i.relay_off)
    relay_on                                 0x080096bf   Thumb Code     8  bsp_relay_driver.o(i.relay_on)
    revData_Json                             0x080096c9   Thumb Code   138  app_mqttrev_task.o(i.revData_Json)
    sg90_init                                0x08009791   Thumb Code     8  bsp_sg90_driver.o(i.sg90_init)
    sg90_set_angle                           0x0800979d   Thumb Code    24  bsp_sg90_driver.o(i.sg90_set_angle)
    sqrt                                     0x080097cd   Thumb Code    76  sqrt.o(i.sqrt)
    uxListRemove                             0x08009819   Thumb Code    38  list.o(i.uxListRemove)
    vApplicationGetIdleTaskMemory            0x08009841   Thumb Code    16  cmsis_os2.o(i.vApplicationGetIdleTaskMemory)
    vApplicationGetTimerTaskMemory           0x08009855   Thumb Code    18  cmsis_os2.o(i.vApplicationGetTimerTaskMemory)
    vApplicationMallocFailedHook             0x0800986d   Thumb Code     2  cmsis_os2.o(i.vApplicationMallocFailedHook)
    vApplicationStackOverflowHook            0x08009871   Thumb Code     8  freertos.o(i.vApplicationStackOverflowHook)
    vListInitialise                          0x08009895   Thumb Code    22  list.o(i.vListInitialise)
    vListInitialiseItem                      0x080098ab   Thumb Code     6  list.o(i.vListInitialiseItem)
    vListInsert                              0x080098b1   Thumb Code    48  list.o(i.vListInsert)
    vListInsertEnd                           0x080098e1   Thumb Code    24  list.o(i.vListInsertEnd)
    vPortEnterCritical                       0x080098f9   Thumb Code    54  port.o(i.vPortEnterCritical)
    vPortExitCritical                        0x08009939   Thumb Code    34  port.o(i.vPortExitCritical)
    vPortFree                                0x08009961   Thumb Code    88  heap_4.o(i.vPortFree)
    vPortSetupTimerInterrupt                 0x080099bd   Thumb Code    32  port.o(i.vPortSetupTimerInterrupt)
    vPortValidateInterruptPriority           0x080099e1   Thumb Code    74  port.o(i.vPortValidateInterruptPriority)
    vQueueAddToRegistry                      0x08009a35   Thumb Code    34  queue.o(i.vQueueAddToRegistry)
    vQueueWaitForMessageRestricted           0x08009a5d   Thumb Code    68  queue.o(i.vQueueWaitForMessageRestricted)
    vTaskDelay                               0x08009aa1   Thumb Code    66  tasks.o(i.vTaskDelay)
    vTaskDelete                              0x08009aed   Thumb Code   130  tasks.o(i.vTaskDelete)
    vTaskInternalSetTimeOutState             0x08009b7d   Thumb Code    12  tasks.o(i.vTaskInternalSetTimeOutState)
    vTaskMissedYield                         0x08009b8d   Thumb Code     8  tasks.o(i.vTaskMissedYield)
    vTaskPlaceOnEventList                    0x08009b99   Thumb Code    44  tasks.o(i.vTaskPlaceOnEventList)
    vTaskPlaceOnEventListRestricted          0x08009bc9   Thumb Code    52  tasks.o(i.vTaskPlaceOnEventListRestricted)
    vTaskStartScheduler                      0x08009c01   Thumb Code   118  tasks.o(i.vTaskStartScheduler)
    vTaskSuspendAll                          0x08009c89   Thumb Code    10  tasks.o(i.vTaskSuspendAll)
    vTaskSwitchContext                       0x08009c99   Thumb Code   112  tasks.o(i.vTaskSwitchContext)
    wifi_mqtt_init                           0x08009d11   Thumb Code   108  app_mqttsend_task.o(i.wifi_mqtt_init)
    wifi_usart2_Receive                      0x08009e15   Thumb Code    10  bsp_usart_driver.o(i.wifi_usart2_Receive)
    wifi_usart2_Send                         0x08009e25   Thumb Code    14  bsp_usart_driver.o(i.wifi_usart2_Send)
    xPortStartScheduler                      0x08009e39   Thumb Code   154  port.o(i.xPortStartScheduler)
    xQueueGenericCreate                      0x08009ee1   Thumb Code    72  queue.o(i.xQueueGenericCreate)
    xQueueGenericCreateStatic                0x08009f29   Thumb Code   102  queue.o(i.xQueueGenericCreateStatic)
    xQueueGenericReset                       0x08009f91   Thumb Code   132  queue.o(i.xQueueGenericReset)
    xQueueGenericSend                        0x0800a019   Thumb Code   346  queue.o(i.xQueueGenericSend)
    xQueueGenericSendFromISR                 0x0800a179   Thumb Code   188  queue.o(i.xQueueGenericSendFromISR)
    xQueueReceive                            0x0800a235   Thumb Code   308  queue.o(i.xQueueReceive)
    xTaskCheckForTimeOut                     0x0800a36d   Thumb Code   112  tasks.o(i.xTaskCheckForTimeOut)
    xTaskCreate                              0x0800a3e1   Thumb Code    90  tasks.o(i.xTaskCreate)
    xTaskCreateStatic                        0x0800a43b   Thumb Code    86  tasks.o(i.xTaskCreateStatic)
    xTaskGetSchedulerState                   0x0800a491   Thumb Code    22  tasks.o(i.xTaskGetSchedulerState)
    xTaskGetTickCount                        0x0800a4ad   Thumb Code     6  tasks.o(i.xTaskGetTickCount)
    xTaskGetTickCountFromISR                 0x0800a4b9   Thumb Code    12  tasks.o(i.xTaskGetTickCountFromISR)
    xTaskIncrementTick                       0x0800a4c9   Thumb Code   190  tasks.o(i.xTaskIncrementTick)
    xTaskPriorityDisinherit                  0x0800a591   Thumb Code   118  tasks.o(i.xTaskPriorityDisinherit)
    xTaskRemoveFromEventList                 0x0800a611   Thumb Code    98  tasks.o(i.xTaskRemoveFromEventList)
    xTaskResumeAll                           0x0800a681   Thumb Code   182  tasks.o(i.xTaskResumeAll)
    xTimerCreateTimerTask                    0x0800a745   Thumb Code    78  timers.o(i.xTimerCreateTimerTask)
    xTimerGenericCommand                     0x0800a7a5   Thumb Code    98  timers.o(i.xTimerGenericCommand)
    defaultTask_attributes                   0x0800a80c   Data          36  freertos.o(.constdata)
    auw_hamm                                 0x0800a870   Data          62  bsp_max30102_driver.o(.constdata)
    uch_spo2_table                           0x0800a8ae   Data         184  bsp_max30102_driver.o(.constdata)
    F6x8                                     0x0800a966   Data         552  oledfont.o(.constdata)
    F8X16                                    0x0800ab8e   Data        1504  oledfont.o(.constdata)
    Hzk                                      0x0800b16e   Data        1344  oledfont.o(.constdata)
    AHBPrescTable                            0x0800b6b5   Data          16  system_stm32f2xx.o(.constdata)
    APBPrescTable                            0x0800b6c5   Data           8  system_stm32f2xx.o(.constdata)
    __mathlib_zero                           0x0800b760   Data           8  qnan.o(.constdata)
    __ctype_table                            0x0800b768   Data         129  ctype_o.o(.constdata)
    Region$$Table$$Base                      0x0800b814   Number         0  anon$$obj.o(Region$$Table)
    Region$$Table$$Limit                     0x0800b834   Number         0  anon$$obj.o(Region$$Table)
    mqtt_send_handle                         0x20000000   Data           4  freertos.o(.data)
    aht20_task_handle                        0x20000004   Data           4  freertos.o(.data)
    air_task_handle                          0x20000008   Data           4  freertos.o(.data)
    lm2904_task_handle                       0x2000000c   Data           4  freertos.o(.data)
    gy906_task_handle                        0x20000010   Data           4  freertos.o(.data)
    mqtt_rev_task_handle                     0x20000014   Data           4  freertos.o(.data)
    max30102_task_handle                     0x20000018   Data           4  freertos.o(.data)
    xSensorDataQueue                         0x2000001c   Data           4  freertos.o(.data)
    xAirQualitySemaphore                     0x20000020   Data           4  freertos.o(.data)
    xPM25Semaphore                           0x20000024   Data           4  freertos.o(.data)
    defaultTaskHandle                        0x20000028   Data           4  freertos.o(.data)
    rx_buffer_pm25                           0x20000030   Data           5  app_air_task.o(.data)
    data                                     0x20000038   Data          20  app_air_task.o(.data)
    finger_detected                          0x2000004c   Data           1  app_max30102_task.o(.data)
    ch_spo2_valid                            0x2000004d   Data           1  app_max30102_task.o(.data)
    ch_hr_valid                              0x2000004e   Data           1  app_max30102_task.o(.data)
    n_ir_buffer_length                       0x20000050   Data           4  app_max30102_task.o(.data)
    n_sp02                                   0x20000054   Data           4  app_max30102_task.o(.data)
    n_heart_rate                             0x20000058   Data           4  app_max30102_task.o(.data)
    un_min                                   0x2000005c   Data           4  app_max30102_task.o(.data)
    un_max                                   0x20000060   Data           4  app_max30102_task.o(.data)
    un_prev_data                             0x20000064   Data           4  app_max30102_task.o(.data)
    i                                        0x20000068   Data           4  app_max30102_task.o(.data)
    n_brightness                             0x2000006c   Data           4  app_max30102_task.o(.data)
    f_temp                                   0x20000070   Data           4  app_max30102_task.o(.data)
    temp                                     0x20000074   Data           6  app_max30102_task.o(.data)
    Window                                   0x2000007c   Data           8  app_mqttrev_task.o(.data)
    esp8266_status                           0x20000084   Data           1  app_mqttsend_task.o(.data)
    esp8266_cnt                              0x20000086   Data           2  bsp_esp8266_driver.o(.data)
    esp8266_cntPre                           0x20000088   Data           2  bsp_esp8266_driver.o(.data)
    CMD_Data                                 0x2000008a   Data          23  bsp_oled_driver.o(.data)
    BMP2                                     0x200000a1   Data         320  oledfont.o(.data)
    pxCurrentTCB                             0x200001f4   Data           4  tasks.o(.data)
    SystemCoreClock                          0x2000026c   Data           4  system_stm32f2xx.o(.data)
    uwTickFreq                               0x20000270   Data           1  stm32f2xx_hal.o(.data)
    uwTickPrio                               0x20000274   Data           4  stm32f2xx_hal.o(.data)
    uwTick                                   0x20000278   Data           4  stm32f2xx_hal.o(.data)
    __stdout                                 0x2000027c   Data           4  stdout.o(.data)
    __microlib_freelist                      0x20000280   Data           4  mvars.o(.data)
    __microlib_freelist_initialised          0x20000284   Data           4  mvars.o(.data)
    hadc1                                    0x2000028c   Data          72  adc.o(.bss)
    hdma_adc1                                0x200002d4   Data          96  adc.o(.bss)
    hi2c1                                    0x20000334   Data          84  i2c.o(.bss)
    hi2c2                                    0x20000388   Data          84  i2c.o(.bss)
    hiwdg                                    0x200003dc   Data          12  iwdg.o(.bss)
    htim1                                    0x200003e8   Data          72  tim.o(.bss)
    htim4                                    0x20000430   Data          72  tim.o(.bss)
    huart4                                   0x20000478   Data          72  usart.o(.bss)
    huart1                                   0x200004c0   Data          72  usart.o(.bss)
    huart2                                   0x20000508   Data          72  usart.o(.bss)
    huart6                                   0x20000550   Data          72  usart.o(.bss)
    htim5                                    0x20000598   Data          72  stm32f2xx_hal_timebase_tim.o(.bss)
    rx_buffer_air                            0x200005e0   Data          20  app_air_task.o(.bss)
    esp8266_rx_buffer                        0x20002cf4   Data         256  bsp_esp8266_driver.o(.bss)
    xQueueRegistry                           0x20002df4   Data          64  queue.o(.bss)
    __heap_base                              0x200076c8   Data           0  startup_stm32f205xx.o(HEAP)
    __heap_limit                             0x200078c8   Data           0  startup_stm32f205xx.o(HEAP)
    __initial_sp                             0x20007cc8   Data           0  startup_stm32f205xx.o(STACK)



==============================================================================

Memory Map of the image

  Image Entry point : 0x08000185

  Load Region LR_IROM1 (Base: 0x08000000, Size: 0x0000bac0, Max: 0x00040000, ABSOLUTE, COMPRESSED[0x0000b920])

    Execution Region ER_IROM1 (Exec base: 0x08000000, Load base: 0x08000000, Size: 0x0000b834, Max: 0x00040000, ABSOLUTE)

    Exec Addr    Load Addr    Size         Type   Attr      Idx    E Section Name        Object

    0x08000000   0x08000000   0x00000184   Data   RO            3    RESET               startup_stm32f205xx.o
    0x08000184   0x08000184   0x00000000   Code   RO         7334  * .ARM.Collect$$$$00000000  mc_w.l(entry.o)
    0x08000184   0x08000184   0x00000004   Code   RO         7711    .ARM.Collect$$$$00000001  mc_w.l(entry2.o)
    0x08000188   0x08000188   0x00000004   Code   RO         7714    .ARM.Collect$$$$00000004  mc_w.l(entry5.o)
    0x0800018c   0x0800018c   0x00000000   Code   RO         7716    .ARM.Collect$$$$00000008  mc_w.l(entry7b.o)
    0x0800018c   0x0800018c   0x00000000   Code   RO         7718    .ARM.Collect$$$$0000000A  mc_w.l(entry8b.o)
    0x0800018c   0x0800018c   0x00000008   Code   RO         7719    .ARM.Collect$$$$0000000B  mc_w.l(entry9a.o)
    0x08000194   0x08000194   0x00000000   Code   RO         7721    .ARM.Collect$$$$0000000D  mc_w.l(entry10a.o)
    0x08000194   0x08000194   0x00000000   Code   RO         7723    .ARM.Collect$$$$0000000F  mc_w.l(entry11a.o)
    0x08000194   0x08000194   0x00000004   Code   RO         7712    .ARM.Collect$$$$00002712  mc_w.l(entry2.o)
    0x08000198   0x08000198   0x00000096   Code   RO         4037    .emb_text           port.o
    0x0800022e   0x0800022e   0x00000002   PAD
    0x08000230   0x08000230   0x00000024   Code   RO            4    .text               startup_stm32f205xx.o
    0x08000254   0x08000254   0x00000062   Code   RO         7337    .text               mc_w.l(uldiv.o)
    0x080002b6   0x080002b6   0x0000000c   Code   RO         7339    .text               mc_w.l(tolower.o)
    0x080002c2   0x080002c2   0x00000024   Code   RO         7341    .text               mc_w.l(memcpya.o)
    0x080002e6   0x080002e6   0x00000024   Code   RO         7345    .text               mc_w.l(memseta.o)
    0x0800030a   0x0800030a   0x00000024   Code   RO         7347    .text               mc_w.l(strstr.o)
    0x0800032e   0x0800032e   0x00000014   Code   RO         7349    .text               mc_w.l(strchr.o)
    0x08000342   0x08000342   0x0000000e   Code   RO         7351    .text               mc_w.l(strlen.o)
    0x08000350   0x08000350   0x00000028   Code   RO         7353    .text               mc_w.l(strncat.o)
    0x08000378   0x08000378   0x0000001e   Code   RO         7357    .text               mc_w.l(strncmp.o)
    0x08000396   0x08000396   0x0000001a   Code   RO         7650    .text               mc_w.l(atoi.o)
    0x080003b0   0x080003b0   0x000000b0   Code   RO         7652    .text               mf_w.l(fadd.o)
    0x08000460   0x08000460   0x00000064   Code   RO         7654    .text               mf_w.l(fmul.o)
    0x080004c4   0x080004c4   0x0000007c   Code   RO         7656    .text               mf_w.l(fdiv.o)
    0x08000540   0x08000540   0x00000018   Code   RO         7658    .text               mf_w.l(fscalb.o)
    0x08000558   0x08000558   0x0000014e   Code   RO         7660    .text               mf_w.l(dadd.o)
    0x080006a6   0x080006a6   0x000000e4   Code   RO         7662    .text               mf_w.l(dmul.o)
    0x0800078a   0x0800078a   0x00000012   Code   RO         7664    .text               mf_w.l(fflti.o)
    0x0800079c   0x0800079c   0x0000000a   Code   RO         7666    .text               mf_w.l(ffltui.o)
    0x080007a6   0x080007a6   0x00000022   Code   RO         7668    .text               mf_w.l(dflti.o)
    0x080007c8   0x080007c8   0x0000001a   Code   RO         7670    .text               mf_w.l(dfltui.o)
    0x080007e2   0x080007e2   0x00000032   Code   RO         7672    .text               mf_w.l(ffixi.o)
    0x08000814   0x08000814   0x0000003e   Code   RO         7674    .text               mf_w.l(dfixi.o)
    0x08000852   0x08000852   0x00000026   Code   RO         7676    .text               mf_w.l(f2d.o)
    0x08000878   0x08000878   0x00000030   Code   RO         7680    .text               mf_w.l(cdrcmple.o)
    0x080008a8   0x080008a8   0x00000038   Code   RO         7682    .text               mf_w.l(d2f.o)
    0x080008e0   0x080008e0   0x0000002c   Code   RO         7726    .text               mc_w.l(uidiv.o)
    0x0800090c   0x0800090c   0x0000001e   Code   RO         7728    .text               mc_w.l(llshl.o)
    0x0800092a   0x0800092a   0x00000020   Code   RO         7730    .text               mc_w.l(llushr.o)
    0x0800094a   0x0800094a   0x00000024   Code   RO         7732    .text               mc_w.l(llsshr.o)
    0x0800096e   0x0800096e   0x00000070   Code   RO         7743    .text               mc_w.l(strtol.o)
    0x080009de   0x080009de   0x00000000   Code   RO         7745    .text               mc_w.l(iusefp.o)
    0x080009de   0x080009de   0x0000006e   Code   RO         7746    .text               mf_w.l(fepilogue.o)
    0x08000a4c   0x08000a4c   0x000000ba   Code   RO         7748    .text               mf_w.l(depilogue.o)
    0x08000b06   0x08000b06   0x000000de   Code   RO         7750    .text               mf_w.l(ddiv.o)
    0x08000be4   0x08000be4   0x0000002e   Code   RO         7752    .text               mf_w.l(dscalb.o)
    0x08000c12   0x08000c12   0x00000030   Code   RO         7754    .text               mf_w.l(dfixul.o)
    0x08000c42   0x08000c42   0x00000002   PAD
    0x08000c44   0x08000c44   0x00000024   Code   RO         7756    .text               mc_w.l(init.o)
    0x08000c68   0x08000c68   0x00000008   Code   RO         7758    .text               mc_w.l(ctype_o.o)
    0x08000c70   0x08000c70   0x0000009e   Code   RO         7786    .text               mc_w.l(_strtoul.o)
    0x08000d0e   0x08000d0e   0x000000a2   Code   RO         7788    .text               mf_w.l(dsqrt.o)
    0x08000db0   0x08000db0   0x0000001c   Code   RO         7790    .text               mc_w.l(_chval.o)
    0x08000dcc   0x08000dcc   0x00000056   Code   RO         7800    .text               mc_w.l(__dczerorl2.o)
    0x08000e22   0x08000e22   0x0000006e   Code   RO         4155    i.ADC_DMAConvCplt   stm32f2xx_hal_adc.o
    0x08000e90   0x08000e90   0x00000016   Code   RO         4156    i.ADC_DMAError      stm32f2xx_hal_adc.o
    0x08000ea6   0x08000ea6   0x0000000a   Code   RO         4157    i.ADC_DMAHalfConvCplt  stm32f2xx_hal_adc.o
    0x08000eb0   0x08000eb0   0x00000138   Code   RO         4158    i.ADC_Init          stm32f2xx_hal_adc.o
    0x08000fe8   0x08000fe8   0x0000004c   Code   RO         1071    i.Airquality_rev_data  bsp_airquality_driver.o
    0x08001034   0x08001034   0x00000002   Code   RO          636    i.BusFault_Handler  stm32f2xx_it.o
    0x08001036   0x08001036   0x00000002   PAD
    0x08001038   0x08001038   0x00000130   Code   RO         2241    i.Cloud_DevLink     cloud.o
    0x08001168   0x08001168   0x000000a0   Code   RO         2242    i.Cloud_Publish     cloud.o
    0x08001208   0x08001208   0x00000330   Code   RO         2243    i.Cloud_RevPro      cloud.o
    0x08001538   0x08001538   0x0000003a   Code   RO         2244    i.Cloud_Subscribe   cloud.o
    0x08001572   0x08001572   0x00000002   PAD
    0x08001574   0x08001574   0x0000000c   Code   RO          637    i.DMA2_Stream0_IRQHandler  stm32f2xx_it.o
    0x08001580   0x08001580   0x00000028   Code   RO         5301    i.DMA_CalcBaseAndBitshift  stm32f2xx_hal_dma.o
    0x080015a8   0x080015a8   0x00000054   Code   RO         5302    i.DMA_CheckFifoParam  stm32f2xx_hal_dma.o
    0x080015fc   0x080015fc   0x00000028   Code   RO         5303    i.DMA_SetConfig     stm32f2xx_hal_dma.o
    0x08001624   0x08001624   0x00000002   Code   RO          638    i.DebugMon_Handler  stm32f2xx_it.o
    0x08001626   0x08001626   0x00000002   PAD
    0x08001628   0x08001628   0x0000001c   Code   RO         1448    i.ESP8266_Clear     bsp_esp8266_driver.o
    0x08001644   0x08001644   0x0000019c   Code   RO         1449    i.ESP8266_Connect   bsp_esp8266_driver.o
    0x080017e0   0x080017e0   0x00000064   Code   RO         1450    i.ESP8266_GetIPD    bsp_esp8266_driver.o
    0x08001844   0x08001844   0x00000054   Code   RO         1451    i.ESP8266_SendCmd   bsp_esp8266_driver.o
    0x08001898   0x08001898   0x00000048   Code   RO         1452    i.ESP8266_SendData  bsp_esp8266_driver.o
    0x080018e0   0x080018e0   0x00000030   Code   RO         1453    i.ESP8266_WaitReceive  bsp_esp8266_driver.o
    0x08001910   0x08001910   0x00000004   Code   RO           13    i.Error_Handler     main.o
    0x08001914   0x08001914   0x00000150   Code   RO         4160    i.HAL_ADC_ConfigChannel  stm32f2xx_hal_adc.o
    0x08001a64   0x08001a64   0x00000002   Code   RO         4161    i.HAL_ADC_ConvCpltCallback  stm32f2xx_hal_adc.o
    0x08001a66   0x08001a66   0x00000002   Code   RO         4162    i.HAL_ADC_ConvHalfCpltCallback  stm32f2xx_hal_adc.o
    0x08001a68   0x08001a68   0x00000002   Code   RO         4164    i.HAL_ADC_ErrorCallback  stm32f2xx_hal_adc.o
    0x08001a6a   0x08001a6a   0x00000054   Code   RO         4169    i.HAL_ADC_Init      stm32f2xx_hal_adc.o
    0x08001abe   0x08001abe   0x00000002   PAD
    0x08001ac0   0x08001ac0   0x00000098   Code   RO          379    i.HAL_ADC_MspInit   adc.o
    0x08001b58   0x08001b58   0x00000110   Code   RO         4176    i.HAL_ADC_Start_DMA  stm32f2xx_hal_adc.o
    0x08001c68   0x08001c68   0x00000062   Code   RO         4179    i.HAL_ADC_Stop_DMA  stm32f2xx_hal_adc.o
    0x08001cca   0x08001cca   0x00000092   Code   RO         5304    i.HAL_DMA_Abort     stm32f2xx_hal_dma.o
    0x08001d5c   0x08001d5c   0x00000024   Code   RO         5305    i.HAL_DMA_Abort_IT  stm32f2xx_hal_dma.o
    0x08001d80   0x08001d80   0x000001a0   Code   RO         5309    i.HAL_DMA_IRQHandler  stm32f2xx_hal_dma.o
    0x08001f20   0x08001f20   0x000000d4   Code   RO         5310    i.HAL_DMA_Init      stm32f2xx_hal_dma.o
    0x08001ff4   0x08001ff4   0x0000006e   Code   RO         5314    i.HAL_DMA_Start_IT  stm32f2xx_hal_dma.o
    0x08002062   0x08002062   0x00000002   PAD
    0x08002064   0x08002064   0x00000024   Code   RO         4437    i.HAL_Delay         stm32f2xx_hal.o
    0x08002088   0x08002088   0x00000288   Code   RO         5238    i.HAL_GPIO_Init     stm32f2xx_hal_gpio.o
    0x08002310   0x08002310   0x0000000a   Code   RO         5242    i.HAL_GPIO_WritePin  stm32f2xx_hal_gpio.o
    0x0800231a   0x0800231a   0x00000002   PAD
    0x0800231c   0x0800231c   0x0000000c   Code   RO         4443    i.HAL_GetTick       stm32f2xx_hal.o
    0x08002328   0x08002328   0x00000004   Code   RO         5528    i.HAL_I2C_GetError  stm32f2xx_hal_i2c.o
    0x0800232c   0x0800232c   0x00000188   Code   RO         5531    i.HAL_I2C_Init      stm32f2xx_hal_i2c.o
    0x080024b4   0x080024b4   0x000001f0   Code   RO         5537    i.HAL_I2C_Master_Receive  stm32f2xx_hal_i2c.o
    0x080026a4   0x080026a4   0x0000012c   Code   RO         5544    i.HAL_I2C_Master_Transmit  stm32f2xx_hal_i2c.o
    0x080027d0   0x080027d0   0x000001f8   Code   RO         5549    i.HAL_I2C_Mem_Read  stm32f2xx_hal_i2c.o
    0x080029c8   0x080029c8   0x00000130   Code   RO         5552    i.HAL_I2C_Mem_Write  stm32f2xx_hal_i2c.o
    0x08002af8   0x08002af8   0x000000ac   Code   RO          445    i.HAL_I2C_MspInit   i2c.o
    0x08002ba4   0x08002ba4   0x0000005a   Code   RO         5957    i.HAL_IWDG_Init     stm32f2xx_hal_iwdg.o
    0x08002bfe   0x08002bfe   0x0000000c   Code   RO         5958    i.HAL_IWDG_Refresh  stm32f2xx_hal_iwdg.o
    0x08002c0a   0x08002c0a   0x00000002   PAD
    0x08002c0c   0x08002c0c   0x00000010   Code   RO         4449    i.HAL_IncTick       stm32f2xx_hal.o
    0x08002c1c   0x08002c1c   0x00000034   Code   RO         4450    i.HAL_Init          stm32f2xx_hal.o
    0x08002c50   0x08002c50   0x00000098   Code   RO          748    i.HAL_InitTick      stm32f2xx_hal_timebase_tim.o
    0x08002ce8   0x08002ce8   0x00000038   Code   RO          724    i.HAL_MspInit       stm32f2xx_hal_msp.o
    0x08002d20   0x08002d20   0x0000001a   Code   RO         4765    i.HAL_NVIC_EnableIRQ  stm32f2xx_hal_cortex.o
    0x08002d3a   0x08002d3a   0x00000002   PAD
    0x08002d3c   0x08002d3c   0x00000040   Code   RO         4771    i.HAL_NVIC_SetPriority  stm32f2xx_hal_cortex.o
    0x08002d7c   0x08002d7c   0x00000024   Code   RO         4772    i.HAL_NVIC_SetPriorityGrouping  stm32f2xx_hal_cortex.o
    0x08002da0   0x08002da0   0x0000013c   Code   RO         4617    i.HAL_RCC_ClockConfig  stm32f2xx_hal_rcc.o
    0x08002edc   0x08002edc   0x00000040   Code   RO         4621    i.HAL_RCC_GetClockConfig  stm32f2xx_hal_rcc.o
    0x08002f1c   0x08002f1c   0x00000030   Code   RO         4624    i.HAL_RCC_GetPCLK1Freq  stm32f2xx_hal_rcc.o
    0x08002f4c   0x08002f4c   0x00000030   Code   RO         4625    i.HAL_RCC_GetPCLK2Freq  stm32f2xx_hal_rcc.o
    0x08002f7c   0x08002f7c   0x00000060   Code   RO         4626    i.HAL_RCC_GetSysClockFreq  stm32f2xx_hal_rcc.o
    0x08002fdc   0x08002fdc   0x0000034c   Code   RO         4629    i.HAL_RCC_OscConfig  stm32f2xx_hal_rcc.o
    0x08003328   0x08003328   0x00000002   Code   RO         6693    i.HAL_TIMEx_BreakCallback  stm32f2xx_hal_tim_ex.o
    0x0800332a   0x0800332a   0x00000002   Code   RO         6694    i.HAL_TIMEx_CommutCallback  stm32f2xx_hal_tim_ex.o
    0x0800332c   0x0800332c   0x00000054   Code   RO         6696    i.HAL_TIMEx_ConfigBreakDeadTime  stm32f2xx_hal_tim_ex.o
    0x08003380   0x08003380   0x00000090   Code   RO         6712    i.HAL_TIMEx_MasterConfigSynchronization  stm32f2xx_hal_tim_ex.o
    0x08003410   0x08003410   0x0000005a   Code   RO         5989    i.HAL_TIM_Base_Init  stm32f2xx_hal_tim.o
    0x0800346a   0x0800346a   0x00000002   PAD
    0x0800346c   0x0800346c   0x00000044   Code   RO          523    i.HAL_TIM_Base_MspInit  tim.o
    0x080034b0   0x080034b0   0x00000080   Code   RO         5994    i.HAL_TIM_Base_Start_IT  stm32f2xx_hal_tim.o
    0x08003530   0x08003530   0x000000dc   Code   RO         5998    i.HAL_TIM_ConfigClockSource  stm32f2xx_hal_tim.o
    0x0800360c   0x0800360c   0x00000002   Code   RO         6023    i.HAL_TIM_IC_CaptureCallback  stm32f2xx_hal_tim.o
    0x0800360e   0x0800360e   0x00000166   Code   RO         6037    i.HAL_TIM_IRQHandler  stm32f2xx_hal_tim.o
    0x08003774   0x08003774   0x00000084   Code   RO          524    i.HAL_TIM_MspPostInit  tim.o
    0x080037f8   0x080037f8   0x00000002   Code   RO         6040    i.HAL_TIM_OC_DelayElapsedCallback  stm32f2xx_hal_tim.o
    0x080037fa   0x080037fa   0x000000cc   Code   RO         6061    i.HAL_TIM_PWM_ConfigChannel  stm32f2xx_hal_tim.o
    0x080038c6   0x080038c6   0x0000005a   Code   RO         6064    i.HAL_TIM_PWM_Init  stm32f2xx_hal_tim.o
    0x08003920   0x08003920   0x00000002   Code   RO         6066    i.HAL_TIM_PWM_MspInit  stm32f2xx_hal_tim.o
    0x08003922   0x08003922   0x00000002   Code   RO         6067    i.HAL_TIM_PWM_PulseFinishedCallback  stm32f2xx_hal_tim.o
    0x08003924   0x08003924   0x000000c8   Code   RO         6069    i.HAL_TIM_PWM_Start  stm32f2xx_hal_tim.o
    0x080039ec   0x080039ec   0x0000007c   Code   RO         6072    i.HAL_TIM_PWM_Stop  stm32f2xx_hal_tim.o
    0x08003a68   0x08003a68   0x00000014   Code   RO           14    i.HAL_TIM_PeriodElapsedCallback  main.o
    0x08003a7c   0x08003a7c   0x00000002   Code   RO         6080    i.HAL_TIM_TriggerCallback  stm32f2xx_hal_tim.o
    0x08003a7e   0x08003a7e   0x0000004e   Code   RO         6971    i.HAL_UARTEx_ReceiveToIdle_IT  stm32f2xx_hal_uart.o
    0x08003acc   0x08003acc   0x00000128   Code   RO          812    i.HAL_UARTEx_RxEventCallback  app_air_task.o
    0x08003bf4   0x08003bf4   0x0000002c   Code   RO          813    i.HAL_UART_ErrorCallback  app_air_task.o
    0x08003c20   0x08003c20   0x00000270   Code   RO         6989    i.HAL_UART_IRQHandler  stm32f2xx_hal_uart.o
    0x08003e90   0x08003e90   0x00000064   Code   RO         6990    i.HAL_UART_Init     stm32f2xx_hal_uart.o
    0x08003ef4   0x08003ef4   0x0000016c   Code   RO          577    i.HAL_UART_MspInit  usart.o
    0x08004060   0x08004060   0x0000001c   Code   RO         6995    i.HAL_UART_Receive_IT  stm32f2xx_hal_uart.o
    0x0800407c   0x0800407c   0x00000050   Code   RO         1454    i.HAL_UART_RxCpltCallback  bsp_esp8266_driver.o
    0x080040cc   0x080040cc   0x0000009a   Code   RO         6998    i.HAL_UART_Transmit  stm32f2xx_hal_uart.o
    0x08004166   0x08004166   0x00000002   Code   RO         7001    i.HAL_UART_TxCpltCallback  stm32f2xx_hal_uart.o
    0x08004168   0x08004168   0x00000002   Code   RO          639    i.HardFault_Handler  stm32f2xx_it.o
    0x0800416a   0x0800416a   0x0000002e   Code   RO         5574    i.I2C_IsAcknowledgeFailed  stm32f2xx_hal_i2c.o
    0x08004198   0x08004198   0x000000ec   Code   RO         5577    i.I2C_MasterRequestRead  stm32f2xx_hal_i2c.o
    0x08004284   0x08004284   0x0000009c   Code   RO         5578    i.I2C_MasterRequestWrite  stm32f2xx_hal_i2c.o
    0x08004320   0x08004320   0x000000fc   Code   RO         5584    i.I2C_RequestMemoryRead  stm32f2xx_hal_i2c.o
    0x0800441c   0x0800441c   0x000000a8   Code   RO         5585    i.I2C_RequestMemoryWrite  stm32f2xx_hal_i2c.o
    0x080044c4   0x080044c4   0x00000056   Code   RO         5589    i.I2C_WaitOnBTFFlagUntilTimeout  stm32f2xx_hal_i2c.o
    0x0800451a   0x0800451a   0x00000002   PAD
    0x0800451c   0x0800451c   0x00000090   Code   RO         5590    i.I2C_WaitOnFlagUntilTimeout  stm32f2xx_hal_i2c.o
    0x080045ac   0x080045ac   0x000000bc   Code   RO         5591    i.I2C_WaitOnMasterAddressFlagUntilTimeout  stm32f2xx_hal_i2c.o
    0x08004668   0x08004668   0x00000070   Code   RO         5592    i.I2C_WaitOnRXNEFlagUntilTimeout  stm32f2xx_hal_i2c.o
    0x080046d8   0x080046d8   0x00000056   Code   RO         5593    i.I2C_WaitOnTXEFlagUntilTimeout  stm32f2xx_hal_i2c.o
    0x0800472e   0x0800472e   0x0000001e   Code   RO         1310    i.MAX30102_Clear_FIFO  bsp_max30102_driver.o
    0x0800474c   0x0800474c   0x00000034   Code   RO         1311    i.MAX30102_IIC_ReadBytes  bsp_max30102_driver.o
    0x08004780   0x08004780   0x00000030   Code   RO         1312    i.MAX30102_IIC_Read_One_Byte  bsp_max30102_driver.o
    0x080047b0   0x080047b0   0x00000024   Code   RO         1314    i.MAX30102_IIC_Write_One_Byte  bsp_max30102_driver.o
    0x080047d4   0x080047d4   0x00000062   Code   RO         1315    i.MAX30102_Init     bsp_max30102_driver.o
    0x08004836   0x08004836   0x00000016   Code   RO         1316    i.MAX30102_Reset    bsp_max30102_driver.o
    0x0800484c   0x0800484c   0x0000001c   Code   RO         2296    i.MQTT_DeleteBuffer  mqttkit.o
    0x08004868   0x08004868   0x00000026   Code   RO         2297    i.MQTT_DumpLength   mqttkit.o
    0x0800488e   0x0800488e   0x00000052   Code   RO         2298    i.MQTT_NewBuffer    mqttkit.o
    0x080048e0   0x080048e0   0x00000264   Code   RO         2300    i.MQTT_PacketConnect  mqttkit.o
    0x08004b44   0x08004b44   0x0000015a   Code   RO         2303    i.MQTT_PacketPublish  mqttkit.o
    0x08004c9e   0x08004c9e   0x00000046   Code   RO         2305    i.MQTT_PacketPublishComp  mqttkit.o
    0x08004ce4   0x08004ce4   0x00000046   Code   RO         2307    i.MQTT_PacketPublishRel  mqttkit.o
    0x08004d2a   0x08004d2a   0x000000da   Code   RO         2310    i.MQTT_PacketSubscribe  mqttkit.o
    0x08004e04   0x08004e04   0x0000003e   Code   RO         2312    i.MQTT_ReadLength   mqttkit.o
    0x08004e42   0x08004e42   0x00000082   Code   RO         2313    i.MQTT_UnPacketCmd  mqttkit.o
    0x08004ec4   0x08004ec4   0x0000001a   Code   RO         2314    i.MQTT_UnPacketConnectAck  mqttkit.o
    0x08004ede   0x08004ede   0x00000002   PAD
    0x08004ee0   0x08004ee0   0x00000150   Code   RO         2315    i.MQTT_UnPacketPublish  mqttkit.o
    0x08005030   0x08005030   0x00000018   Code   RO         2316    i.MQTT_UnPacketPublishAck  mqttkit.o
    0x08005048   0x08005048   0x00000018   Code   RO         2317    i.MQTT_UnPacketPublishComp  mqttkit.o
    0x08005060   0x08005060   0x00000018   Code   RO         2318    i.MQTT_UnPacketPublishRec  mqttkit.o
    0x08005078   0x08005078   0x0000001e   Code   RO         2319    i.MQTT_UnPacketPublishRel  mqttkit.o
    0x08005096   0x08005096   0x00000002   PAD
    0x08005098   0x08005098   0x00000060   Code   RO         2320    i.MQTT_UnPacketRecv  mqttkit.o
    0x080050f8   0x080050f8   0x0000002c   Code   RO         2321    i.MQTT_UnPacketSubscribe  mqttkit.o
    0x08005124   0x08005124   0x00000012   Code   RO         2322    i.MQTT_UnPacketUnSubscribe  mqttkit.o
    0x08005136   0x08005136   0x00000002   PAD
    0x08005138   0x08005138   0x00000064   Code   RO          380    i.MX_ADC1_Init      adc.o
    0x0800519c   0x0800519c   0x0000002c   Code   RO          420    i.MX_DMA_Init       dma.o
    0x080051c8   0x080051c8   0x00000020   Code   RO          264    i.MX_FREERTOS_Init  freertos.o
    0x080051e8   0x080051e8   0x000000bc   Code   RO          240    i.MX_GPIO_Init      gpio.o
    0x080052a4   0x080052a4   0x00000040   Code   RO          446    i.MX_I2C1_Init      i2c.o
    0x080052e4   0x080052e4   0x00000040   Code   RO          447    i.MX_I2C2_Init      i2c.o
    0x08005324   0x08005324   0x0000002c   Code   RO          492    i.MX_IWDG_Init      iwdg.o
    0x08005350   0x08005350   0x000000d0   Code   RO          525    i.MX_TIM1_Init      tim.o
    0x08005420   0x08005420   0x000000ac   Code   RO          526    i.MX_TIM4_Init      tim.o
    0x080054cc   0x080054cc   0x00000038   Code   RO          578    i.MX_UART4_Init     usart.o
    0x08005504   0x08005504   0x00000038   Code   RO          579    i.MX_USART1_UART_Init  usart.o
    0x0800553c   0x0800553c   0x00000038   Code   RO          580    i.MX_USART2_UART_Init  usart.o
    0x08005574   0x08005574   0x00000038   Code   RO          581    i.MX_USART6_UART_Init  usart.o
    0x080055ac   0x080055ac   0x00000002   Code   RO          640    i.MemManage_Handler  stm32f2xx_it.o
    0x080055ae   0x080055ae   0x00000002   Code   RO          641    i.NMI_Handler       stm32f2xx_it.o
    0x080055b0   0x080055b0   0x00000034   Code   RO         1527    i.OLED_Clear        bsp_oled_driver.o
    0x080055e4   0x080055e4   0x00000048   Code   RO         1531    i.OLED_DrawBMP      bsp_oled_driver.o
    0x0800562c   0x0800562c   0x00000020   Code   RO         1533    i.OLED_Init         bsp_oled_driver.o
    0x0800564c   0x0800564c   0x00000022   Code   RO         1536    i.OLED_Set_Pos      bsp_oled_driver.o
    0x0800566e   0x0800566e   0x00000002   PAD
    0x08005670   0x08005670   0x0000005c   Code   RO         1537    i.OLED_ShowCHinese  bsp_oled_driver.o
    0x080056cc   0x080056cc   0x0000009c   Code   RO         1538    i.OLED_ShowChar     bsp_oled_driver.o
    0x08005768   0x08005768   0x00000074   Code   RO         1539    i.OLED_ShowNum      bsp_oled_driver.o
    0x080057dc   0x080057dc   0x00000058   Code   RO         1540    i.OLED_ShowString   bsp_oled_driver.o
    0x08005834   0x08005834   0x00000124   Code   RO         1541    i.OLED_Showdecimal  bsp_oled_driver.o
    0x08005958   0x08005958   0x00000024   Code   RO         1544    i.OLED_WR_CMD       bsp_oled_driver.o
    0x0800597c   0x0800597c   0x00000024   Code   RO         1545    i.OLED_WR_DATA      bsp_oled_driver.o
    0x080059a0   0x080059a0   0x0000014c   Code   RO          265    i.StartDefaultTask  freertos.o
    0x08005aec   0x08005aec   0x0000002c   Code   RO         4038    i.SysTick_Handler   port.o
    0x08005b18   0x08005b18   0x0000006a   Code   RO           15    i.SystemClock_Config  main.o
    0x08005b82   0x08005b82   0x00000002   Code   RO         4118    i.SystemInit        system_stm32f2xx.o
    0x08005b84   0x08005b84   0x0000000c   Code   RO          642    i.TIM5_IRQHandler   stm32f2xx_it.o
    0x08005b90   0x08005b90   0x000000c8   Code   RO         6082    i.TIM_Base_SetConfig  stm32f2xx_hal_tim.o
    0x08005c58   0x08005c58   0x0000001a   Code   RO         6083    i.TIM_CCxChannelCmd  stm32f2xx_hal_tim.o
    0x08005c72   0x08005c72   0x00000014   Code   RO         6093    i.TIM_ETR_SetConfig  stm32f2xx_hal_tim.o
    0x08005c86   0x08005c86   0x00000010   Code   RO         6094    i.TIM_ITRx_SetConfig  stm32f2xx_hal_tim.o
    0x08005c96   0x08005c96   0x00000002   PAD
    0x08005c98   0x08005c98   0x00000060   Code   RO         6095    i.TIM_OC1_SetConfig  stm32f2xx_hal_tim.o
    0x08005cf8   0x08005cf8   0x0000006c   Code   RO         6096    i.TIM_OC2_SetConfig  stm32f2xx_hal_tim.o
    0x08005d64   0x08005d64   0x00000068   Code   RO         6097    i.TIM_OC3_SetConfig  stm32f2xx_hal_tim.o
    0x08005dcc   0x08005dcc   0x00000050   Code   RO         6098    i.TIM_OC4_SetConfig  stm32f2xx_hal_tim.o
    0x08005e1c   0x08005e1c   0x00000022   Code   RO         6100    i.TIM_TI1_ConfigInputStage  stm32f2xx_hal_tim.o
    0x08005e3e   0x08005e3e   0x00000024   Code   RO         6102    i.TIM_TI2_ConfigInputStage  stm32f2xx_hal_tim.o
    0x08005e62   0x08005e62   0x00000002   PAD
    0x08005e64   0x08005e64   0x0000000c   Code   RO          643    i.UART4_IRQHandler  stm32f2xx_it.o
    0x08005e70   0x08005e70   0x00000010   Code   RO         7003    i.UART_DMAAbortOnError  stm32f2xx_hal_uart.o
    0x08005e80   0x08005e80   0x0000004e   Code   RO         7013    i.UART_EndRxTransfer  stm32f2xx_hal_uart.o
    0x08005ece   0x08005ece   0x000000c2   Code   RO         7015    i.UART_Receive_IT   stm32f2xx_hal_uart.o
    0x08005f90   0x08005f90   0x00000124   Code   RO         7016    i.UART_SetConfig    stm32f2xx_hal_uart.o
    0x080060b4   0x080060b4   0x00000036   Code   RO         7018    i.UART_Start_Receive_IT  stm32f2xx_hal_uart.o
    0x080060ea   0x080060ea   0x00000078   Code   RO         7019    i.UART_WaitOnFlagUntilTimeout  stm32f2xx_hal_uart.o
    0x08006162   0x08006162   0x00000002   PAD
    0x08006164   0x08006164   0x0000000c   Code   RO          644    i.USART2_IRQHandler  stm32f2xx_it.o
    0x08006170   0x08006170   0x0000000c   Code   RO          645    i.USART6_IRQHandler  stm32f2xx_it.o
    0x0800617c   0x0800617c   0x00000002   Code   RO          646    i.UsageFault_Handler  stm32f2xx_it.o
    0x0800617e   0x0800617e   0x00000002   PAD
    0x08006180   0x08006180   0x00000020   Code   RO         7594    i.__0printf         mc_w.l(printfa.o)
    0x080061a0   0x080061a0   0x00000028   Code   RO         7596    i.__0sprintf        mc_w.l(printfa.o)
    0x080061c8   0x080061c8   0x00000028   Code   RO         7698    i.__ARM_fpclassify  m_ws.l(fpclassify.o)
    0x080061f0   0x080061f0   0x00000020   Code   RO         4778    i.__NVIC_SetPriority  stm32f2xx_hal_cortex.o
    0x08006210   0x08006210   0x00000008   Code   RO         7736    i.__aeabi_errno_addr  mc_w.l(errno.o)
    0x08006218   0x08006218   0x000000aa   Code   RO         7700    i.__kernel_poly     m_ws.l(poly.o)
    0x080062c2   0x080062c2   0x00000002   PAD
    0x080062c4   0x080062c4   0x00000010   Code   RO         7684    i.__mathlib_dbl_divzero  m_ws.l(dunder.o)
    0x080062d4   0x080062d4   0x00000004   Code   RO         7686    i.__mathlib_dbl_infnan2  m_ws.l(dunder.o)
    0x080062d8   0x080062d8   0x0000000c   Code   RO         7687    i.__mathlib_dbl_invalid  m_ws.l(dunder.o)
    0x080062e4   0x080062e4   0x0000000e   Code   RO         7688    i.__mathlib_dbl_overflow  m_ws.l(dunder.o)
    0x080062f2   0x080062f2   0x00000002   PAD
    0x080062f4   0x080062f4   0x00000010   Code   RO         7690    i.__mathlib_dbl_underflow  m_ws.l(dunder.o)
    0x08006304   0x08006304   0x0000000e   Code   RO         7794    i.__scatterload_copy  mc_w.l(handlers.o)
    0x08006312   0x08006312   0x00000002   Code   RO         7795    i.__scatterload_null  mc_w.l(handlers.o)
    0x08006314   0x08006314   0x0000000e   Code   RO         7796    i.__scatterload_zeroinit  mc_w.l(handlers.o)
    0x08006322   0x08006322   0x00000002   PAD
    0x08006324   0x08006324   0x0000000c   Code   RO         7738    i.__set_errno       mc_w.l(errno.o)
    0x08006330   0x08006330   0x00000184   Code   RO         7601    i._fp_digits        mc_w.l(printfa.o)
    0x080064b4   0x080064b4   0x000006dc   Code   RO         7602    i._printf_core      mc_w.l(printfa.o)
    0x08006b90   0x08006b90   0x00000024   Code   RO         7603    i._printf_post_padding  mc_w.l(printfa.o)
    0x08006bb4   0x08006bb4   0x0000002e   Code   RO         7604    i._printf_pre_padding  mc_w.l(printfa.o)
    0x08006be2   0x08006be2   0x0000000a   Code   RO         7606    i._sputc            mc_w.l(printfa.o)
    0x08006bec   0x08006bec   0x00000030   Code   RO         1260    i.adc_to_db         bsp_lm2904_driver.o
    0x08006c1c   0x08006c1c   0x000000d4   Code   RO         1039    i.aht20_read        bsp_aht20_driver.o
    0x08006cf0   0x08006cf0   0x00000084   Code   RO          787    i.aht20_task        app_aht20_task.o
    0x08006d74   0x08006d74   0x00000084   Code   RO          814    i.air_task          app_air_task.o
    0x08006df8   0x08006df8   0x00000010   Code   RO         1838    i.atomizer_off      bsp_wuhua_driver.o
    0x08006e08   0x08006e08   0x00000010   Code   RO         1839    i.atomizer_on       bsp_wuhua_driver.o
    0x08006e18   0x08006e18   0x00000048   Code   RO         1918    i.cJSON_Delete      cjson.o
    0x08006e60   0x08006e60   0x0000000c   Code   RO         1926    i.cJSON_GetErrorPtr  cjson.o
    0x08006e6c   0x08006e6c   0x0000001c   Code   RO         1927    i.cJSON_GetObjectItem  cjson.o
    0x08006e88   0x08006e88   0x0000001c   Code   RO         1931    i.cJSON_New_Item    cjson.o
    0x08006ea4   0x08006ea4   0x00000008   Code   RO         1932    i.cJSON_Parse       cjson.o
    0x08006eac   0x08006eac   0x00000060   Code   RO         1933    i.cJSON_ParseWithOpts  cjson.o
    0x08006f0c   0x08006f0c   0x00000042   Code   RO         1939    i.cJSON_strcasecmp  cjson.o
    0x08006f4e   0x08006f4e   0x00000002   PAD
    0x08006f50   0x08006f50   0x0000003c   Code   RO         1143    i.drv8833_motor_direction  bsp_drv8833_driver.o
    0x08006f8c   0x08006f8c   0x00000010   Code   RO         1144    i.drv8833_motor_speed  bsp_drv8833_driver.o
    0x08006f9c   0x08006f9c   0x0000001c   Code   RO         1145    i.drv8833_motot_stop  bsp_drv8833_driver.o
    0x08006fb8   0x08006fb8   0x00000018   Code   RO         1794    i.fputc             bsp_usart_driver.o
    0x08006fd0   0x08006fd0   0x00000050   Code   RO         7622    i.free              mc_w.l(malloc.o)
    0x08007020   0x08007020   0x0000007c   Code   RO          872    i.gy906_task        app_gy906_task.o
    0x0800709c   0x0800709c   0x0000000c   Code   RO         1877    i.iwdog_refresh     bsp_iwdog_driver.o
    0x080070a8   0x080070a8   0x00000010   Code   RO         1261    i.lm2904_start      bsp_lm2904_driver.o
    0x080070b8   0x080070b8   0x0000000c   Code   RO         1262    i.lm2904_stop       bsp_lm2904_driver.o
    0x080070c4   0x080070c4   0x00000060   Code   RO          901    i.lm2904_task       app_lm2904_task.o
    0x08007124   0x08007124   0x00000170   Code   RO           16    i.main              main.o
    0x08007294   0x08007294   0x0000006c   Code   RO         7623    i.malloc            mc_w.l(malloc.o)
    0x08007300   0x08007300   0x00000012   Code   RO         1317    i.max30102_Bus_Read  bsp_max30102_driver.o
    0x08007312   0x08007312   0x00000010   Code   RO         1318    i.max30102_Bus_Write  bsp_max30102_driver.o
    0x08007322   0x08007322   0x00000022   Code   RO         1319    i.max30102_FIFO_ReadBytes  bsp_max30102_driver.o
    0x08007344   0x08007344   0x00000298   Code   RO          927    i.max30102_task     app_max30102_task.o
    0x080075dc   0x080075dc   0x00000032   Code   RO         1321    i.maxim_find_peaks  bsp_max30102_driver.o
    0x0800760e   0x0800760e   0x00000002   PAD
    0x08007610   0x08007610   0x000003bc   Code   RO         1322    i.maxim_heart_rate_and_oxygen_saturation  bsp_max30102_driver.o
    0x080079cc   0x080079cc   0x0000006a   Code   RO         1326    i.maxim_peaks_above_min_height  bsp_max30102_driver.o
    0x08007a36   0x08007a36   0x00000002   PAD
    0x08007a38   0x08007a38   0x0000006c   Code   RO         1327    i.maxim_remove_close_peaks  bsp_max30102_driver.o
    0x08007aa4   0x08007aa4   0x00000032   Code   RO         1328    i.maxim_sort_ascend  bsp_max30102_driver.o
    0x08007ad6   0x08007ad6   0x00000002   PAD
    0x08007ad8   0x08007ad8   0x0000003a   Code   RO         1329    i.maxim_sort_indices_descend  bsp_max30102_driver.o
    0x08007b12   0x08007b12   0x00000002   PAD
    0x08007b14   0x08007b14   0x00000098   Code   RO         1182    i.mlx90614_readTemp  bsp_gy906_driver.o
    0x08007bac   0x08007bac   0x0000001c   Code   RO          960    i.mqtt_rev_task     app_mqttrev_task.o
    0x08007bc8   0x08007bc8   0x000001e8   Code   RO          993    i.mqtt_send_task    app_mqttsend_task.o
    0x08007db0   0x08007db0   0x00000010   Code   RO         1546    i.oled_pow          bsp_oled_driver.o
    0x08007dc0   0x08007dc0   0x00000038   Code   RO         3572    i.osKernelInitialize  cmsis_os2.o
    0x08007df8   0x08007df8   0x00000040   Code   RO         3575    i.osKernelStart     cmsis_os2.o
    0x08007e38   0x08007e38   0x000000a4   Code   RO         3609    i.osThreadNew       cmsis_os2.o
    0x08007edc   0x08007edc   0x00000078   Code   RO         1943    i.parse_array       cjson.o
    0x08007f54   0x08007f54   0x000000a6   Code   RO         1944    i.parse_hex4        cjson.o
    0x08007ffa   0x08007ffa   0x00000002   PAD
    0x08007ffc   0x08007ffc   0x00000158   Code   RO         1945    i.parse_number      cjson.o
    0x08008154   0x08008154   0x000000b8   Code   RO         1946    i.parse_object      cjson.o
    0x0800820c   0x0800820c   0x00000180   Code   RO         1947    i.parse_string      cjson.o
    0x0800838c   0x0800838c   0x000000b4   Code   RO         1948    i.parse_value       cjson.o
    0x08008440   0x08008440   0x00000050   Code   RO         1688    i.pm25_rev_data     bsp_pm2.5_driver.o
    0x08008490   0x08008490   0x000009d8   Code   RO         7325    i.pow               m_ws.l(pow.o)
    0x08008e68   0x08008e68   0x0000005c   Code   RO         3044    i.prvAddCurrentTaskToDelayedList  tasks.o
    0x08008ec4   0x08008ec4   0x000000d0   Code   RO         3045    i.prvAddNewTaskToReadyList  tasks.o
    0x08008f94   0x08008f94   0x00000058   Code   RO         3404    i.prvCheckForValidListAndQueue  timers.o
    0x08008fec   0x08008fec   0x00000026   Code   RO         2659    i.prvCopyDataFromQueue  queue.o
    0x08009012   0x08009012   0x0000006c   Code   RO         2660    i.prvCopyDataToQueue  queue.o
    0x0800907e   0x0800907e   0x00000034   Code   RO         3046    i.prvDeleteTCB      tasks.o
    0x080090b2   0x080090b2   0x00000002   PAD
    0x080090b4   0x080090b4   0x0000004c   Code   RO         3988    i.prvHeapInit       heap_4.o
    0x08009100   0x08009100   0x00000060   Code   RO         3047    i.prvIdleTask       tasks.o
    0x08009160   0x08009160   0x00000022   Code   RO         2662    i.prvInitialiseNewQueue  queue.o
    0x08009182   0x08009182   0x0000009c   Code   RO         3048    i.prvInitialiseNewTask  tasks.o
    0x0800921e   0x0800921e   0x00000002   PAD
    0x08009220   0x08009220   0x0000004c   Code   RO         3989    i.prvInsertBlockIntoFreeList  heap_4.o
    0x0800926c   0x0800926c   0x00000038   Code   RO         3406    i.prvInsertTimerInActiveList  timers.o
    0x080092a4   0x080092a4   0x0000001c   Code   RO         2663    i.prvIsQueueEmpty   queue.o
    0x080092c0   0x080092c0   0x000000cc   Code   RO         3407    i.prvProcessReceivedCommands  timers.o
    0x0800938c   0x0800938c   0x000000b4   Code   RO         3408    i.prvProcessTimerOrBlockTask  timers.o
    0x08009440   0x08009440   0x00000020   Code   RO         3050    i.prvResetNextTaskUnblockTime  tasks.o
    0x08009460   0x08009460   0x00000028   Code   RO         3409    i.prvSampleTimeNow  timers.o
    0x08009488   0x08009488   0x0000006c   Code   RO         3410    i.prvSwitchTimerLists  timers.o
    0x080094f4   0x080094f4   0x00000028   Code   RO         4039    i.prvTaskExitError  port.o
    0x0800951c   0x0800951c   0x00000024   Code   RO         3411    i.prvTimerTask      timers.o
    0x08009540   0x08009540   0x0000006a   Code   RO         2664    i.prvUnlockQueue    queue.o
    0x080095aa   0x080095aa   0x00000002   PAD
    0x080095ac   0x080095ac   0x000000e0   Code   RO         3990    i.pvPortMalloc      heap_4.o
    0x0800968c   0x0800968c   0x00000024   Code   RO         4040    i.pxPortInitialiseStack  port.o
    0x080096b0   0x080096b0   0x00000006   Code   RO         1184    i.readObjectTemp    bsp_gy906_driver.o
    0x080096b6   0x080096b6   0x00000008   Code   RO         1722    i.relay_off         bsp_relay_driver.o
    0x080096be   0x080096be   0x00000008   Code   RO         1723    i.relay_on          bsp_relay_driver.o
    0x080096c6   0x080096c6   0x00000002   PAD
    0x080096c8   0x080096c8   0x000000c8   Code   RO          961    i.revData_Json      app_mqttrev_task.o
    0x08009790   0x08009790   0x0000000c   Code   RO         1760    i.sg90_init         bsp_sg90_driver.o
    0x0800979c   0x0800979c   0x0000001c   Code   RO         1761    i.sg90_set_angle    bsp_sg90_driver.o
    0x080097b8   0x080097b8   0x00000014   Code   RO         1955    i.skip              cjson.o
    0x080097cc   0x080097cc   0x0000004c   Code   RO         7704    i.sqrt              m_ws.l(sqrt.o)
    0x08009818   0x08009818   0x00000026   Code   RO         2619    i.uxListRemove      list.o
    0x0800983e   0x0800983e   0x00000002   PAD
    0x08009840   0x08009840   0x00000014   Code   RO         3621    i.vApplicationGetIdleTaskMemory  cmsis_os2.o
    0x08009854   0x08009854   0x00000018   Code   RO         3622    i.vApplicationGetTimerTaskMemory  cmsis_os2.o
    0x0800986c   0x0800986c   0x00000002   Code   RO         3623    i.vApplicationMallocFailedHook  cmsis_os2.o
    0x0800986e   0x0800986e   0x00000002   PAD
    0x08009870   0x08009870   0x00000024   Code   RO          266    i.vApplicationStackOverflowHook  freertos.o
    0x08009894   0x08009894   0x00000016   Code   RO         2620    i.vListInitialise   list.o
    0x080098aa   0x080098aa   0x00000006   Code   RO         2621    i.vListInitialiseItem  list.o
    0x080098b0   0x080098b0   0x00000030   Code   RO         2622    i.vListInsert       list.o
    0x080098e0   0x080098e0   0x00000018   Code   RO         2623    i.vListInsertEnd    list.o
    0x080098f8   0x080098f8   0x00000040   Code   RO         4042    i.vPortEnterCritical  port.o
    0x08009938   0x08009938   0x00000028   Code   RO         4043    i.vPortExitCritical  port.o
    0x08009960   0x08009960   0x0000005c   Code   RO         3991    i.vPortFree         heap_4.o
    0x080099bc   0x080099bc   0x00000024   Code   RO         4044    i.vPortSetupTimerInterrupt  port.o
    0x080099e0   0x080099e0   0x00000054   Code   RO         4045    i.vPortValidateInterruptPriority  port.o
    0x08009a34   0x08009a34   0x00000028   Code   RO         2670    i.vQueueAddToRegistry  queue.o
    0x08009a5c   0x08009a5c   0x00000044   Code   RO         2674    i.vQueueWaitForMessageRestricted  queue.o
    0x08009aa0   0x08009aa0   0x0000004c   Code   RO         3062    i.vTaskDelay        tasks.o
    0x08009aec   0x08009aec   0x00000090   Code   RO         3064    i.vTaskDelete       tasks.o
    0x08009b7c   0x08009b7c   0x00000010   Code   RO         3067    i.vTaskInternalSetTimeOutState  tasks.o
    0x08009b8c   0x08009b8c   0x0000000c   Code   RO         3069    i.vTaskMissedYield  tasks.o
    0x08009b98   0x08009b98   0x00000030   Code   RO         3071    i.vTaskPlaceOnEventList  tasks.o
    0x08009bc8   0x08009bc8   0x00000038   Code   RO         3072    i.vTaskPlaceOnEventListRestricted  tasks.o
    0x08009c00   0x08009c00   0x00000088   Code   RO         3080    i.vTaskStartScheduler  tasks.o
    0x08009c88   0x08009c88   0x00000010   Code   RO         3082    i.vTaskSuspendAll   tasks.o
    0x08009c98   0x08009c98   0x00000078   Code   RO         3083    i.vTaskSwitchContext  tasks.o
    0x08009d10   0x08009d10   0x00000104   Code   RO          994    i.wifi_mqtt_init    app_mqttsend_task.o
    0x08009e14   0x08009e14   0x00000010   Code   RO         1795    i.wifi_usart2_Receive  bsp_usart_driver.o
    0x08009e24   0x08009e24   0x00000014   Code   RO         1796    i.wifi_usart2_Send  bsp_usart_driver.o
    0x08009e38   0x08009e38   0x000000a8   Code   RO         4046    i.xPortStartScheduler  port.o
    0x08009ee0   0x08009ee0   0x00000048   Code   RO         2679    i.xQueueGenericCreate  queue.o
    0x08009f28   0x08009f28   0x00000066   Code   RO         2680    i.xQueueGenericCreateStatic  queue.o
    0x08009f8e   0x08009f8e   0x00000002   PAD
    0x08009f90   0x08009f90   0x00000088   Code   RO         2681    i.xQueueGenericReset  queue.o
    0x0800a018   0x0800a018   0x00000160   Code   RO         2682    i.xQueueGenericSend  queue.o
    0x0800a178   0x0800a178   0x000000bc   Code   RO         2683    i.xQueueGenericSendFromISR  queue.o
    0x0800a234   0x0800a234   0x00000138   Code   RO         2692    i.xQueueReceive     queue.o
    0x0800a36c   0x0800a36c   0x00000074   Code   RO         3084    i.xTaskCheckForTimeOut  tasks.o
    0x0800a3e0   0x0800a3e0   0x0000005a   Code   RO         3085    i.xTaskCreate       tasks.o
    0x0800a43a   0x0800a43a   0x00000056   Code   RO         3086    i.xTaskCreateStatic  tasks.o
    0x0800a490   0x0800a490   0x0000001c   Code   RO         3090    i.xTaskGetSchedulerState  tasks.o
    0x0800a4ac   0x0800a4ac   0x0000000c   Code   RO         3091    i.xTaskGetTickCount  tasks.o
    0x0800a4b8   0x0800a4b8   0x00000010   Code   RO         3092    i.xTaskGetTickCountFromISR  tasks.o
    0x0800a4c8   0x0800a4c8   0x000000c8   Code   RO         3093    i.xTaskIncrementTick  tasks.o
    0x0800a590   0x0800a590   0x00000080   Code   RO         3096    i.xTaskPriorityDisinherit  tasks.o
    0x0800a610   0x0800a610   0x00000070   Code   RO         3098    i.xTaskRemoveFromEventList  tasks.o
    0x0800a680   0x0800a680   0x000000c4   Code   RO         3099    i.xTaskResumeAll    tasks.o
    0x0800a744   0x0800a744   0x00000060   Code   RO         3418    i.xTimerCreateTimerTask  timers.o
    0x0800a7a4   0x0800a7a4   0x00000068   Code   RO         3419    i.xTimerGenericCommand  timers.o
    0x0800a80c   0x0800a80c   0x00000024   Data   RO          267    .constdata          freertos.o
    0x0800a830   0x0800a830   0x00000014   Data   RO          873    .constdata          app_gy906_task.o
    0x0800a844   0x0800a844   0x00000014   Data   RO          902    .constdata          app_lm2904_task.o
    0x0800a858   0x0800a858   0x00000014   Data   RO          929    .constdata          app_max30102_task.o
    0x0800a86c   0x0800a86c   0x00000004   Data   RO          995    .constdata          app_mqttsend_task.o
    0x0800a870   0x0800a870   0x000000f6   Data   RO         1331    .constdata          bsp_max30102_driver.o
    0x0800a966   0x0800a966   0x00000228   Data   RO         1669    .constdata          oledfont.o
    0x0800ab8e   0x0800ab8e   0x000005e0   Data   RO         1670    .constdata          oledfont.o
    0x0800b16e   0x0800b16e   0x00000540   Data   RO         1671    .constdata          oledfont.o
    0x0800b6ae   0x0800b6ae   0x00000007   Data   RO         1957    .constdata          cjson.o
    0x0800b6b5   0x0800b6b5   0x00000010   Data   RO         4119    .constdata          system_stm32f2xx.o
    0x0800b6c5   0x0800b6c5   0x00000008   Data   RO         4120    .constdata          system_stm32f2xx.o
    0x0800b6cd   0x0800b6cd   0x00000008   Data   RO         5316    .constdata          stm32f2xx_hal_dma.o
    0x0800b6d5   0x0800b6d5   0x00000003   PAD
    0x0800b6d8   0x0800b6d8   0x00000088   Data   RO         7326    .constdata          m_ws.l(pow.o)
    0x0800b760   0x0800b760   0x00000008   Data   RO         7702    .constdata          m_ws.l(qnan.o)
    0x0800b768   0x0800b768   0x00000081   Data   RO         7759    .constdata          mc_w.l(ctype_o.o)
    0x0800b7e9   0x0800b7e9   0x00000003   PAD
    0x0800b7ec   0x0800b7ec   0x00000004   Data   RO         7760    .constdata          mc_w.l(ctype_o.o)
    0x0800b7f0   0x0800b7f0   0x0000000c   Data   RO          268    .conststring        freertos.o
    0x0800b7fc   0x0800b7fc   0x00000015   Data   RO          996    .conststring        app_mqttsend_task.o
    0x0800b811   0x0800b811   0x00000003   PAD
    0x0800b814   0x0800b814   0x00000020   Data   RO         7792    Region$$Table       anon$$obj.o


    Execution Region RW_IRAM1 (Exec base: 0x20000000, Load base: 0x0800b834, Size: 0x00007cc8, Max: 0x00014000, ABSOLUTE, COMPRESSED[0x000000ec])

    Exec Addr    Load Addr    Size         Type   Attr      Idx    E Section Name        Object

    0x20000000   COMPRESSED   0x0000002c   Data   RW          270    .data               freertos.o
    0x2000002c   COMPRESSED   0x00000020   Data   RW          816    .data               app_air_task.o
    0x2000004c   COMPRESSED   0x0000002e   Data   RW          930    .data               app_max30102_task.o
    0x2000007a   COMPRESSED   0x00000002   PAD
    0x2000007c   COMPRESSED   0x00000008   Data   RW          962    .data               app_mqttrev_task.o
    0x20000084   COMPRESSED   0x00000001   Data   RW          997    .data               app_mqttsend_task.o
    0x20000085   COMPRESSED   0x00000001   PAD
    0x20000086   COMPRESSED   0x00000004   Data   RW         1456    .data               bsp_esp8266_driver.o
    0x2000008a   COMPRESSED   0x00000017   Data   RW         1547    .data               bsp_oled_driver.o
    0x200000a1   COMPRESSED   0x00000140   Data   RW         1673    .data               oledfont.o
    0x200001e1   COMPRESSED   0x00000003   PAD
    0x200001e4   COMPRESSED   0x0000000c   Data   RW         1958    .data               cjson.o
    0x200001f0   COMPRESSED   0x00000002   Data   RW         2245    .data               cloud.o
    0x200001f2   COMPRESSED   0x00000002   PAD
    0x200001f4   COMPRESSED   0x0000003c   Data   RW         3102    .data               tasks.o
    0x20000230   COMPRESSED   0x00000014   Data   RW         3427    .data               timers.o
    0x20000244   COMPRESSED   0x00000004   Data   RW         3626    .data               cmsis_os2.o
    0x20000248   COMPRESSED   0x00000018   Data   RW         3996    .data               heap_4.o
    0x20000260   COMPRESSED   0x0000000c   Data   RW         4047    .data               port.o
    0x2000026c   COMPRESSED   0x00000004   Data   RW         4121    .data               system_stm32f2xx.o
    0x20000270   COMPRESSED   0x0000000c   Data   RW         4457    .data               stm32f2xx_hal.o
    0x2000027c   COMPRESSED   0x00000004   Data   RW         7725    .data               mc_w.l(stdout.o)
    0x20000280   COMPRESSED   0x00000004   Data   RW         7734    .data               mc_w.l(mvars.o)
    0x20000284   COMPRESSED   0x00000004   Data   RW         7735    .data               mc_w.l(mvars.o)
    0x20000288   COMPRESSED   0x00000004   Data   RW         7739    .data               mc_w.l(errno.o)
    0x2000028c        -       0x000000a8   Zero   RW          381    .bss                adc.o
    0x20000334        -       0x000000a8   Zero   RW          448    .bss                i2c.o
    0x200003dc        -       0x0000000c   Zero   RW          493    .bss                iwdg.o
    0x200003e8        -       0x00000090   Zero   RW          527    .bss                tim.o
    0x20000478        -       0x00000120   Zero   RW          582    .bss                usart.o
    0x20000598        -       0x00000048   Zero   RW          751    .bss                stm32f2xx_hal_timebase_tim.o
    0x200005e0        -       0x00000014   Zero   RW          815    .bss                app_air_task.o
    0x200005f4        -       0x00000fa0   Zero   RW          928    .bss                app_max30102_task.o
    0x20001594        -       0x00001760   Zero   RW         1330    .bss                bsp_max30102_driver.o
    0x20002cf4        -       0x00000100   Zero   RW         1455    .bss                bsp_esp8266_driver.o
    0x20002df4        -       0x00000040   Zero   RW         2696    .bss                queue.o
    0x20002e34        -       0x000004c4   Zero   RW         3101    .bss                tasks.o
    0x200032f8        -       0x00000118   Zero   RW         3426    .bss                timers.o
    0x20003410        -       0x000006b8   Zero   RW         3625    .bss                cmsis_os2.o
    0x20003ac8        -       0x00003c00   Zero   RW         3995    .bss                heap_4.o
    0x200076c8        -       0x00000200   Zero   RW            2    HEAP                startup_stm32f205xx.o
    0x200078c8        -       0x00000400   Zero   RW            1    STACK               startup_stm32f205xx.o


    Execution Region RW_IRAM2 (Exec base: 0x2001c000, Load base: 0x0800b920, Size: 0x00000000, Max: 0x00004000, ABSOLUTE)

    **** No section assigned to this execution region ****


==============================================================================

Image component sizes


      Code (inc. data)   RO Data    RW Data    ZI Data      Debug   Object Name

       252         36          0          0        168       1847   adc.o
       132          4          0          0          0        641   app_aht20_task.o
       472         50          0         32         20       3701   app_air_task.o
       124         18         20          0          0        601   app_gy906_task.o
        96          8         20          0          0        610   app_lm2904_task.o
       664         32         20         46       4000       2472   app_max30102_task.o
       228         62          0          8          0       2368   app_mqttrev_task.o
       748        408         25          1          0       1691   app_mqttsend_task.o
       212         22          0          0          0        901   bsp_aht20_driver.o
        76         44          0          0          0       1070   bsp_airquality_driver.o
       104         20          0          0          0       2129   bsp_drv8833_driver.o
       824        366          0          4        256       8891   bsp_esp8266_driver.o
       158         66          0          0          0       1229   bsp_gy906_driver.o
        12          6          0          0          0        468   bsp_iwdog_driver.o
        76         22          0          0          0       2069   bsp_lm2904_driver.o
      1682         34        246          0       5984      13767   bsp_max30102_driver.o
      1022         26          0         23          0       9907   bsp_oled_driver.o
        80         48          0          0          0       1008   bsp_pm2.5_driver.o
        16          0          0          0          0       1403   bsp_relay_driver.o
        40          8          0          0          0        977   bsp_sg90_driver.o
        60         16          0          0          0       2069   bsp_usart_driver.o
        32         12          0          0          0        921   bsp_wuhua_driver.o
      1708         80          7         12          0      13514   cjson.o
      1338        642          0          2          0       6921   cloud.o
       330         26          0          4       1720      14367   cmsis_os2.o
        44          4          0          0          0        814   dma.o
         0          0          0          0          0      20200   event_groups.o
       400        176         48         44          0      18208   freertos.o
       188         18          0          0          0       1019   gpio.o
       468         22          0         24      15360       4863   heap_4.o
       300         46          0          0        168       2438   i2c.o
        44          8          0          0         12        763   iwdg.o
       138          0          0          0          0       3558   list.o
       498         60          0          0          0     651180   main.o
      2278         24          0          0          0      18478   mqttkit.o
         0          0       3400        320          0        743   oledfont.o
       662         70          0         12          0      11145   port.o
      1584         20          0          0         64      15898   queue.o
        36          8        388          0       1536        832   startup_stm32f205xx.o
       116         18          0         12          0       8614   stm32f2xx_hal.o
      1250         48          0          0          0       8036   stm32f2xx_hal_adc.o
       158         14          0          0          0      30014   stm32f2xx_hal_cortex.o
      1084         16          8          0          0       7350   stm32f2xx_hal_dma.o
       658         50          0          0          0       2352   stm32f2xx_hal_gpio.o
      3474         88          0          0          0      18392   stm32f2xx_hal_i2c.o
       102          0          0          0          0       1919   stm32f2xx_hal_iwdg.o
        56          4          0          0          0        906   stm32f2xx_hal_msp.o
      1416         92          0          0          0       5929   stm32f2xx_hal_rcc.o
      2144        146          0          0          0      17649   stm32f2xx_hal_tim.o
       232         28          0          0          0       3329   stm32f2xx_hal_tim_ex.o
       152         20          0          0         72       1559   stm32f2xx_hal_timebase_tim.o
      1740         14          0          0          0      11156   stm32f2xx_hal_uart.o
        72         30          0          0          0       5072   stm32f2xx_it.o
         0          0          0          0          0       8420   stream_buffer.o
         2          0         24          4          0       1203   system_stm32f2xx.o
      2244        186          0         60       1220      25525   tasks.o
       580         52          0          0        144       3345   tim.o
       912         82          0         20        280      26295   timers.o
       588         62          0          0        288       3899   usart.o

    ----------------------------------------------------------------------
     34170       3462       4244        636      31292    1036645   Object Totals
         0          0         32          0          0          0   (incl. Generated)
        64          0          6          8          0          0   (incl. Padding)

    ----------------------------------------------------------------------

      Code (inc. data)   RO Data    RW Data    ZI Data      Debug   Library Member Name

        62         10          0          0          0        340   dunder.o
        40          0          0          0          0         68   fpclassify.o
       170          0          0          0          0         96   poly.o
      2520        190        136          0          0        324   pow.o
         0          0          8          0          0          0   qnan.o
        76          0          0          0          0         84   sqrt.o
        86          0          0          0          0          0   __dczerorl2.o
        28          0          0          0          0         68   _chval.o
       158          0          0          0          0         92   _strtoul.o
        26          0          0          0          0         80   atoi.o
         8          4        133          0          0         68   ctype_o.o
         0          0          0          0          0          0   entry.o
         0          0          0          0          0          0   entry10a.o
         0          0          0          0          0          0   entry11a.o
         8          4          0          0          0          0   entry2.o
         4          0          0          0          0          0   entry5.o
         0          0          0          0          0          0   entry7b.o
         0          0          0          0          0          0   entry8b.o
         8          4          0          0          0          0   entry9a.o
        20         10          0          4          0        136   errno.o
        30          0          0          0          0          0   handlers.o
        36          8          0          0          0         68   init.o
         0          0          0          0          0          0   iusefp.o
        30          0          0          0          0         68   llshl.o
        36          0          0          0          0         68   llsshr.o
        32          0          0          0          0         68   llushr.o
       188         20          0          0          0        160   malloc.o
        36          0          0          0          0         68   memcpya.o
        36          0          0          0          0        108   memseta.o
         0          0          0          8          0          0   mvars.o
      2308         96          0          0          0        604   printfa.o
         0          0          0          4          0          0   stdout.o
        20          0          0          0          0         68   strchr.o
        14          0          0          0          0         68   strlen.o
        40          0          0          0          0         76   strncat.o
        30          0          0          0          0         80   strncmp.o
        36          0          0          0          0         80   strstr.o
       112          0          0          0          0         88   strtol.o
        12          0          0          0          0         68   tolower.o
        44          0          0          0          0         80   uidiv.o
        98          0          0          0          0         92   uldiv.o
        48          0          0          0          0         68   cdrcmple.o
        56          0          0          0          0         88   d2f.o
       334          0          0          0          0        148   dadd.o
       222          0          0          0          0        100   ddiv.o
       186          0          0          0          0        176   depilogue.o
        62          0          0          0          0         80   dfixi.o
        48          0          0          0          0         68   dfixul.o
        34          0          0          0          0         76   dflti.o
        26          0          0          0          0         76   dfltui.o
       228          0          0          0          0         96   dmul.o
        46          0          0          0          0         80   dscalb.o
       162          0          0          0          0        100   dsqrt.o
        38          0          0          0          0         68   f2d.o
       176          0          0          0          0        140   fadd.o
       124          0          0          0          0         88   fdiv.o
       110          0          0          0          0        168   fepilogue.o
        50          0          0          0          0         68   ffixi.o
        18          0          0          0          0         68   fflti.o
        10          0          0          0          0         68   ffltui.o
       100          0          0          0          0         76   fmul.o
        24          0          0          0          0         68   fscalb.o

    ----------------------------------------------------------------------
      8462        346        280         16          0       5236   Library Totals
         8          0          3          0          0          0   (incl. Padding)

    ----------------------------------------------------------------------

      Code (inc. data)   RO Data    RW Data    ZI Data      Debug   Library Name

      2868        200        144          0          0        912   m_ws.l
      3484        146        133         16          0       2356   mc_w.l
      2102          0          0          0          0       1968   mf_w.l

    ----------------------------------------------------------------------
      8462        346        280         16          0       5236   Library Totals

    ----------------------------------------------------------------------

==============================================================================


      Code (inc. data)   RO Data    RW Data    ZI Data      Debug   

     42632       3808       4524        652      31292    1023497   Grand Totals
     42632       3808       4524        236      31292    1023497   ELF Image Totals (compressed)
     42632       3808       4524        236          0          0   ROM Totals

==============================================================================

    Total RO  Size (Code + RO Data)                47156 (  46.05kB)
    Total RW  Size (RW Data + ZI Data)             31944 (  31.20kB)
    Total ROM Size (Code + RO Data + RW Data)      47392 (  46.28kB)

==============================================================================

