<html>
<body>
<pre>
<h1>µVision Build Log</h1>
<h2>Tool Versions:</h2>
IDE-Version: ¶ÃVision V5.28.0.0
Copyright (C) 2019 ARM Ltd and ARM Germany GmbH. All rights reserved.
License Information: 1 1581908489@qq.com, 1, LIC=Q7GU5-G88G5-D3JM3-AJUPF-HFE8C-DXIJ8
 
Tool Versions:
Toolchain:       MDK-ARM Professional  Version: 5.28.0.0
Toolchain Path:  D:\Keil_ARM\ARM\ARMCC\Bin
C Compiler:      Armcc.exe V5.06 update 6 (build 750)
Assembler:       Armasm.exe V5.06 update 6 (build 750)
Linker/Locator:  ArmLink.exe V5.06 update 6 (build 750)
Library Manager: ArmAr.exe V5.06 update 6 (build 750)
Hex Converter:   FromElf.exe V5.06 update 6 (build 750)
CPU DLL:         SARMCM3.DLL V5.28.0.0
Dialog DLL:      DCM.DLL V1.17.3.0
Target DLL:      STLink\ST-LINKIII-KEIL_SWO.dll V3.0.6.0
Dialog DLL:      TCM.DLL V1.36.2.0
 
<h2>Project:</h2>
D:\All_Project\Graduation_project\STM32Smart_home_health\Smart_home_health_Keil\MDK-ARM\Smart_home.uvprojx
Project File Date:  03/27/2025

<h2>Output:</h2>
*** Using Compiler 'V5.06 update 6 (build 750)', folder: 'D:\Keil_ARM\ARM\ARMCC\Bin'
Build target 'Smart_home'
compiling app_air_task.c...
compiling bsp_esp8266_driver.c...
compiling app_mqttRev_task.c...
compiling app_mqttSend_task.c...
compiling Cloud.c...
..\Middlewares\MQTT\Cloud.c(131): warning:  #870-D: invalid multibyte character sequence
  					DEBUG_LOG("Êï∞ÊçÆÂèëÈÄÅÂ§±Ë¥•ÔºÅÔº? \n");
..\Middlewares\MQTT\Cloud.c: 1 warning, 0 errors
compiling freertos.c...
linking...
Program Size: Code=42632 RO-data=4524 RW-data=652 ZI-data=31292  
FromELF: creating hex file...
"Smart_home\Smart_home.axf" - 0 Error(s), 1 Warning(s).

<h2>Software Packages used:</h2>

Package Vendor: ARM
                http://www.keil.com/pack/ARM.CMSIS.5.5.1.pack
                ARM.CMSIS.5.5.1
                CMSIS (Cortex Microcontroller Software Interface Standard)
   * Component: CORE Version: 5.2.0

Package Vendor: Keil
                http://www.keil.com/pack/Keil.STM32F2xx_DFP.2.10.0.pack
                Keil.STM32F2xx_DFP.2.10.0
                STMicroelectronics STM32F2 Series Device Support, Drivers and Examples

<h2>Collection of Component include folders:</h2>
  .\RTE\_Smart_home
  D:\Keil_ARM\ARM\CMSIS\5.5.1\CMSIS\Core\Include
  D:\Keil_ARM\Keil\STM32F2xx_DFP\2.10.0\Drivers\CMSIS\Device\ST\STM32F2xx\Include

<h2>Collection of Component Files used:</h2>

   * Component: ARM::CMSIS:CORE:5.2.0
Build Time Elapsed:  00:00:04
</pre>
</body>
</html>
